In Makefile.fallbacks: guessing/checking values
XDAQ_ROOT="/opt/xdaq"
XDAQ_OS already set to "linux"
XDAQ_PLATFORM already set to "x86_64_cc7"
Guessed undefined XDAQ_PLATFORM to "x86_64_cc7"
Calling make all in directory /home/cscdev/EMULIB_V15_Master_mod_by_Ange/emu/base/.loop using install
Calling make all in directory /home/cscdev/EMULIB_V15_Master_mod_by_Ange/emu/supervisor/.loop using install
Calling make all in directory /home/cscdev/EMULIB_V15_Master_mod_by_Ange/emu/soap/.loop using install
In Makefile.fallbacks: guessing/checking values
Calling make all in directory /home/cscdev/EMULIB_V15_Master_mod_by_Ange/emu/emuDCS/PeripheralCore/.loop using install
In Makefile.fallbacks: guessing/checking values
Calling make all in directory /home/cscdev/EMULIB_V15_Master_mod_by_Ange/emu/emuDCS/PeripheralApps/.loop using install
XDAQ_ROOT="/opt/xdaq"
In Makefile.fallbacks: guessing/checking values
Calling make all in directory /home/cscdev/EMULIB_V15_Master_mod_by_Ange/emu/emuDCS/PeripheralXtop/.loop using install
XDAQ_ROOT="/opt/xdaq"
In Makefile.fallbacks: guessing/checking values
XDAQ_OS already set to "linux"
Calling make all in directory /home/cscdev/EMULIB_V15_Master_mod_by_Ange/emu/emuDCS/OnlineDB/.loop using install
XDAQ_ROOT="/opt/xdaq"
In Makefile.fallbacks: guessing/checking values
Calling make all in directory /home/cscdev/EMULIB_V15_Master_mod_by_Ange/emu/emuDCS/FEDCore/.loop using install
XDAQ_ROOT="/opt/xdaq"
XDAQ_OS already set to "linux"
XDAQ_PLATFORM already set to "x86_64_cc7"
In Makefile.fallbacks: guessing/checking values
XDAQ_OS already set to "linux"
XDAQ_ROOT="/opt/xdaq"
In Makefile.fallbacks: guessing/checking values
XDAQ_OS already set to "linux"
Guessed undefined XDAQ_PLATFORM to "x86_64_cc7"
XDAQ_PLATFORM already set to "x86_64_cc7"
XDAQ_ROOT="/opt/xdaq"
XDAQ_PLATFORM already set to "x86_64_cc7"
In Makefile.fallbacks: guessing/checking values
XDAQ_OS already set to "linux"
XDAQ_ROOT="/opt/xdaq"
XDAQ_PLATFORM already set to "x86_64_cc7"
Guessed undefined XDAQ_PLATFORM to "x86_64_cc7"
XDAQ_OS already set to "linux"
Guessed undefined XDAQ_PLATFORM to "x86_64_cc7"
XDAQ_ROOT="/opt/xdaq"
XDAQ_PLATFORM already set to "x86_64_cc7"
XDAQ_OS already set to "linux"
Guessed undefined XDAQ_PLATFORM to "x86_64_cc7"
XDAQ_PLATFORM already set to "x86_64_cc7"
XDAQ_OS already set to "linux"
Guessed undefined XDAQ_PLATFORM to "x86_64_cc7"
XDAQ_PLATFORM already set to "x86_64_cc7"
Guessed undefined XDAQ_PLATFORM to "x86_64_cc7"
XDAQ_PLATFORM already set to "x86_64_cc7"
Guessed undefined XDAQ_PLATFORM to "x86_64_cc7"
Guessed undefined XDAQ_PLATFORM to "x86_64_cc7"
awk: cmd. line:1: fatal: cannot open file `/home/cscdev/EMULIB_V15_Master_mod_by_Ange/emu/emuDCS/PeripheralCore/include/emu/emuDCS/PeripheralCore/version.h' for reading (No such file or directory)
awk: cmd. line:1: fatal: cannot open file `/home/cscdev/EMULIB_V15_Master_mod_by_Ange/emu/emuDCS/PeripheralXtop/include/emu/emuDCS/PeripheralXtop/version.h' for reading (No such file or directory)
awk: cmd. line:1: fatal: cannot open file `/home/cscdev/EMULIB_V15_Master_mod_by_Ange/emu/emuDCS/FEDCore/include/emu/emuDCS/FEDCore/version.h' for reading (No such file or directory)
awk: cmd. line:1: fatal: cannot open file `/home/cscdev/EMULIB_V15_Master_mod_by_Ange/emu/emuDCS/OnlineDB/include/emu/emuDCS/OnlineDB/version.h' for reading (No such file or directory)
awk: cmd. line:1: fatal: cannot open file `/home/cscdev/EMULIB_V15_Master_mod_by_Ange/emu/emuDCS/PeripheralApps/include/emu/emuDCS/PeripheralApps/version.h' for reading (No such file or directory)
awk: cmd. line:1: fatal: cannot open file `/home/cscdev/EMULIB_V15_Master_mod_by_Ange/emu/emuDCS/PeripheralCore/include/emu/emuDCS/PeripheralCore/version.h' for reading (No such file or directory)
awk: cmd. line:1: fatal: cannot open file `/home/cscdev/EMULIB_V15_Master_mod_by_Ange/emu/emuDCS/PeripheralXtop/include/emu/emuDCS/PeripheralXtop/version.h' for reading (No such file or directory)
awk: cmd. line:1: fatal: cannot open file `/home/cscdev/EMULIB_V15_Master_mod_by_Ange/emu/emuDCS/FEDCore/include/emu/emuDCS/FEDCore/version.h' for reading (No such file or directory)
make[1]: Entering directory `/home/cscdev/EMULIB_V15_Master_mod_by_Ange/emu/soap'
make[1]: Entering directory `/home/cscdev/EMULIB_V15_Master_mod_by_Ange/emu/emuDCS/PeripheralCore'
Build done.
make[1]: Entering directory `/home/cscdev/EMULIB_V15_Master_mod_by_Ange/emu/emuDCS/FEDCore'
install -d /home/cscdev/EMULIB_V15_Master_mod_by_Ange/x86_64_cc7/lib /home/cscdev/EMULIB_V15_Master_mod_by_Ange/x86_64_cc7/bin /home/cscdev/EMULIB_V15_Master_mod_by_Ange/x86_64_cc7/include /home/cscdev/EMULIB_V15_Master_mod_by_Ange/x86_64_cc7/htdocs
cd include; find ./ \( -name "*.[hi]" -o -name "*.hpp" -o -name "*.hh" -o -name "*.hxx" \) -type f -exec install -p -D {} /home/cscdev/EMULIB_V15_Master_mod_by_Ange/x86_64_cc7/include/{} \;
echo Installing dynamic library.
cp -pd -p /home/cscdev/EMULIB_V15_Master_mod_by_Ange/emu/soap/lib/linux/x86_64_cc7/libemusoap.so* /home/cscdev/EMULIB_V15_Master_mod_by_Ange/x86_64_cc7/lib/
Build done.
install -d /home/cscdev/EMULIB_V15_Master_mod_by_Ange/x86_64_cc7/lib /home/cscdev/EMULIB_V15_Master_mod_by_Ange/x86_64_cc7/bin /home/cscdev/EMULIB_V15_Master_mod_by_Ange/x86_64_cc7/include /home/cscdev/EMULIB_V15_Master_mod_by_Ange/x86_64_cc7/htdocs
cd include; find ./ \( -name "*.[hi]" -o -name "*.hpp" -o -name "*.hh" -o -name "*.hxx" \) -type f -exec install -p -D {} /home/cscdev/EMULIB_V15_Master_mod_by_Ange/x86_64_cc7/include/{} \;
echo Installing dynamic library.
cp -pd -p /home/cscdev/EMULIB_V15_Master_mod_by_Ange/emu/emuDCS/PeripheralCore/lib/linux/x86_64_cc7/libEmuPeripheralCore.so* /home/cscdev/EMULIB_V15_Master_mod_by_Ange/x86_64_cc7/lib/
make[1]: Entering directory `/home/cscdev/EMULIB_V15_Master_mod_by_Ange/emu/base'
Build done.
install -d /home/cscdev/EMULIB_V15_Master_mod_by_Ange/x86_64_cc7/lib /home/cscdev/EMULIB_V15_Master_mod_by_Ange/x86_64_cc7/bin /home/cscdev/EMULIB_V15_Master_mod_by_Ange/x86_64_cc7/include /home/cscdev/EMULIB_V15_Master_mod_by_Ange/x86_64_cc7/htdocs
cd include; find ./ \( -name "*.[hi]" -o -name "*.hpp" -o -name "*.hh" -o -name "*.hxx" \) -type f -exec install -p -D {} /home/cscdev/EMULIB_V15_Master_mod_by_Ange/x86_64_cc7/include/{} \;
echo Installing dynamic library.
cp -pd -p /home/cscdev/EMULIB_V15_Master_mod_by_Ange/emu/emuDCS/FEDCore/lib/linux/x86_64_cc7/libEmuFEDCore.so* /home/cscdev/EMULIB_V15_Master_mod_by_Ange/x86_64_cc7/lib/
awk: cmd. line:1: fatal: cannot open file `/home/cscdev/EMULIB_V15_Master_mod_by_Ange/emu/emuDCS/OnlineDB/include/emu/emuDCS/OnlineDB/version.h' for reading (No such file or directory)
Build done.
install -d /home/cscdev/EMULIB_V15_Master_mod_by_Ange/x86_64_cc7/lib /home/cscdev/EMULIB_V15_Master_mod_by_Ange/x86_64_cc7/bin /home/cscdev/EMULIB_V15_Master_mod_by_Ange/x86_64_cc7/include /home/cscdev/EMULIB_V15_Master_mod_by_Ange/x86_64_cc7/htdocs
cd include; find ./ \( -name "*.[hi]" -o -name "*.hpp" -o -name "*.hh" -o -name "*.hxx" \) -type f -exec install -p -D {} /home/cscdev/EMULIB_V15_Master_mod_by_Ange/x86_64_cc7/include/{} \;
echo Installing image files.
mkdir -p /home/cscdev/EMULIB_V15_Master_mod_by_Ange/x86_64_cc7/htdocs/emu/base/images
cd /home/cscdev/EMULIB_V15_Master_mod_by_Ange/emu/base/images; find ./ -name "*" -type f -exec install -D -m 655 {} /home/cscdev/EMULIB_V15_Master_mod_by_Ange/x86_64_cc7/htdocs/emu/base/images/{} \;
echo Installing html files.
mkdir -p /home/cscdev/EMULIB_V15_Master_mod_by_Ange/x86_64_cc7/htdocs/emu/base/html
cd /home/cscdev/EMULIB_V15_Master_mod_by_Ange/emu/base/html; find ./ -name "*" -type f -exec install -D -m 655 {} /home/cscdev/EMULIB_V15_Master_mod_by_Ange/x86_64_cc7/htdocs/emu/base/html/{} \;
echo  Installing xml files.
mkdir -p /home/cscdev/EMULIB_V15_Master_mod_by_Ange/x86_64_cc7/htdocs/emu/base/xml
cd /home/cscdev/EMULIB_V15_Master_mod_by_Ange/emu/base/xml; find ./ -name "*" -type f -exec install -D -m 655 {} /home/cscdev/EMULIB_V15_Master_mod_by_Ange/x86_64_cc7/htdocs/emu/base/xml/{} \;
echo Installing dynamic library.
cp -pd -p /home/cscdev/EMULIB_V15_Master_mod_by_Ange/emu/base/lib/linux/x86_64_cc7/libemubase.so* /home/cscdev/EMULIB_V15_Master_mod_by_Ange/x86_64_cc7/lib/
make[1]: Entering directory `/home/cscdev/EMULIB_V15_Master_mod_by_Ange/emu/emuDCS/OnlineDB'
Build done.
install -d /home/cscdev/EMULIB_V15_Master_mod_by_Ange/x86_64_cc7/lib /home/cscdev/EMULIB_V15_Master_mod_by_Ange/x86_64_cc7/bin /home/cscdev/EMULIB_V15_Master_mod_by_Ange/x86_64_cc7/include /home/cscdev/EMULIB_V15_Master_mod_by_Ange/x86_64_cc7/htdocs
cd include; find ./ \( -name "*.[hi]" -o -name "*.hpp" -o -name "*.hh" -o -name "*.hxx" \) -type f -exec install -p -D {} /home/cscdev/EMULIB_V15_Master_mod_by_Ange/x86_64_cc7/include/{} \;
echo Installing html files.
mkdir -p /home/cscdev/EMULIB_V15_Master_mod_by_Ange/x86_64_cc7/htdocs/emu/emuDCS/OnlineDB/html
cd /home/cscdev/EMULIB_V15_Master_mod_by_Ange/emu/emuDCS/OnlineDB/html; find ./ -name "*" -type f -exec install -D -m 655 {} /home/cscdev/EMULIB_V15_Master_mod_by_Ange/x86_64_cc7/htdocs/emu/emuDCS/OnlineDB/html/{} \;
echo Installing scripts files.
mkdir -p /home/cscdev/EMULIB_V15_Master_mod_by_Ange/x86_64_cc7/scripts/emu/emuDCS/OnlineDB/scripts
cd /home/cscdev/EMULIB_V15_Master_mod_by_Ange/emu/emuDCS/OnlineDB/scripts; find ./ -name "*" -type f -exec install -D -m 655 {} /home/cscdev/EMULIB_V15_Master_mod_by_Ange/x86_64_cc7/scripts/emu/emuDCS/OnlineDB/scripts/{} \;
echo  Installing xml files.
mkdir -p /home/cscdev/EMULIB_V15_Master_mod_by_Ange/x86_64_cc7/htdocs/emu/emuDCS/OnlineDB/xml
cd /home/cscdev/EMULIB_V15_Master_mod_by_Ange/emu/emuDCS/OnlineDB/xml; find ./ -name "*" -type f -exec install -D -m 655 {} /home/cscdev/EMULIB_V15_Master_mod_by_Ange/x86_64_cc7/htdocs/emu/emuDCS/OnlineDB/xml/{} \;
echo Installing dynamic library.
cp -pd -p /home/cscdev/EMULIB_V15_Master_mod_by_Ange/emu/emuDCS/OnlineDB/lib/linux/x86_64_cc7/libEmuOnlineDB.so* /home/cscdev/EMULIB_V15_Master_mod_by_Ange/x86_64_cc7/lib/
awk: cmd. line:1: fatal: cannot open file `/home/cscdev/EMULIB_V15_Master_mod_by_Ange/emu/emuDCS/PeripheralApps/include/emu/emuDCS/PeripheralApps/version.h' for reading (No such file or directory)
Installing dynamic library.
make[1]: Leaving directory `/home/cscdev/EMULIB_V15_Master_mod_by_Ange/emu/soap'
Calling make all in directory /home/cscdev/EMULIB_V15_Master_mod_by_Ange/emu/emuDCS/FEDUtils/.loop using install
In Makefile.fallbacks: guessing/checking values
XDAQ_ROOT="/opt/xdaq"
XDAQ_OS already set to "linux"
XDAQ_PLATFORM already set to "x86_64_cc7"
Guessed undefined XDAQ_PLATFORM to "x86_64_cc7"
Installing dynamic library.
make[1]: Entering directory `/home/cscdev/EMULIB_V15_Master_mod_by_Ange/emu/emuDCS/PeripheralXtop'
make[1]: Leaving directory `/home/cscdev/EMULIB_V15_Master_mod_by_Ange/emu/emuDCS/FEDCore'
Build done.
install -d /home/cscdev/EMULIB_V15_Master_mod_by_Ange/x86_64_cc7/lib /home/cscdev/EMULIB_V15_Master_mod_by_Ange/x86_64_cc7/bin /home/cscdev/EMULIB_V15_Master_mod_by_Ange/x86_64_cc7/include /home/cscdev/EMULIB_V15_Master_mod_by_Ange/x86_64_cc7/htdocs
cd include; find ./ \( -name "*.[hi]" -o -name "*.hpp" -o -name "*.hh" -o -name "*.hxx" \) -type f -exec install -p -D {} /home/cscdev/EMULIB_V15_Master_mod_by_Ange/x86_64_cc7/include/{} \;
echo Installing dynamic library.
cp -pd -p /home/cscdev/EMULIB_V15_Master_mod_by_Ange/emu/emuDCS/PeripheralXtop/lib/linux/x86_64_cc7/libEmuPeripheralXtop.so* /home/cscdev/EMULIB_V15_Master_mod_by_Ange/x86_64_cc7/lib/
Calling make all in directory /home/cscdev/EMULIB_V15_Master_mod_by_Ange/emu/emuDCS/FEDApps/.loop using install
In Makefile.fallbacks: guessing/checking values
XDAQ_ROOT="/opt/xdaq"
awk: cmd. line:1: fatal: cannot open file `/home/cscdev/EMULIB_V15_Master_mod_by_Ange/emu/emuDCS/FEDUtils/include/emu/emuDCS/FEDUtils/version.h' for reading (No such file or directory)
make[1]: Entering directory `/home/cscdev/EMULIB_V15_Master_mod_by_Ange/emu/supervisor'
XDAQ_OS already set to "linux"
Build done.
install -d /home/cscdev/EMULIB_V15_Master_mod_by_Ange/x86_64_cc7/lib /home/cscdev/EMULIB_V15_Master_mod_by_Ange/x86_64_cc7/bin /home/cscdev/EMULIB_V15_Master_mod_by_Ange/x86_64_cc7/include /home/cscdev/EMULIB_V15_Master_mod_by_Ange/x86_64_cc7/htdocs
cd include; find ./ \( -name "*.[hi]" -o -name "*.hpp" -o -name "*.hh" -o -name "*.hxx" \) -type f -exec install -p -D {} /home/cscdev/EMULIB_V15_Master_mod_by_Ange/x86_64_cc7/include/{} \;
echo Installing html files.
mkdir -p /home/cscdev/EMULIB_V15_Master_mod_by_Ange/x86_64_cc7/htdocs/emu/supervisor/html
cd /home/cscdev/EMULIB_V15_Master_mod_by_Ange/emu/supervisor/html; find ./ -name "*" -type f -exec install -D -m 655 {} /home/cscdev/EMULIB_V15_Master_mod_by_Ange/x86_64_cc7/htdocs/emu/supervisor/html/{} \;
echo  Installing xml files.
mkdir -p /home/cscdev/EMULIB_V15_Master_mod_by_Ange/x86_64_cc7/htdocs/emu/supervisor/xml
cd /home/cscdev/EMULIB_V15_Master_mod_by_Ange/emu/supervisor/xml; find ./ -name "*" -type f -exec install -D -m 655 {} /home/cscdev/EMULIB_V15_Master_mod_by_Ange/x86_64_cc7/htdocs/emu/supervisor/xml/{} \;
echo Installing dynamic library.
cp -pd -p /home/cscdev/EMULIB_V15_Master_mod_by_Ange/emu/supervisor/lib/linux/x86_64_cc7/libemusupervisor.so* /home/cscdev/EMULIB_V15_Master_mod_by_Ange/x86_64_cc7/lib/
XDAQ_PLATFORM already set to "x86_64_cc7"
Guessed undefined XDAQ_PLATFORM to "x86_64_cc7"
make[1]: Entering directory `/home/cscdev/EMULIB_V15_Master_mod_by_Ange/emu/emuDCS/PeripheralApps'
Build done.
install -d /home/cscdev/EMULIB_V15_Master_mod_by_Ange/x86_64_cc7/lib /home/cscdev/EMULIB_V15_Master_mod_by_Ange/x86_64_cc7/bin /home/cscdev/EMULIB_V15_Master_mod_by_Ange/x86_64_cc7/include /home/cscdev/EMULIB_V15_Master_mod_by_Ange/x86_64_cc7/htdocs
cd include; find ./ \( -name "*.[hi]" -o -name "*.hpp" -o -name "*.hh" -o -name "*.hxx" \) -type f -exec install -p -D {} /home/cscdev/EMULIB_V15_Master_mod_by_Ange/x86_64_cc7/include/{} \;
echo  Installing xml files.
mkdir -p /home/cscdev/EMULIB_V15_Master_mod_by_Ange/x86_64_cc7/htdocs/emu/emuDCS/PeripheralApps/xml
cd /home/cscdev/EMULIB_V15_Master_mod_by_Ange/emu/emuDCS/PeripheralApps/xml; find ./ -name "*" -type f -exec install -D -m 655 {} /home/cscdev/EMULIB_V15_Master_mod_by_Ange/x86_64_cc7/htdocs/emu/emuDCS/PeripheralApps/xml/{} \;
echo Installing dynamic library.
cp -pd -p /home/cscdev/EMULIB_V15_Master_mod_by_Ange/emu/emuDCS/PeripheralApps/lib/linux/x86_64_cc7/libEmuPeripheralApps.so* /home/cscdev/EMULIB_V15_Master_mod_by_Ange/x86_64_cc7/lib/
Installing dynamic library.
awk: cmd. line:1: fatal: cannot open file `/home/cscdev/EMULIB_V15_Master_mod_by_Ange/emu/emuDCS/FEDUtils/include/emu/emuDCS/FEDUtils/version.h' for reading (No such file or directory)
awk: cmd. line:1: fatal: cannot open file `/home/cscdev/EMULIB_V15_Master_mod_by_Ange/emu/emuDCS/FEDApps/include/emu/emuDCS/FEDApps/version.h' for reading (No such file or directory)
make[1]: Leaving directory `/home/cscdev/EMULIB_V15_Master_mod_by_Ange/emu/emuDCS/PeripheralXtop'
make[1]: Entering directory `/home/cscdev/EMULIB_V15_Master_mod_by_Ange/emu/emuDCS/FEDUtils'
Build done.
install -d /home/cscdev/EMULIB_V15_Master_mod_by_Ange/x86_64_cc7/lib /home/cscdev/EMULIB_V15_Master_mod_by_Ange/x86_64_cc7/bin /home/cscdev/EMULIB_V15_Master_mod_by_Ange/x86_64_cc7/include /home/cscdev/EMULIB_V15_Master_mod_by_Ange/x86_64_cc7/htdocs
cd include; find ./ \( -name "*.[hi]" -o -name "*.hpp" -o -name "*.hh" -o -name "*.hxx" \) -type f -exec install -p -D {} /home/cscdev/EMULIB_V15_Master_mod_by_Ange/x86_64_cc7/include/{} \;
echo  Installing xml files.
mkdir -p /home/cscdev/EMULIB_V15_Master_mod_by_Ange/x86_64_cc7/htdocs/emu/emuDCS/FEDUtils/xml
cd /home/cscdev/EMULIB_V15_Master_mod_by_Ange/emu/emuDCS/FEDUtils/xml; find ./ -name "*" -type f -exec install -D -m 655 {} /home/cscdev/EMULIB_V15_Master_mod_by_Ange/x86_64_cc7/htdocs/emu/emuDCS/FEDUtils/xml/{} \;
echo Installing dynamic library.
cp -pd -p /home/cscdev/EMULIB_V15_Master_mod_by_Ange/emu/emuDCS/FEDUtils/lib/linux/x86_64_cc7/libEmuFEDUtils.so* /home/cscdev/EMULIB_V15_Master_mod_by_Ange/x86_64_cc7/lib/
Calling make all in directory /home/cscdev/EMULIB_V15_Master_mod_by_Ange/emu/emuDCS/CSCGEMTestStand/.loop using install
In Makefile.fallbacks: guessing/checking values
Installing html files.
XDAQ_ROOT="/opt/xdaq"
XDAQ_OS already set to "linux"
XDAQ_PLATFORM already set to "x86_64_cc7"
Guessed undefined XDAQ_PLATFORM to "x86_64_cc7"
Installing scripts files.
awk: cmd. line:1: fatal: cannot open file `/home/cscdev/EMULIB_V15_Master_mod_by_Ange/emu/emuDCS/FEDApps/include/emu/emuDCS/FEDApps/version.h' for reading (No such file or directory)
make[1]: Entering directory `/home/cscdev/EMULIB_V15_Master_mod_by_Ange/emu/emuDCS/FEDApps'
Build done.
install -d /home/cscdev/EMULIB_V15_Master_mod_by_Ange/x86_64_cc7/lib /home/cscdev/EMULIB_V15_Master_mod_by_Ange/x86_64_cc7/bin /home/cscdev/EMULIB_V15_Master_mod_by_Ange/x86_64_cc7/include /home/cscdev/EMULIB_V15_Master_mod_by_Ange/x86_64_cc7/htdocs
cd include; find ./ \( -name "*.[hi]" -o -name "*.hpp" -o -name "*.hh" -o -name "*.hxx" \) -type f -exec install -p -D {} /home/cscdev/EMULIB_V15_Master_mod_by_Ange/x86_64_cc7/include/{} \;
echo Installing image files.
mkdir -p /home/cscdev/EMULIB_V15_Master_mod_by_Ange/x86_64_cc7/htdocs/emu/emuDCS/FEDApps/images
cd /home/cscdev/EMULIB_V15_Master_mod_by_Ange/emu/emuDCS/FEDApps/images; find ./ -name "*" -type f -exec install -D -m 655 {} /home/cscdev/EMULIB_V15_Master_mod_by_Ange/x86_64_cc7/htdocs/emu/emuDCS/FEDApps/images/{} \;
echo Installing html files.
mkdir -p /home/cscdev/EMULIB_V15_Master_mod_by_Ange/x86_64_cc7/htdocs/emu/emuDCS/FEDApps/html
cd /home/cscdev/EMULIB_V15_Master_mod_by_Ange/emu/emuDCS/FEDApps/html; find ./ -name "*" -type f -exec install -D -m 655 {} /home/cscdev/EMULIB_V15_Master_mod_by_Ange/x86_64_cc7/htdocs/emu/emuDCS/FEDApps/html/{} \;
echo Installing dynamic library.
cp -pd -p /home/cscdev/EMULIB_V15_Master_mod_by_Ange/emu/emuDCS/FEDApps/lib/linux/x86_64_cc7/libEmuFEDApps.so* /home/cscdev/EMULIB_V15_Master_mod_by_Ange/x86_64_cc7/lib/
awk: cmd. line:1: fatal: cannot open file `/home/cscdev/EMULIB_V15_Master_mod_by_Ange/emu/emuDCS/CSCGEMTestStand/include/emu/emuDCS/CSCGEMTestStand/version.h' for reading (No such file or directory)
Installing image files.
Installing html files.
Installing dynamic library.
Installing xml files.
Installing html files.
Installing xml files.
Installing dynamic library.
make[1]: Leaving directory `/home/cscdev/EMULIB_V15_Master_mod_by_Ange/emu/emuDCS/PeripheralCore'
awk: cmd. line:1: fatal: cannot open file `/home/cscdev/EMULIB_V15_Master_mod_by_Ange/emu/emuDCS/CSCGEMTestStand/include/emu/emuDCS/CSCGEMTestStand/version.h' for reading (No such file or directory)
make[1]: Leaving directory `/home/cscdev/EMULIB_V15_Master_mod_by_Ange/emu/supervisor'
Installing dynamic library.
make[1]: Leaving directory `/home/cscdev/EMULIB_V15_Master_mod_by_Ange/emu/emuDCS/OnlineDB'
Installing xml files.
Installing xml files.
Installing dynamic library.
make[1]: Leaving directory `/home/cscdev/EMULIB_V15_Master_mod_by_Ange/emu/base'
make[1]: Entering directory `/home/cscdev/EMULIB_V15_Master_mod_by_Ange/emu/emuDCS/CSCGEMTestStand'
mkdir -p /home/cscdev/EMULIB_V15_Master_mod_by_Ange/emu/emuDCS/CSCGEMTestStand/src/linux/x86_64_cc7
/bin/sh -ec 'g++  -MM -g -O0 -Wall -fPIC -std=c++11 -DOS_VERSION_CODE=199168 -Dx86_64_cc7 -Dlinux -DLITTLE_ENDIAN__ -I/home/cscdev/EMULIB_V15_Master_mod_by_Ange/emu/emuDCS/CSCGEMTestStand/include/linux -I/home/cscdev/EMULIB_V15_Master_mod_by_Ange/emu/emuDCS/CSCGEMTestStand/include -I/opt/xdaq/include -I/home/cscdev/EMULIB_V15_Master_mod_by_Ange/emu/emuDCS/CSCGEMTestStand/include -I/home/cscdev/EMULIB_V15_Master_mod_by_Ange/emu/emuDCS/CSCGEMTestStand/include/emu/pc -I/home/cscdev/EMULIB_V15_Master_mod_by_Ange/emu/emuDCS/OnlineDB/include -I/home/cscdev/EMULIB_V15_Master_mod_by_Ange/emu/base/include -I/home/cscdev/EMULIB_V15_Master_mod_by_Ange/emu/soap/include -I/home/cscdev/EMULIB_V15_Master_mod_by_Ange/emu/emuDCS/PeripheralCore/include -I/home/cscdev/EMULIB_V15_Master_mod_by_Ange/emu/emuDCS/PeripheralApps/include -I/home/cscdev/EMULIB_V15_Master_mod_by_Ange/x86_64_cc7/include -I/home/cscdev/EMULIB_V15_Master_mod_by_Ange/x86_64_cc7/include/linux -I/opt/xdaq/include -I/opt/xdaq/include/linux  /home/cscdev/EMULIB_V15_Master_mod_by_Ange/emu/emuDCS/CSCGEMTestStand/src/common/CSCGEMTestApplication.cc > /home/cscdev/EMULIB_V15_Master_mod_by_Ange/emu/emuDCS/CSCGEMTestStand/src/linux/x86_64_cc7/CSCGEMTestApplication.d' 
sed -e 's/\(CSCGEMTestApplication\)\.o[:]*/\/home\/cscdev\/EMULIB_V15_Master_mod_by_Ange\/emu\/emuDCS\/CSCGEMTestStand\/src\/linux\/x86_64_cc7\/CSCGEMTestApplication.o \/home\/cscdev\/EMULIB_V15_Master_mod_by_Ange\/emu\/emuDCS\/CSCGEMTestStand\/src\/linux\/x86_64_cc7\/CSCGEMTestApplication.d : /g' /home/cscdev/EMULIB_V15_Master_mod_by_Ange/emu/emuDCS/CSCGEMTestStand/src/linux/x86_64_cc7/CSCGEMTestApplication.d >>  /home/cscdev/EMULIB_V15_Master_mod_by_Ange/emu/emuDCS/CSCGEMTestStand/src/linux/x86_64_cc7/CSCGEMTestApplication.d.bak
mv /home/cscdev/EMULIB_V15_Master_mod_by_Ange/emu/emuDCS/CSCGEMTestStand/src/linux/x86_64_cc7/CSCGEMTestApplication.d.bak /home/cscdev/EMULIB_V15_Master_mod_by_Ange/emu/emuDCS/CSCGEMTestStand/src/linux/x86_64_cc7/CSCGEMTestApplication.d
cp -f /home/cscdev/EMULIB_V15_Master_mod_by_Ange/emu/emuDCS/CSCGEMTestStand/src/linux/x86_64_cc7/CSCGEMTestApplication.d /home/cscdev/EMULIB_V15_Master_mod_by_Ange/emu/emuDCS/CSCGEMTestStand/src/linux/x86_64_cc7/CSCGEMTestApplication.d.tmp
sed -e 's/.*://' -e 's/\\$//' < /home/cscdev/EMULIB_V15_Master_mod_by_Ange/emu/emuDCS/CSCGEMTestStand/src/linux/x86_64_cc7/CSCGEMTestApplication.d.tmp | fmt -1 | \
  sed -e 's/^ *//' -e 's/$/:/' >> /home/cscdev/EMULIB_V15_Master_mod_by_Ange/emu/emuDCS/CSCGEMTestStand/src/linux/x86_64_cc7/CSCGEMTestApplication.d
rm -f /home/cscdev/EMULIB_V15_Master_mod_by_Ange/emu/emuDCS/CSCGEMTestStand/src/linux/x86_64_cc7/CSCGEMTestApplication.d.tmp
Installing xml files.
Installing dynamic library.
Installing image files.
make[1]: Leaving directory `/home/cscdev/EMULIB_V15_Master_mod_by_Ange/emu/emuDCS/FEDUtils'
Installing dynamic library.
Installing html files.
make[1]: Leaving directory `/home/cscdev/EMULIB_V15_Master_mod_by_Ange/emu/emuDCS/PeripheralApps'
make[1]: Leaving directory `/home/cscdev/EMULIB_V15_Master_mod_by_Ange/emu/emuDCS/CSCGEMTestStand'
In Makefile.fallbacks: guessing/checking values
XDAQ_ROOT="/opt/xdaq"
XDAQ_OS already set to "linux"
XDAQ_PLATFORM already set to "x86_64_cc7"
Guessed undefined XDAQ_PLATFORM to "x86_64_cc7"
Installing dynamic library.
awk: cmd. line:1: fatal: cannot open file `/home/cscdev/EMULIB_V15_Master_mod_by_Ange/emu/emuDCS/CSCGEMTestStand/include/emu/emuDCS/CSCGEMTestStand/version.h' for reading (No such file or directory)
awk: cmd. line:1: fatal: cannot open file `/home/cscdev/EMULIB_V15_Master_mod_by_Ange/emu/emuDCS/CSCGEMTestStand/include/emu/emuDCS/CSCGEMTestStand/version.h' for reading (No such file or directory)
make[1]: Leaving directory `/home/cscdev/EMULIB_V15_Master_mod_by_Ange/emu/emuDCS/FEDApps'
make[1]: Entering directory `/home/cscdev/EMULIB_V15_Master_mod_by_Ange/emu/emuDCS/CSCGEMTestStand'
g++  -g -O0 -Wall -fPIC -std=c++11 -DOS_VERSION_CODE=199168 -Dx86_64_cc7 -Dlinux -DLITTLE_ENDIAN__ -I/home/cscdev/EMULIB_V15_Master_mod_by_Ange/emu/emuDCS/CSCGEMTestStand/include/linux -I/home/cscdev/EMULIB_V15_Master_mod_by_Ange/emu/emuDCS/CSCGEMTestStand/include -I/opt/xdaq/include -I/home/cscdev/EMULIB_V15_Master_mod_by_Ange/emu/emuDCS/CSCGEMTestStand/include -I/home/cscdev/EMULIB_V15_Master_mod_by_Ange/emu/emuDCS/CSCGEMTestStand/include/emu/pc -I/home/cscdev/EMULIB_V15_Master_mod_by_Ange/emu/emuDCS/OnlineDB/include -I/home/cscdev/EMULIB_V15_Master_mod_by_Ange/emu/base/include -I/home/cscdev/EMULIB_V15_Master_mod_by_Ange/emu/soap/include -I/home/cscdev/EMULIB_V15_Master_mod_by_Ange/emu/emuDCS/PeripheralCore/include -I/home/cscdev/EMULIB_V15_Master_mod_by_Ange/emu/emuDCS/PeripheralApps/include -I/home/cscdev/EMULIB_V15_Master_mod_by_Ange/x86_64_cc7/include -I/home/cscdev/EMULIB_V15_Master_mod_by_Ange/x86_64_cc7/include/linux -I/opt/xdaq/include -I/opt/xdaq/include/linux -c -o /home/cscdev/EMULIB_V15_Master_mod_by_Ange/emu/emuDCS/CSCGEMTestStand/src/linux/x86_64_cc7/CSCGEMTestApplication.o /home/cscdev/EMULIB_V15_Master_mod_by_Ange/emu/emuDCS/CSCGEMTestStand/src/common/CSCGEMTestApplication.cc
In file included from /home/cscdev/EMULIB_V15_Master_mod_by_Ange/emu/emuDCS/CSCGEMTestStand/src/common/CSCGEMTestApplication.cc:13:0:
/home/cscdev/EMULIB_V15_Master_mod_by_Ange/emu/emuDCS/CSCGEMTestStand/include/emu/pc/CSCGEMTestApplication.h:122:35: warning: multi-character character constant [-Wmultichar]
   char CFEB0123_delay_char[32] = {'20'};
                                   ^
/home/cscdev/EMULIB_V15_Master_mod_by_Ange/emu/emuDCS/CSCGEMTestStand/include/emu/pc/CSCGEMTestApplication.h:123:35: warning: multi-character character constant [-Wmultichar]
   char CFEB456_delay_char[32] =  {'20'};
                                   ^
/home/cscdev/EMULIB_V15_Master_mod_by_Ange/emu/emuDCS/CSCGEMTestStand/include/emu/pc/CSCGEMTestApplication.h:122:39: warning: narrowing conversion of ‘12848’ from ‘int’ to ‘char’ inside { } [-Wnarrowing]
   char CFEB0123_delay_char[32] = {'20'};
                                       ^
/home/cscdev/EMULIB_V15_Master_mod_by_Ange/emu/emuDCS/CSCGEMTestStand/include/emu/pc/CSCGEMTestApplication.h:122:39: warning: overflow in implicit constant conversion [-Woverflow]
/home/cscdev/EMULIB_V15_Master_mod_by_Ange/emu/emuDCS/CSCGEMTestStand/include/emu/pc/CSCGEMTestApplication.h:123:39: warning: narrowing conversion of ‘12848’ from ‘int’ to ‘char’ inside { } [-Wnarrowing]
   char CFEB456_delay_char[32] =  {'20'};
                                       ^
/home/cscdev/EMULIB_V15_Master_mod_by_Ange/emu/emuDCS/CSCGEMTestStand/include/emu/pc/CSCGEMTestApplication.h:123:39: warning: overflow in implicit constant conversion [-Woverflow]
/home/cscdev/EMULIB_V15_Master_mod_by_Ange/emu/emuDCS/CSCGEMTestStand/src/common/CSCGEMTestApplication.cc: In constructor ‘emu::pc::CSCGEMTestApplication::CSCGEMTestApplication(xdaq::ApplicationStub*)’:
/home/cscdev/EMULIB_V15_Master_mod_by_Ange/emu/emuDCS/CSCGEMTestStand/src/common/CSCGEMTestApplication.cc:157:31: warning: zero-length gnu_printf format string [-Wformat-zero-length]
     sprintf(GemtxtMounNchar,"");
                               ^
/home/cscdev/EMULIB_V15_Master_mod_by_Ange/emu/emuDCS/CSCGEMTestStand/src/common/CSCGEMTestApplication.cc:234:22: warning: deprecated conversion from string constant to ‘char*’ [-Wwrite-strings]
     EmuBoardLocation = "/dev/schar3";
                      ^
/home/cscdev/EMULIB_V15_Master_mod_by_Ange/emu/emuDCS/CSCGEMTestStand/src/common/CSCGEMTestApplication.cc:259:33: warning: zero-length gnu_printf format string [-Wformat-zero-length]
       sprintf(testingarray[i],"");
                                 ^
/home/cscdev/EMULIB_V15_Master_mod_by_Ange/emu/emuDCS/CSCGEMTestStand/src/common/CSCGEMTestApplication.cc: In member function ‘void emu::pc::CSCGEMTestApplication::Default(xgi::Input*, xgi::Output*)’:
/home/cscdev/EMULIB_V15_Master_mod_by_Ange/emu/emuDCS/CSCGEMTestStand/src/common/CSCGEMTestApplication.cc:599:40: warning: comparison between signed and unsigned integer expressions [-Wsign-compare]
     for(int i=0; i < CCLUT_ps_vec.size(); i++){
                                        ^
/home/cscdev/EMULIB_V15_Master_mod_by_Ange/emu/emuDCS/CSCGEMTestStand/src/common/CSCGEMTestApplication.cc:609:44: warning: comparison between signed and unsigned integer expressions [-Wsign-compare]
     for(int i=0; i < Free_paramsCCLUT.size(); i++){
                                            ^
/home/cscdev/EMULIB_V15_Master_mod_by_Ange/emu/emuDCS/CSCGEMTestStand/src/common/CSCGEMTestApplication.cc:707:47: warning: comparison between signed and unsigned integer expressions [-Wsign-compare]
     for(int i=0; i < patternSet.CSCCLCTs.size(); i++){
                                               ^
/home/cscdev/EMULIB_V15_Master_mod_by_Ange/emu/emuDCS/CSCGEMTestStand/src/common/CSCGEMTestApplication.cc:716:42: warning: comparison between signed and unsigned integer expressions [-Wsign-compare]
     for(int i=0; i < patternSet.LUT.size(); i++){
                                          ^
/home/cscdev/EMULIB_V15_Master_mod_by_Ange/emu/emuDCS/CSCGEMTestStand/src/common/CSCGEMTestApplication.cc:760:48: warning: comparison between signed and unsigned integer expressions [-Wsign-compare]
     for(int i=0; i < patternSet.Results_l.size(); i++){
                                                ^
/home/cscdev/EMULIB_V15_Master_mod_by_Ange/emu/emuDCS/CSCGEMTestStand/src/common/CSCGEMTestApplication.cc:793:13: warning: unknown escape sequence: '\/' [enabled by default]
     *out << "<table><tbody><tr><td><table><tbody><tr><td>~<\/td><td>~<\/td><td>~<\/td><td>~<\/td><td><input type=\"radio\" value=\"3\" id=\"BiD4row0col0\" name=\"BiD4row0\" value=\"X\"><\/td><td><input type=\"radio\" value=\"2\" id=\"BiD4row0col1\" name=\"BiD4row0\" value=\"X\"><\/td><td><input type=\"radio\" value=\"1\" id=\"BiD4row0col2\" name=\"BiD4row0\" value=\"X\"><\/td><td>~<\/td><td>~<\/td><td>~<\/td><td>~<\/td><\/tr><tr><td>~<\/td><td>~<\/td><td>~<\/td><td>~<\/td><td><input type=\"radio\" value=\"3\" id=\"BiD4row1col0\" name=\"BiD4row1\" value=\"X\"><\/td><td><input type=\"radio\" value=\"2\" id=\"BiD4row1col1\" name=\"BiD4row1\" value=\"X\"><\/td><td><input type=\"radio\" value=\"1\" id=\"BiD4row1col2\" name=\"BiD4row1\" value=\"X\"><\/td><td>~<\/td><td>~<\/td><td>~<\/td><td>~<\/td><\/tr><tr><td>~<\/td><td>~<\/td><td>~<\/td><td>~<\/td><td><input type=\"radio\" value=\"3\" id=\"BiD4row2col0\" name=\"BiD4row2\" value=\"X\"><\/td><td><input type=\"radio\" value=\"2\" id=\"BiD4row2col1\" name=\"BiD4row2\" value=\"X\"><\/td><td><input type=\"radio\" value=\"1\" id=\"BiD4row2col2\" name=\"BiD4row2\" value=\"X\"><\/td><td>~<\/td><td>~<\/td><td>~<\/td><td>~<\/td><\/tr><tr><td>~<\/td><td>~<\/td><td>~<\/td><td>~<\/td><td><input type=\"radio\" value=\"3\" id=\"BiD4row3col0\" name=\"BiD4row3\" value=\"X\"><\/td><td><input type=\"radio\" value=\"2\" id=\"BiD4row3col1\" name=\"BiD4row3\" value=\"X\"><\/td><td><input type=\"radio\" value=\"1\" id=\"BiD4row3col2\" name=\"BiD4row3\" value=\"X\"><\/td><td>~<\/td><td>~<\/td><td>~<\/td><td>~<\/td><\/tr><tr><td>~<\/td><td>~<\/td><td>~<\/td><td>~<\/td><td><input type=\"radio\" value=\"3\" id=\"BiD4row4col0\" name=\"BiD4row4\" value=\"X\"><\/td><td><input type=\"radio\" value=\"2\" id=\"BiD4row4col1\" name=\"BiD4row4\" value=\"X\"><\/td><td><input type=\"radio\" value=\"1\" id=\"BiD4row4col2\" name=\"BiD4row4\" value=\"X\"><\/td><td>~<\/td><td>~<\/td><td>~<\/td><td>~<\/td><\/tr><tr><td>~<\/td><td>~<\/td><td>~<\/td><td>~<\/td><td><input type=\"radio\" value=\"3\" id=\"BiD4row5col0\" name=\"BiD4row5\" value=\"X\"><\/td><td><input type=\"radio\" value=\"2\" id=\"BiD4row5col1\" name=\"BiD4row5\" value=\"X\"><\/td><td><input type=\"radio\" value=\"1\" id=\"BiD4row5col2\" name=\"BiD4row5\" value=\"X\"><\/td><td>~<\/td><td>~<\/td><td>~<\/td><td>~<\/td><\/tr><\/tbody><\/table></td><td><table><tbody><tr><td>|</td><td>| </td></tr><tr><td>|</td><td>| </td></tr><tr><td>|</td><td>| </td></tr><tr><td>|</td><td>| </td></tr><tr><td>|</td><td>| </td></tr><tr><td>|</td><td>| </td></tr></tbody></table></td><td>  <table><tbody><tr><td style=\"width: 20px;\" style=\"text-align: center;\" >~</td><td style=\"width: 20px;\" style=\"text-align: center;\" >~</td><td style=\"width: 20px;\" style=\"text-align: center;\" ><input type=\"radio\" value=\"3\" id=\"BiD3row0col0\" name=\"BiD3row0\" ></td><td style=\"width: 20px;\" style=\"text-align: center;\" ><input type=\"radio\" value=\"2\" id=\"BiD3row0col1\" name=\"BiD3row0\" ></td><td style=\"width: 20px;\" style=\"text-align: center;\" ><input type=\"radio\" value=\"1\" id=\"BiD3row0col2\" name=\"BiD3row0\" ></td><td style=\"width: 20px;\" style=\"text-align: center;\" >~</td><td style=\"width: 20px;\" style=\"text-align: center;\" >~</td><td style=\"width: 20px;\" style=\"text-align: center;\" >~</td><td style=\"width: 20px;\" style=\"text-align: center;\" >~</td><td style=\"width: 20px;\" style=\"text-align: center;\" >~</td><td style=\"width: 20px;\" style=\"text-align: center;\" >~</td></tr><tr><td style=\"width: 20px;\" style=\"text-align: center;\" >~</td><td style=\"width: 20px;\" style=\"text-align: center;\" >~</td><td style=\"width: 20px;\" style=\"text-align: center;\" >~</td><td style=\"width: 20px;\" style=\"text-align: center;\" ><input type=\"radio\" value=\"3\" id=\"BiD3row1col0\" name=\"BiD3row1\" ></td><td style=\"width: 20px;\" style=\"text-align: center;\" ><input type=\"radio\" value=\"2\" id=\"BiD3row1col1\" name=\"BiD3row1\" ></td><td style=\"width: 20px;\" style=\"text-align: center;\" ><input type=\"radio\" value=\"1\" id=\"BiD3row1col2\" name=\"BiD3row1\" ></td><td style=\"width: 20px;\" style=\"text-align: center;\" >~</td><td style=\"width: 20px;\" style=\"text-align: center;\" >~</td><td style=\"width: 20px;\" style=\"text-align: center;\" >~</td><td style=\"width: 20px;\" style=\"text-align: center;\" >~</td><td style=\"width: 20px;\" style=\"text-align: center;\" >~</td></tr><tr><td style=\"width: 20px;\" style=\"text-align: center;\" >~</td><td style=\"width: 20px;\" style=\"text-align: center;\" >~</td><td style=\"width: 20px;\" style=\"text-align: center;\" >~</td><td style=\"width: 20px;\" style=\"text-align: center;\" >~</td><td style=\"width: 20px;\" style=\"text-align: center;\" ><input type=\"radio\" value=\"3\" id=\"BiD3row2col0\" name=\"BiD3row2\" ></td><td style=\"width: 20px;\" style=\"text-align: center;\" ><input type=\"radio\" value=\"2\" id=\"BiD3row2col1\" name=\"BiD3row2\" ></td><td style=\"width: 20px;\" style=\"text-align: center;\" ><input type=\"radio\" value=\"1\" id=\"BiD3row2col2\" name=\"BiD3row2\" ></td><td style=\"width: 20px;\" style=\"text-align: center;\" >~</td><td style=\"width: 20px;\" style=\"text-align: center;\" >~</td><td style=\"width: 20px;\" style=\"text-align: center;\" >~</td><td style=\"width: 20px;\" style=\"text-align: center;\" >~</td></tr><tr><td style=\"width: 20px;\" style=\"text-align: center;\" >~</td><td style=\"width: 20px;\" style=\"text-align: center;\" >~</td><td style=\"width: 20px;\" style=\"text-align: center;\" >~</td><td style=\"width: 20px;\" style=\"text-align: center;\" >~</td><td style=\"width: 20px;\" style=\"text-align: center;\" ><input type=\"radio\" value=\"3\" id=\"BiD3row3col0\" name=\"BiD3row3\" ></td><td style=\"width: 20px;\" style=\"text-align: center;\" ><input type=\"radio\" value=\"2\" id=\"BiD3row3col1\" name=\"BiD3row3\" ></td><td style=\"width: 20px;\" style=\"text-align: center;\" ><input type=\"radio\" value=\"1\" id=\"BiD3row3col2\" name=\"BiD3row3\" ></td><td style=\"width: 20px;\" style=\"text-align: center;\" >~</td><td style=\"width: 20px;\" style=\"text-align: center;\" >~</td><td style=\"width: 20px;\" style=\"text-align: center;\" >~</td><td style=\"width: 20px;\" style=\"text-align: center;\" >~</td></tr><tr><td style=\"width: 20px;\" style=\"text-align: center;\" >~</td><td style=\"width: 20px;\" style=\"text-align: center;\" >~</td><td style=\"width: 20px;\" style=\"text-align: center;\" >~</td><td style=\"width: 20px;\" style=\"text-align: center;\" >~</td><td style=\"width: 20px;\" style=\"text-align: center;\" >~</td><td style=\"width: 20px;\" style=\"text-align: center;\" ><input type=\"radio\" value=\"3\" id=\"BiD3row4col0\" name=\"BiD3row4\" ></td><td style=\"width: 20px;\" style=\"text-align: center;\" ><input type=\"radio\" value=\"2\" id=\"BiD3row4col1\" name=\"BiD3row4\" ></td><td style=\"width: 20px;\" style=\"text-align: center;\" ><input type=\"radio\" value=\"1\" id=\"BiD3row4col2\" name=\"BiD3row4\" ></td><td style=\"width: 20px;\" style=\"text-align: center;\" >~</td><td style=\"width: 20px;\" style=\"text-align: center;\" >~</td><td style=\"width: 20px;\" style=\"text-align: center;\" >~</td></tr><tr><td style=\"width: 20px;\" style=\"text-align: center;\" >~</td><td style=\"width: 20px;\" style=\"text-align: center;\" >~</td><td style=\"width: 20px;\" style=\"text-align: center;\" >~</td><td style=\"width: 20px;\" style=\"text-align: center;\" >~</td><td style=\"width: 20px;\" style=\"text-align: center;\" >~</td><td style=\"width: 20px;\" style=\"text-align: center;\" >~</td><td style=\"width: 20px;\" style=\"text-align: center;\" ><input type=\"radio\" value=\"3\" id=\"BiD3row5col0\" name=\"BiD3row5\" ></td><td style=\"width: 20px;\" style=\"text-align: center;\" ><input type=\"radio\" value=\"2\" id=\"BiD3row5col1\" name=\"BiD3row5\" ></td><td style=\"width: 20px;\" style=\"text-align: center;\" ><input type=\"radio\" value=\"1\" id=\"BiD3row5col2\" name=\"BiD3row5\" ></td><td style=\"width: 20px;\" style=\"text-align: center;\" >~</td><td style=\"width: 20px;\" style=\"text-align: center;\" >~</td></tr></tbody></table></td><td><table><tbody><tr><td>|</td><td>| </td></tr><tr><td>|</td><td>| </td></tr><tr><td>|</td><td>| </td></tr><tr><td>|</td><td>| </td></tr><tr><td>|</td><td>| </td></tr><tr><td>|</td><td>| </td></tr></tbody></table></td><td><table><tbody><tr><td style=\"width: 20px;\" style=\"text-align: center;\">~</td><td style=\"width: 20px;\" style=\"text-align: center;\">~</td><td style=\"width: 20px;\" style=\"text-align: center;\">~</td><td style=\"width: 20px;\" style=\"text-align: center;\">~</td><td style=\"width: 20px;\" style=\"text-align: center;\">~</td><td style=\"width: 20px;\" style=\"text-align: center;\">~</td><td style=\"width: 20px;\" style=\"text-align: center;\"><input type=\"radio\" value=\"3\" id=\"BiD2row0col0\" name=\"BiD2row0\" ></td><td style=\"width: 20px;\" style=\"text-align: center;\"><input type=\"radio\" value=\"2\" id=\"BiD2row0col1\" name=\"BiD2row0\" ></td><td style=\"width: 20px;\" style=\"text-align: center;\"><input type=\"radio\" value=\"1\" id=\"BiD2row0col2\" name=\"BiD2row0\" ></td><td style=\"width: 20px;\" style=\"text-align: center;\">~</td><td style=\"width: 20px;\" style=\"text-align: center;\">~</td></tr><tr><td style=\"width: 20px;\" style=\"text-align: center;\">~</td><td style=\"width: 20px;\" style=\"text-align: center;\">~</td><td style=\"width: 20px;\" style=\"text-align: center;\">~</td><td style=\"width: 20px;\" style=\"text-align: center;\">~</td><td style=\"width: 20px;\" style=\"text-align: center;\">~</td><td style=\"width: 20px;\" style=\"text-align: center;\"><input type=\"radio\" value=\"3\" id=\"BiD2row1col0\" name=\"BiD2row1\" ></td><td style=\"width: 20px;\" style=\"text-align: center;\"><input type=\"radio\" value=\"2\" id=\"BiD2row1col1\" name=\"BiD2row1\" ></td><td style=\"width: 20px;\" style=\"text-align: center;\"><input type=\"radio\" value=\"1\" id=\"BiD2row1col2\" name=\"BiD2row1\" ></td><td style=\"width: 20px;\" style=\"text-align: center;\">~</td><td style=\"width: 20px;\" style=\"text-align: center;\">~</td><td style=\"width: 20px;\" style=\"text-align: center;\">~</td></tr><tr><td style=\"width: 20px;\" style=\"text-align: center;\">~</td><td style=\"width: 20px;\" style=\"text-align: center;\">~</td><td style=\"width: 20px;\" style=\"text-align: center;\">~</td><td style=\"width: 20px;\" style=\"text-align: center;\">~</td><td style=\"width: 20px;\" style=\"text-align: center;\"><input type=\"radio\" value=\"3\" id=\"BiD2row2col0\" name=\"BiD2row2\" ></td><td style=\"width: 20px;\" style=\"text-align: center;\"><input type=\"radio\" value=\"2\" id=\"BiD2row2col1\" name=\"BiD2row2\" ></td><td style=\"width: 20px;\" style=\"text-align: center;\"><input type=\"radio\" value=\"1\" id=\"BiD2row2col2\" name=\"BiD2row2\" ></td><td style=\"width: 20px;\" style=\"text-align: center;\">~</td><td style=\"width: 20px;\" style=\"text-align: center;\">~</td><td style=\"width: 20px;\" style=\"text-align: center;\">~</td><td style=\"width: 20px;\" style=\"text-align: center;\">~</td></tr><tr><td style=\"width: 20px;\" style=\"text-align: center;\">~</td><td style=\"width: 20px;\" style=\"text-align: center;\">~</td><td style=\"width: 20px;\" style=\"text-align: center;\">~</td><td style=\"width: 20px;\" style=\"text-align: center;\">~</td><td style=\"width: 20px;\" style=\"text-align: center;\"><input type=\"radio\" value=\"3\" id=\"BiD2row3col0\" name=\"BiD2row3\" ></td><td style=\"width: 20px;\" style=\"text-align: center;\"><input type=\"radio\" value=\"2\" id=\"BiD2row3col1\" name=\"BiD2row3\" ></td><td style=\"width: 20px;\" style=\"text-align: center;\"><input type=\"radio\" value=\"1\" id=\"BiD2row3col2\" name=\"BiD2row3\" ></td><td style=\"width: 20px;\" style=\"text-align: center;\">~</td><td style=\"width: 20px;\" style=\"text-align: center;\">~</td><td style=\"width: 20px;\" style=\"text-align: center;\">~</td><td style=\"width: 20px;\" style=\"text-align: center;\">~</td></tr><tr><td style=\"width: 20px;\" style=\"text-align: center;\">~</td><td style=\"width: 20px;\" style=\"text-align: center;\">~</td><td style=\"width: 20px;\" style=\"text-align: center;\">~</td><td style=\"width: 20px;\" style=\"text-align: center;\"><input type=\"radio\" value=\"3\" id=\"BiD2row4col0\" name=\"BiD2row4\" ></td><td style=\"width: 20px;\" style=\"text-align: center;\"><input type=\"radio\" value=\"2\" id=\"BiD2row4col1\" name=\"BiD2row4\" ></td><td style=\"width: 20px;\" style=\"text-align: center;\"><input type=\"radio\" value=\"1\" id=\"BiD2row4col2\" name=\"BiD2row4\" ></td><td style=\"width: 20px;\" style=\"text-align: center;\">~</td><td style=\"width: 20px;\" style=\"text-align: center;\">~</td><td style=\"width: 20px;\" style=\"text-align: center;\">~</td><td style=\"width: 20px;\" style=\"text-align: center;\">~</td><td style=\"width: 20px;\" style=\"text-align: center;\">~</td></tr><tr><td style=\"width: 20px;\" style=\"text-align: center;\">~</td><td style=\"width: 20px;\" style=\"text-align: center;\">~</td><td style=\"width: 20px;\" style=\"text-align: center;\"><input type=\"radio\" value=\"3\" id=\"BiD2row5col0\" name=\"BiD2row5\" ></td><td style=\"width: 20px;\" style=\"text-align: center;\"><input type=\"radio\" value=\"2\" id=\"BiD2row5col1\" name=\"BiD2row5\" ></td><td style=\"width: 20px;\" style=\"text-align: center;\"><input type=\"radio\" value=\"1\" id=\"BiD2row5col2\" name=\"BiD2row5\" ></td><td style=\"width: 20px;\" style=\"text-align: center;\">~</td><td style=\"width: 20px;\" style=\"text-align: center;\">~</td><td style=\"width: 20px;\" style=\"text-align: center;\">~</td><td style=\"width: 20px;\" style=\"text-align: center;\">~</td><td style=\"width: 20px;\" style=\"text-align: center;\">~</td><td style=\"width: 20px;\" style=\"text-align: center;\">~</td></tr></tbody></table></td><td><table><tbody><tr><td>|</td><td>| </td></tr><tr><td>|</td><td>| </td></tr><tr><td>|</td><td>| </td></tr><tr><td>|</td><td>| </td></tr><tr><td>|</td><td>| </td></tr><tr><td>|</td><td>| </td></tr></tbody></table></td><td><table><tbody><tr><td style=\"width: 20px;\" style=\"text-align: center;\"><input type=\"radio\" value=\"3\" id=\"BiD1row0col0\" name=\"BiD1row0\" ></td><td style=\"width: 20px;\" style=\"text-align: center;\"><input type=\"radio\" value=\"2\" id=\"BiD1row0col1\" name=\"BiD1row0\" ></td><td style=\"width: 20px;\" style=\"text-align: center;\"><input type=\"radio\" value=\"1\" id=\"BiD1row0col2\" name=\"BiD1row0\" ></td><td style=\"width: 20px;\" style=\"text-align: center;\">~</td><td style=\"width: 20px;\" style=\"text-align: center;\">~</td><td style=\"width: 20px;\" style=\"text-align: center;\">~</td><td style=\"width: 20px;\" style=\"text-align: center;\">~</td><td style=\"width: 20px;\" style=\"text-align: center;\">~</td><td style=\"width: 20px;\" style=\"text-align: center;\">~</td><td style=\"width: 20px;\" style=\"text-align: center;\">~</td><td style=\"width: 20px;\" style=\"text-align: center;\">~</td></tr><tr><td style=\"width: 20px;\" style=\"text-align: center;\">~</td><td style=\"width: 20px;\" style=\"text-align: center;\"><input type=\"radio\" value=\"3\" id=\"BiD1row1col0\" name=\"BiD1row1\" ></td><td style=\"width: 20px;\" style=\"text-align: center;\"><input type=\"radio\" value=\"2\" id=\"BiD1row1col1\" name=\"BiD1row1\" ></td><td style=\"width: 20px;\" style=\"text-align: center;\"><input type=\"radio\" value=\"1\" id=\"BiD1row1col2\" name=\"BiD1row1\" ></td><td style=\"width: 20px;\" style=\"text-align: center;\">~</td><td style=\"width: 20px;\" style=\"text-align: center;\">~</td><td style=\"width: 20px;\" style=\"text-align: center;\">~</td><td style=\"width: 20px;\" style=\"text-align: center;\">~</td><td style=\"width: 20px;\" style=\"text-align: center;\">~</td><td style=\"width: 20px;\" style=\"text-align: center;\">~</td><td style=\"width: 20px;\" style=\"text-align: center;\">~</td></tr><tr><td style=\"width: 20px;\" style=\"text-align: center;\">~</td><td style=\"width: 20px;\" style=\"text-align: center;\">~</td><td style=\"width: 20px;\" style=\"text-align: center;\">~</td><td style=\"width: 20px;\" style=\"text-align: center;\"><input type=\"radio\" value=\"3\" id=\"BiD1row2col0\" name=\"BiD1row2\" ></td><td style=\"width: 20px;\" style=\"text-align: center;\"><input type=\"radio\" value=\"2\" id=\"BiD1row2col1\" name=\"BiD1row2\" ></td><td style=\"width: 20px;\" style=\"text-align: center;\"><input type=\"radio\" value=\"1\" id=\"BiD1row2col2\" name=\"BiD1row2\" ></td><td style=\"width: 20px;\" style=\"text-align: center;\">~</td><td style=\"width: 20px;\" style=\"text-align: center;\">~</td><td style=\"width: 20px;\" style=\"text-align: center;\">~</td><td style=\"width: 20px;\" style=\"text-align: center;\">~</td><td style=\"width: 20px;\" style=\"text-align: center;\">~</td></tr><tr><td style=\"width: 20px;\" style=\"text-align: center;\">~</td><td style=\"width: 20px;\" style=\"text-align: center;\">~</td><td style=\"width: 20px;\" style=\"text-align: center;\">~</td><td style=\"width: 20px;\" style=\"text-align: center;\">~</td><td style=\"width: 20px;\" style=\"text-align: center;\">~</td><td style=\"width: 20px;\" style=\"text-align: center;\"><input type=\"radio\" value=\"3\" id=\"BiD1row3col0\" name=\"BiD1row3\" ></td><td style=\"width: 20px;\" style=\"text-align: center;\"><input type=\"radio\" value=\"2\" id=\"BiD1row3col1\" name=\"BiD1row3\" ></td><td style=\"width: 20px;\" style=\"text-align: center;\"><input type=\"radio\" value=\"1\" id=\"BiD1row3col2\" name=\"BiD1row3\" ></td><td style=\"width: 20px;\" style=\"text-align: center;\">~</td><td style=\"width: 20px;\" style=\"text-align: center;\">~</td><td style=\"width: 20px;\" style=\"text-align: center;\">~</td></tr><tr><td style=\"width: 20px;\" style=\"text-align: center;\">~</td><td style=\"width: 20px;\" style=\"text-align: center;\">~</td><td style=\"width: 20px;\" style=\"text-align: center;\">~</td><td style=\"width: 20px;\" style=\"text-align: center;\">~</td><td style=\"width: 20px;\" style=\"text-align: center;\">~</td><td style=\"width: 20px;\" style=\"text-align: center;\">~</td><td style=\"width: 20px;\" style=\"text-align: center;\">~</td><td style=\"width: 20px;\" style=\"text-align: center;\"><input type=\"radio\" value=\"3\" id=\"BiD1row4col0\" name=\"BiD1row4\" ></td><td style=\"width: 20px;\" style=\"text-align: center;\"><input type=\"radio\" value=\"2\" id=\"BiD1row4col1\" name=\"BiD1row4\" ></td><td style=\"width: 20px;\" style=\"text-align: center;\"><input type=\"radio\" value=\"1\" id=\"BiD1row4col2\" name=\"BiD1row4\" ></td><td style=\"width: 20px;\" style=\"text-align: center;\">~</td></tr><tr><td style=\"width: 20px;\" style=\"text-align: center;\">~</td><td style=\"width: 20px;\" style=\"text-align: center;\">~</td><td style=\"width: 20px;\" style=\"text-align: center;\">~</td><td style=\"width: 20px;\" style=\"text-align: center;\">~</td><td style=\"width: 20px;\" style=\"text-align: center;\">~</td><td style=\"width: 20px;\" style=\"text-align: center;\">~</td><td style=\"width: 20px;\" style=\"text-align: center;\">~</td><td style=\"width: 20px;\" style=\"text-align: center;\">~</td><td style=\"width: 20px;\" style=\"text-align: center;\"><input type=\"radio\" value=\"3\" id=\"BiD1row5col0\" name=\"BiD1row5\" ></td><td style=\"width: 20px;\" style=\"text-align: center;\"><input type=\"radio\" value=\"2\" id=\"BiD1row5col1\" name=\"BiD1row5\" ></td><td style=\"width: 20px;\" style=\"text-align: center;\"><input type=\"radio\" value=\"1\" id=\"BiD1row5col2\" name=\"BiD1row5\" ></td></tr></tbody></table></td><td><table><tbody><tr><td>|</td><td>| </td></tr><tr><td>|</td><td>| </td></tr><tr><td>|</td><td>| </td></tr><tr><td>|</td><td>| </td></tr><tr><td>|</td><td>| </td></tr><tr><td>|</td><td>| </td></tr></tbody></table></td><td><table><tbody><tr><td style=\"width: 20px;\" style=\"text-align: center;\">~</td><td style=\"width: 20px;\" style=\"text-align: center;\">~</td><td style=\"width: 20px;\" style=\"text-align: center;\">~</td><td style=\"width: 20px;\" style=\"text-align: center;\">~</td><td style=\"width: 20px;\" style=\"text-align: center;\">~</td><td style=\"width: 20px;\" style=\"text-align: center;\">~</td><td style=\"width: 20px;\" style=\"text-align: center;\">~</td><td style=\"width: 20px;\" style=\"text-align: center;\">~</td><td style=\"width: 20px;\" style=\"text-align: center;\"><input type=\"radio\" value=\"3\" id=\"BiD0row0col0\" name=\"BiD0row0\" ></td><td style=\"width: 20px;\" style=\"text-align: center;\"><input type=\"radio\" value=\"2\" id=\"BiD0row0col1\" name=\"BiD0row0\" ></td><td style=\"width: 20px;\" style=\"text-align: center;\"><input type=\"radio\" value=\"1\" id=\"BiD0row0col2\" name=\"BiD0row0\" ></td></tr><tr><td style=\"width: 20px;\" style=\"text-align: center;\">~</td><td style=\"width: 20px;\" style=\"text-align: center;\">~</td><td style=\"width: 20px;\" style=\"text-align: center;\">~</td><td style=\"width: 20px;\" style=\"text-align: center;\">~</td><td style=\"width: 20px;\" style=\"text-align: center;\">~</td><td style=\"width: 20px;\" style=\"text-align: center;\">~</td><td style=\"width: 20px;\" style=\"text-align: center;\">~</td><td style=\"width: 20px;\" style=\"text-align: center;\"><input type=\"radio\" value=\"3\" id=\"BiD0row1col0\" name=\"BiD0row1\" ></td><td style=\"width: 20px;\" style=\"text-align: center;\"><input type=\"radio\" value=\"2\" id=\"BiD0row1col1\" name=\"BiD0row1\" ></td><td style=\"width: 20px;\" style=\"text-align: center;\"><input type=\"radio\" value=\"1\" id=\"BiD0row1col2\" name=\"BiD0row1\" ></td><td style=\"width: 20px;\" style=\"text-align: center;\">~</td></tr><tr><td style=\"width: 20px;\" style=\"text-align: center;\">~</td><td style=\"width: 20px;\" style=\"text-align: center;\">~</td><td style=\"width: 20px;\" style=\"text-align: center;\">~</td><td style=\"width: 20px;\" style=\"text-align: center;\">~</td><td style=\"width: 20px;\" style=\"text-align: center;\">~</td><td style=\"width: 20px;\" style=\"text-align: center;\"><input type=\"radio\" value=\"3\" id=\"BiD0row2col0\" name=\"BiD0row2\" ></td><td style=\"width: 20px;\" style=\"text-align: center;\"><input type=\"radio\" value=\"2\" id=\"BiD0row2col1\" name=\"BiD0row2\" ></td><td style=\"width: 20px;\" style=\"text-align: center;\"><input type=\"radio\" value=\"1\" id=\"BiD0row2col2\" name=\"BiD0row2\" ></td><td style=\"width: 20px;\" style=\"text-align: center;\">~</td><td style=\"width: 20px;\" style=\"text-align: center;\">~</td><td style=\"width: 20px;\" style=\"text-align: center;\">~</td></tr><tr><td style=\"width: 20px;\" style=\"text-align: center;\">~</td><td style=\"width: 20px;\" style=\"text-align: center;\">~</td><td style=\"width: 20px;\" style=\"text-align: center;\">~</td><td style=\"width: 20px;\" style=\"text-align: center;\"><input type=\"radio\" value=\"3\" id=\"BiD0row3col0\" name=\"BiD0row3\" ></td><td style=\"width: 20px;\" style=\"text-align: center;\"><input type=\"radio\" value=\"2\" id=\"BiD0row3col1\" name=\"BiD0row3\" ></td><td style=\"width: 20px;\" style=\"text-align: center;\"><input type=\"radio\" value=\"1\" id=\"BiD0row3col2\" name=\"BiD0row3\" ></td><td style=\"width: 20px;\" style=\"text-align: center;\">~</td><td style=\"width: 20px;\" style=\"text-align: center;\">~</td><td style=\"width: 20px;\" style=\"text-align: center;\">~</td><td style=\"width: 20px;\" style=\"text-align: center;\">~</td><td style=\"width: 20px;\" style=\"text-align: center;\">~</td></tr><tr><td style=\"width: 20px;\" style=\"text-align: center;\">~</td><td style=\"width: 20px;\" style=\"text-align: center;\"><input type=\"radio\" value=\"3\" id=\"BiD0row4col0\" name=\"BiD0row4\" ></td><td style=\"width: 20px;\" style=\"text-align: center;\"><input type=\"radio\" value=\"2\" id=\"BiD0row4col1\" name=\"BiD0row4\" ></td><td style=\"width: 20px;\" style=\"text-align: center;\"><input type=\"radio\" value=\"1\" id=\"BiD0row4col2\" name=\"BiD0row4\" ></td><td style=\"width: 20px;\" style=\"text-align: center;\">~</td><td style=\"width: 20px;\" style=\"text-align: center;\">~</td><td style=\"width: 20px;\" style=\"text-align: center;\">~</td><td style=\"width: 20px;\" style=\"text-align: center;\">~</td><td style=\"width: 20px;\" style=\"text-align: center;\">~</td><td style=\"width: 20px;\" style=\"text-align: center;\">~</td><td style=\"width: 20px;\" style=\"text-align: center;\">~</td></tr><tr><td style=\"width: 20px;\" style=\"text-align: center;\"><input type=\"radio\" value=\"3\" id=\"BiD0row5col0\" name=\"BiD0row5\" ></td><td style=\"width: 20px;\" style=\"text-align: center;\"><input type=\"radio\" value=\"2\" id=\"BiD0row5col1\" name=\"BiD0row5\" ></td><td style=\"width: 20px;\" style=\"text-align: center;\"><input type=\"radio\" value=\"1\" id=\"BiD0row5col2\" name=\"BiD0row5\" ></td><td style=\"width: 20px;\" style=\"text-align: center;\">~</td><td style=\"width: 20px;\" style=\"text-align: center;\">~</td><td style=\"width: 20px;\" style=\"text-align: center;\">~</td><td style=\"width: 20px;\" style=\"text-align: center;\">~</td><td style=\"width: 20px;\" style=\"text-align: center;\">~</td><td style=\"width: 20px;\" style=\"text-align: center;\">~</td><td style=\"width: 20px;\" style=\"text-align: center;\">~</td><td style=\"width: 20px;\" style=\"text-align: center;\">~</td></tr></tbody></table></td></tr></tbody></table>";
             ^
/home/cscdev/EMULIB_V15_Master_mod_by_Ange/emu/emuDCS/CSCGEMTestStand/src/common/CSCGEMTestApplication.cc:793:13: warning: unknown escape sequence: '\/' [enabled by default]
/home/cscdev/EMULIB_V15_Master_mod_by_Ange/emu/emuDCS/CSCGEMTestStand/src/common/CSCGEMTestApplication.cc:793:13: warning: unknown escape sequence: '\/' [enabled by default]
/home/cscdev/EMULIB_V15_Master_mod_by_Ange/emu/emuDCS/CSCGEMTestStand/src/common/CSCGEMTestApplication.cc:793:13: warning: unknown escape sequence: '\/' [enabled by default]
/home/cscdev/EMULIB_V15_Master_mod_by_Ange/emu/emuDCS/CSCGEMTestStand/src/common/CSCGEMTestApplication.cc:793:13: warning: unknown escape sequence: '\/' [enabled by default]
/home/cscdev/EMULIB_V15_Master_mod_by_Ange/emu/emuDCS/CSCGEMTestStand/src/common/CSCGEMTestApplication.cc:793:13: warning: unknown escape sequence: '\/' [enabled by default]
/home/cscdev/EMULIB_V15_Master_mod_by_Ange/emu/emuDCS/CSCGEMTestStand/src/common/CSCGEMTestApplication.cc:793:13: warning: unknown escape sequence: '\/' [enabled by default]
/home/cscdev/EMULIB_V15_Master_mod_by_Ange/emu/emuDCS/CSCGEMTestStand/src/common/CSCGEMTestApplication.cc:793:13: warning: unknown escape sequence: '\/' [enabled by default]
/home/cscdev/EMULIB_V15_Master_mod_by_Ange/emu/emuDCS/CSCGEMTestStand/src/common/CSCGEMTestApplication.cc:793:13: warning: unknown escape sequence: '\/' [enabled by default]
/home/cscdev/EMULIB_V15_Master_mod_by_Ange/emu/emuDCS/CSCGEMTestStand/src/common/CSCGEMTestApplication.cc:793:13: warning: unknown escape sequence: '\/' [enabled by default]
/home/cscdev/EMULIB_V15_Master_mod_by_Ange/emu/emuDCS/CSCGEMTestStand/src/common/CSCGEMTestApplication.cc:793:13: warning: unknown escape sequence: '\/' [enabled by default]
/home/cscdev/EMULIB_V15_Master_mod_by_Ange/emu/emuDCS/CSCGEMTestStand/src/common/CSCGEMTestApplication.cc:793:13: warning: unknown escape sequence: '\/' [enabled by default]
/home/cscdev/EMULIB_V15_Master_mod_by_Ange/emu/emuDCS/CSCGEMTestStand/src/common/CSCGEMTestApplication.cc:793:13: warning: unknown escape sequence: '\/' [enabled by default]
/home/cscdev/EMULIB_V15_Master_mod_by_Ange/emu/emuDCS/CSCGEMTestStand/src/common/CSCGEMTestApplication.cc:793:13: warning: unknown escape sequence: '\/' [enabled by default]
/home/cscdev/EMULIB_V15_Master_mod_by_Ange/emu/emuDCS/CSCGEMTestStand/src/common/CSCGEMTestApplication.cc:793:13: warning: unknown escape sequence: '\/' [enabled by default]
/home/cscdev/EMULIB_V15_Master_mod_by_Ange/emu/emuDCS/CSCGEMTestStand/src/common/CSCGEMTestApplication.cc:793:13: warning: unknown escape sequence: '\/' [enabled by default]
/home/cscdev/EMULIB_V15_Master_mod_by_Ange/emu/emuDCS/CSCGEMTestStand/src/common/CSCGEMTestApplication.cc:793:13: warning: unknown escape sequence: '\/' [enabled by default]
/home/cscdev/EMULIB_V15_Master_mod_by_Ange/emu/emuDCS/CSCGEMTestStand/src/common/CSCGEMTestApplication.cc:793:13: warning: unknown escape sequence: '\/' [enabled by default]
/home/cscdev/EMULIB_V15_Master_mod_by_Ange/emu/emuDCS/CSCGEMTestStand/src/common/CSCGEMTestApplication.cc:793:13: warning: unknown escape sequence: '\/' [enabled by default]
/home/cscdev/EMULIB_V15_Master_mod_by_Ange/emu/emuDCS/CSCGEMTestStand/src/common/CSCGEMTestApplication.cc:793:13: warning: unknown escape sequence: '\/' [enabled by default]
/home/cscdev/EMULIB_V15_Master_mod_by_Ange/emu/emuDCS/CSCGEMTestStand/src/common/CSCGEMTestApplication.cc:793:13: warning: unknown escape sequence: '\/' [enabled by default]
/home/cscdev/EMULIB_V15_Master_mod_by_Ange/emu/emuDCS/CSCGEMTestStand/src/common/CSCGEMTestApplication.cc:793:13: warning: unknown escape sequence: '\/' [enabled by default]
/home/cscdev/EMULIB_V15_Master_mod_by_Ange/emu/emuDCS/CSCGEMTestStand/src/common/CSCGEMTestApplication.cc:793:13: warning: unknown escape sequence: '\/' [enabled by default]
/home/cscdev/EMULIB_V15_Master_mod_by_Ange/emu/emuDCS/CSCGEMTestStand/src/common/CSCGEMTestApplication.cc:793:13: warning: unknown escape sequence: '\/' [enabled by default]
/home/cscdev/EMULIB_V15_Master_mod_by_Ange/emu/emuDCS/CSCGEMTestStand/src/common/CSCGEMTestApplication.cc:793:13: warning: unknown escape sequence: '\/' [enabled by default]
/home/cscdev/EMULIB_V15_Master_mod_by_Ange/emu/emuDCS/CSCGEMTestStand/src/common/CSCGEMTestApplication.cc:793:13: warning: unknown escape sequence: '\/' [enabled by default]
/home/cscdev/EMULIB_V15_Master_mod_by_Ange/emu/emuDCS/CSCGEMTestStand/src/common/CSCGEMTestApplication.cc:793:13: warning: unknown escape sequence: '\/' [enabled by default]
/home/cscdev/EMULIB_V15_Master_mod_by_Ange/emu/emuDCS/CSCGEMTestStand/src/common/CSCGEMTestApplication.cc:793:13: warning: unknown escape sequence: '\/' [enabled by default]
/home/cscdev/EMULIB_V15_Master_mod_by_Ange/emu/emuDCS/CSCGEMTestStand/src/common/CSCGEMTestApplication.cc:793:13: warning: unknown escape sequence: '\/' [enabled by default]
/home/cscdev/EMULIB_V15_Master_mod_by_Ange/emu/emuDCS/CSCGEMTestStand/src/common/CSCGEMTestApplication.cc:793:13: warning: unknown escape sequence: '\/' [enabled by default]
/home/cscdev/EMULIB_V15_Master_mod_by_Ange/emu/emuDCS/CSCGEMTestStand/src/common/CSCGEMTestApplication.cc:793:13: warning: unknown escape sequence: '\/' [enabled by default]
/home/cscdev/EMULIB_V15_Master_mod_by_Ange/emu/emuDCS/CSCGEMTestStand/src/common/CSCGEMTestApplication.cc:793:13: warning: unknown escape sequence: '\/' [enabled by default]
/home/cscdev/EMULIB_V15_Master_mod_by_Ange/emu/emuDCS/CSCGEMTestStand/src/common/CSCGEMTestApplication.cc:793:13: warning: unknown escape sequence: '\/' [enabled by default]
/home/cscdev/EMULIB_V15_Master_mod_by_Ange/emu/emuDCS/CSCGEMTestStand/src/common/CSCGEMTestApplication.cc:793:13: warning: unknown escape sequence: '\/' [enabled by default]
/home/cscdev/EMULIB_V15_Master_mod_by_Ange/emu/emuDCS/CSCGEMTestStand/src/common/CSCGEMTestApplication.cc:793:13: warning: unknown escape sequence: '\/' [enabled by default]
/home/cscdev/EMULIB_V15_Master_mod_by_Ange/emu/emuDCS/CSCGEMTestStand/src/common/CSCGEMTestApplication.cc:793:13: warning: unknown escape sequence: '\/' [enabled by default]
/home/cscdev/EMULIB_V15_Master_mod_by_Ange/emu/emuDCS/CSCGEMTestStand/src/common/CSCGEMTestApplication.cc:793:13: warning: unknown escape sequence: '\/' [enabled by default]
/home/cscdev/EMULIB_V15_Master_mod_by_Ange/emu/emuDCS/CSCGEMTestStand/src/common/CSCGEMTestApplication.cc:793:13: warning: unknown escape sequence: '\/' [enabled by default]
/home/cscdev/EMULIB_V15_Master_mod_by_Ange/emu/emuDCS/CSCGEMTestStand/src/common/CSCGEMTestApplication.cc:793:13: warning: unknown escape sequence: '\/' [enabled by default]
/home/cscdev/EMULIB_V15_Master_mod_by_Ange/emu/emuDCS/CSCGEMTestStand/src/common/CSCGEMTestApplication.cc:793:13: warning: unknown escape sequence: '\/' [enabled by default]
/home/cscdev/EMULIB_V15_Master_mod_by_Ange/emu/emuDCS/CSCGEMTestStand/src/common/CSCGEMTestApplication.cc:793:13: warning: unknown escape sequence: '\/' [enabled by default]
/home/cscdev/EMULIB_V15_Master_mod_by_Ange/emu/emuDCS/CSCGEMTestStand/src/common/CSCGEMTestApplication.cc:793:13: warning: unknown escape sequence: '\/' [enabled by default]
/home/cscdev/EMULIB_V15_Master_mod_by_Ange/emu/emuDCS/CSCGEMTestStand/src/common/CSCGEMTestApplication.cc:793:13: warning: unknown escape sequence: '\/' [enabled by default]
/home/cscdev/EMULIB_V15_Master_mod_by_Ange/emu/emuDCS/CSCGEMTestStand/src/common/CSCGEMTestApplication.cc:793:13: warning: unknown escape sequence: '\/' [enabled by default]
/home/cscdev/EMULIB_V15_Master_mod_by_Ange/emu/emuDCS/CSCGEMTestStand/src/common/CSCGEMTestApplication.cc:793:13: warning: unknown escape sequence: '\/' [enabled by default]
/home/cscdev/EMULIB_V15_Master_mod_by_Ange/emu/emuDCS/CSCGEMTestStand/src/common/CSCGEMTestApplication.cc:793:13: warning: unknown escape sequence: '\/' [enabled by default]
/home/cscdev/EMULIB_V15_Master_mod_by_Ange/emu/emuDCS/CSCGEMTestStand/src/common/CSCGEMTestApplication.cc:793:13: warning: unknown escape sequence: '\/' [enabled by default]
/home/cscdev/EMULIB_V15_Master_mod_by_Ange/emu/emuDCS/CSCGEMTestStand/src/common/CSCGEMTestApplication.cc:793:13: warning: unknown escape sequence: '\/' [enabled by default]
/home/cscdev/EMULIB_V15_Master_mod_by_Ange/emu/emuDCS/CSCGEMTestStand/src/common/CSCGEMTestApplication.cc:793:13: warning: unknown escape sequence: '\/' [enabled by default]
/home/cscdev/EMULIB_V15_Master_mod_by_Ange/emu/emuDCS/CSCGEMTestStand/src/common/CSCGEMTestApplication.cc:793:13: warning: unknown escape sequence: '\/' [enabled by default]
/home/cscdev/EMULIB_V15_Master_mod_by_Ange/emu/emuDCS/CSCGEMTestStand/src/common/CSCGEMTestApplication.cc:793:13: warning: unknown escape sequence: '\/' [enabled by default]
/home/cscdev/EMULIB_V15_Master_mod_by_Ange/emu/emuDCS/CSCGEMTestStand/src/common/CSCGEMTestApplication.cc:793:13: warning: unknown escape sequence: '\/' [enabled by default]
/home/cscdev/EMULIB_V15_Master_mod_by_Ange/emu/emuDCS/CSCGEMTestStand/src/common/CSCGEMTestApplication.cc:793:13: warning: unknown escape sequence: '\/' [enabled by default]
/home/cscdev/EMULIB_V15_Master_mod_by_Ange/emu/emuDCS/CSCGEMTestStand/src/common/CSCGEMTestApplication.cc:793:13: warning: unknown escape sequence: '\/' [enabled by default]
/home/cscdev/EMULIB_V15_Master_mod_by_Ange/emu/emuDCS/CSCGEMTestStand/src/common/CSCGEMTestApplication.cc:793:13: warning: unknown escape sequence: '\/' [enabled by default]
/home/cscdev/EMULIB_V15_Master_mod_by_Ange/emu/emuDCS/CSCGEMTestStand/src/common/CSCGEMTestApplication.cc:793:13: warning: unknown escape sequence: '\/' [enabled by default]
/home/cscdev/EMULIB_V15_Master_mod_by_Ange/emu/emuDCS/CSCGEMTestStand/src/common/CSCGEMTestApplication.cc:793:13: warning: unknown escape sequence: '\/' [enabled by default]
/home/cscdev/EMULIB_V15_Master_mod_by_Ange/emu/emuDCS/CSCGEMTestStand/src/common/CSCGEMTestApplication.cc:793:13: warning: unknown escape sequence: '\/' [enabled by default]
/home/cscdev/EMULIB_V15_Master_mod_by_Ange/emu/emuDCS/CSCGEMTestStand/src/common/CSCGEMTestApplication.cc:793:13: warning: unknown escape sequence: '\/' [enabled by default]
/home/cscdev/EMULIB_V15_Master_mod_by_Ange/emu/emuDCS/CSCGEMTestStand/src/common/CSCGEMTestApplication.cc:793:13: warning: unknown escape sequence: '\/' [enabled by default]
/home/cscdev/EMULIB_V15_Master_mod_by_Ange/emu/emuDCS/CSCGEMTestStand/src/common/CSCGEMTestApplication.cc:793:13: warning: unknown escape sequence: '\/' [enabled by default]
/home/cscdev/EMULIB_V15_Master_mod_by_Ange/emu/emuDCS/CSCGEMTestStand/src/common/CSCGEMTestApplication.cc:793:13: warning: unknown escape sequence: '\/' [enabled by default]
/home/cscdev/EMULIB_V15_Master_mod_by_Ange/emu/emuDCS/CSCGEMTestStand/src/common/CSCGEMTestApplication.cc:793:13: warning: unknown escape sequence: '\/' [enabled by default]
/home/cscdev/EMULIB_V15_Master_mod_by_Ange/emu/emuDCS/CSCGEMTestStand/src/common/CSCGEMTestApplication.cc:793:13: warning: unknown escape sequence: '\/' [enabled by default]
/home/cscdev/EMULIB_V15_Master_mod_by_Ange/emu/emuDCS/CSCGEMTestStand/src/common/CSCGEMTestApplication.cc:793:13: warning: unknown escape sequence: '\/' [enabled by default]
/home/cscdev/EMULIB_V15_Master_mod_by_Ange/emu/emuDCS/CSCGEMTestStand/src/common/CSCGEMTestApplication.cc:793:13: warning: unknown escape sequence: '\/' [enabled by default]
/home/cscdev/EMULIB_V15_Master_mod_by_Ange/emu/emuDCS/CSCGEMTestStand/src/common/CSCGEMTestApplication.cc:793:13: warning: unknown escape sequence: '\/' [enabled by default]
/home/cscdev/EMULIB_V15_Master_mod_by_Ange/emu/emuDCS/CSCGEMTestStand/src/common/CSCGEMTestApplication.cc:793:13: warning: unknown escape sequence: '\/' [enabled by default]
/home/cscdev/EMULIB_V15_Master_mod_by_Ange/emu/emuDCS/CSCGEMTestStand/src/common/CSCGEMTestApplication.cc:793:13: warning: unknown escape sequence: '\/' [enabled by default]
/home/cscdev/EMULIB_V15_Master_mod_by_Ange/emu/emuDCS/CSCGEMTestStand/src/common/CSCGEMTestApplication.cc:793:13: warning: unknown escape sequence: '\/' [enabled by default]
/home/cscdev/EMULIB_V15_Master_mod_by_Ange/emu/emuDCS/CSCGEMTestStand/src/common/CSCGEMTestApplication.cc:793:13: warning: unknown escape sequence: '\/' [enabled by default]
/home/cscdev/EMULIB_V15_Master_mod_by_Ange/emu/emuDCS/CSCGEMTestStand/src/common/CSCGEMTestApplication.cc:793:13: warning: unknown escape sequence: '\/' [enabled by default]
/home/cscdev/EMULIB_V15_Master_mod_by_Ange/emu/emuDCS/CSCGEMTestStand/src/common/CSCGEMTestApplication.cc:793:13: warning: unknown escape sequence: '\/' [enabled by default]
/home/cscdev/EMULIB_V15_Master_mod_by_Ange/emu/emuDCS/CSCGEMTestStand/src/common/CSCGEMTestApplication.cc:793:13: warning: unknown escape sequence: '\/' [enabled by default]
/home/cscdev/EMULIB_V15_Master_mod_by_Ange/emu/emuDCS/CSCGEMTestStand/src/common/CSCGEMTestApplication.cc: In member function ‘void emu::pc::CSCGEMTestApplication::RunStudy(xgi::Input*, xgi::Output*)’:
/home/cscdev/EMULIB_V15_Master_mod_by_Ange/emu/emuDCS/CSCGEMTestStand/src/common/CSCGEMTestApplication.cc:1232:48: warning: comparison between signed and unsigned integer expressions [-Wsign-compare]
     for(int i=0; i < patternSet.Results_l.size(); i++){
                                                ^
/home/cscdev/EMULIB_V15_Master_mod_by_Ange/emu/emuDCS/CSCGEMTestStand/src/common/CSCGEMTestApplication.cc: In member function ‘void emu::pc::CSCGEMTestApplication::RunStudyCCLUT(xgi::Input*, xgi::Output*)’:
/home/cscdev/EMULIB_V15_Master_mod_by_Ange/emu/emuDCS/CSCGEMTestStand/src/common/CSCGEMTestApplication.cc:1361:48: warning: comparison between signed and unsigned integer expressions [-Wsign-compare]
     for(int j=0; j < patternSet.Results_l.size(); j++){
                                                ^
/home/cscdev/EMULIB_V15_Master_mod_by_Ange/emu/emuDCS/CSCGEMTestStand/src/common/CSCGEMTestApplication.cc:1341:9: warning: unused variable ‘CLCT1_CC’ [-Wunused-variable]
     int CLCT1_CC = thisTMB->ExtractValueFromData(clct1_CC_data_, clct1_cc_bitlo, clct1_cc_bithi);
         ^
/home/cscdev/EMULIB_V15_Master_mod_by_Ange/emu/emuDCS/CSCGEMTestStand/src/common/CSCGEMTestApplication.cc: In member function ‘void emu::pc::CSCGEMTestApplication::AddCLCTParamScan(xgi::Input*, xgi::Output*)’:
/home/cscdev/EMULIB_V15_Master_mod_by_Ange/emu/emuDCS/CSCGEMTestStand/src/common/CSCGEMTestApplication.cc:1395:41: warning: comparison between signed and unsigned integer expressions [-Wsign-compare]
   for(int i=0; i < GetCLCT_ps_char.size(); i++){
                                         ^
/home/cscdev/EMULIB_V15_Master_mod_by_Ange/emu/emuDCS/CSCGEMTestStand/src/common/CSCGEMTestApplication.cc: In member function ‘void emu::pc::CSCGEMTestApplication::RunParamScan(xgi::Input*, xgi::Output*)’:
/home/cscdev/EMULIB_V15_Master_mod_by_Ange/emu/emuDCS/CSCGEMTestStand/src/common/CSCGEMTestApplication.cc:1488:39: warning: comparison between signed and unsigned integer expressions [-Wsign-compare]
     for(int i=0; i < CLCT_ps_vec.size(); i++){
                                       ^
/home/cscdev/EMULIB_V15_Master_mod_by_Ange/emu/emuDCS/CSCGEMTestStand/src/common/CSCGEMTestApplication.cc:1527:48: warning: comparison between signed and unsigned integer expressions [-Wsign-compare]
       for(int i=0; i < patternSet.Results.size(); i++){
                                                ^
/home/cscdev/EMULIB_V15_Master_mod_by_Ange/emu/emuDCS/CSCGEMTestStand/src/common/CSCGEMTestApplication.cc:1541:39: warning: comparison between signed and unsigned integer expressions [-Wsign-compare]
     for(int i=0; i < CLCT_ps_vec.size(); i++){
                                       ^
/home/cscdev/EMULIB_V15_Master_mod_by_Ange/emu/emuDCS/CSCGEMTestStand/src/common/CSCGEMTestApplication.cc: In member function ‘void emu::pc::CSCGEMTestApplication::AddCCLUTParamScan(xgi::Input*, xgi::Output*)’:
/home/cscdev/EMULIB_V15_Master_mod_by_Ange/emu/emuDCS/CSCGEMTestStand/src/common/CSCGEMTestApplication.cc:1579:50: warning: comparison between signed and unsigned integer expressions [-Wsign-compare]
   for (int i = 0; i < GetCCLUT_ps_step_char.size(); i++) {
                                                  ^
/home/cscdev/EMULIB_V15_Master_mod_by_Ange/emu/emuDCS/CSCGEMTestStand/src/common/CSCGEMTestApplication.cc:1610:42: warning: comparison between signed and unsigned integer expressions [-Wsign-compare]
   for(int i=0; i < GetCCLUT_ps_char.size(); i++){
                                          ^
/home/cscdev/EMULIB_V15_Master_mod_by_Ange/emu/emuDCS/CSCGEMTestStand/src/common/CSCGEMTestApplication.cc:1657:13: warning: unused variable ‘b’ [-Wunused-variable]
       int a,b;
             ^
/home/cscdev/EMULIB_V15_Master_mod_by_Ange/emu/emuDCS/CSCGEMTestStand/src/common/CSCGEMTestApplication.cc:1692:42: warning: comparison between signed and unsigned integer expressions [-Wsign-compare]
   for(int i=0; i < GetCCLUT_ps_char.size(); i++){
                                          ^
/home/cscdev/EMULIB_V15_Master_mod_by_Ange/emu/emuDCS/CSCGEMTestStand/src/common/CSCGEMTestApplication.cc: In member function ‘void emu::pc::CSCGEMTestApplication::RunParamScanCCLUT(xgi::Input*, xgi::Output*)’:
/home/cscdev/EMULIB_V15_Master_mod_by_Ange/emu/emuDCS/CSCGEMTestStand/src/common/CSCGEMTestApplication.cc:1805:40: warning: comparison between signed and unsigned integer expressions [-Wsign-compare]
         if (parameters[j][i].size() != expecter_parameter_size){
                                        ^
/home/cscdev/EMULIB_V15_Master_mod_by_Ange/emu/emuDCS/CSCGEMTestStand/src/common/CSCGEMTestApplication.cc:1743:7: warning: unused variable ‘All_Second’ [-Wunused-variable]
   int All_Second = 0;
       ^
/home/cscdev/EMULIB_V15_Master_mod_by_Ange/emu/emuDCS/CSCGEMTestStand/src/common/CSCGEMTestApplication.cc:1744:7: warning: unused variable ‘Fail_Second’ [-Wunused-variable]
   int Fail_Second = 0;
       ^
/home/cscdev/EMULIB_V15_Master_mod_by_Ange/emu/emuDCS/CSCGEMTestStand/src/common/CSCGEMTestApplication.cc:1745:7: warning: unused variable ‘Fail_Expected_Second’ [-Wunused-variable]
   int Fail_Expected_Second = 0;
       ^
/home/cscdev/EMULIB_V15_Master_mod_by_Ange/emu/emuDCS/CSCGEMTestStand/src/common/CSCGEMTestApplication.cc:1788:7: warning: unused variable ‘cclut0_inc’ [-Wunused-variable]
   int cclut0_inc=0;
       ^
/home/cscdev/EMULIB_V15_Master_mod_by_Ange/emu/emuDCS/CSCGEMTestStand/src/common/CSCGEMTestApplication.cc:1789:7: warning: unused variable ‘cclut1_inc’ [-Wunused-variable]
   int cclut1_inc=0;
       ^
/home/cscdev/EMULIB_V15_Master_mod_by_Ange/emu/emuDCS/CSCGEMTestStand/src/common/CSCGEMTestApplication.cc:1793:7: warning: unused variable ‘CLCT0_xky’ [-Wunused-variable]
   int CLCT0_xky, CLCT1_xky;
       ^
/home/cscdev/EMULIB_V15_Master_mod_by_Ange/emu/emuDCS/CSCGEMTestStand/src/common/CSCGEMTestApplication.cc:1793:18: warning: unused variable ‘CLCT1_xky’ [-Wunused-variable]
   int CLCT0_xky, CLCT1_xky;
                  ^
/home/cscdev/EMULIB_V15_Master_mod_by_Ange/emu/emuDCS/CSCGEMTestStand/src/common/CSCGEMTestApplication.cc: In member function ‘void emu::pc::CSCGEMTestApplication::ReadSimulatedFile(xgi::Input*, xgi::Output*)’:
/home/cscdev/EMULIB_V15_Master_mod_by_Ange/emu/emuDCS/CSCGEMTestStand/src/common/CSCGEMTestApplication.cc:2197:7: warning: unused variable ‘event_number’ [-Wunused-variable]
   int event_number = 0;
       ^
/home/cscdev/EMULIB_V15_Master_mod_by_Ange/emu/emuDCS/CSCGEMTestStand/src/common/CSCGEMTestApplication.cc:2208:7: warning: unused variable ‘tmbtype’ [-Wunused-variable]
   int tmbtype = 0xa+GetOTMBType[0]-'a';
       ^
/home/cscdev/EMULIB_V15_Master_mod_by_Ange/emu/emuDCS/CSCGEMTestStand/src/common/CSCGEMTestApplication.cc: In member function ‘void emu::pc::CSCGEMTestApplication::LoadSimulatedFileEvent(xgi::Input*, xgi::Output*)’:
/home/cscdev/EMULIB_V15_Master_mod_by_Ange/emu/emuDCS/CSCGEMTestStand/src/common/CSCGEMTestApplication.cc:2324:7: warning: unused variable ‘cclut0_inc’ [-Wunused-variable]
   int cclut0_inc=0;
       ^
/home/cscdev/EMULIB_V15_Master_mod_by_Ange/emu/emuDCS/CSCGEMTestStand/src/common/CSCGEMTestApplication.cc:2325:7: warning: unused variable ‘cclut1_inc’ [-Wunused-variable]
   int cclut1_inc=0;
       ^
/home/cscdev/EMULIB_V15_Master_mod_by_Ange/emu/emuDCS/CSCGEMTestStand/src/common/CSCGEMTestApplication.cc:2332:26: warning: variable ‘mpc0_frame1_data_’ set but not used [-Wunused-but-set-variable]
   int mpc0_frame0_data_, mpc0_frame1_data_, mpc1_frame0_data_, mpc1_frame1_data_;
                          ^
/home/cscdev/EMULIB_V15_Master_mod_by_Ange/emu/emuDCS/CSCGEMTestStand/src/common/CSCGEMTestApplication.cc:2332:64: warning: variable ‘mpc1_frame1_data_’ set but not used [-Wunused-but-set-variable]
   int mpc0_frame0_data_, mpc0_frame1_data_, mpc1_frame0_data_, mpc1_frame1_data_;
                                                                ^
/home/cscdev/EMULIB_V15_Master_mod_by_Ange/emu/emuDCS/CSCGEMTestStand/src/common/CSCGEMTestApplication.cc:2474:7: warning: unused variable ‘trig_clct0_nhit’ [-Wunused-variable]
   int trig_clct0_nhit = CLCT0_nhit;
       ^
/home/cscdev/EMULIB_V15_Master_mod_by_Ange/emu/emuDCS/CSCGEMTestStand/src/common/CSCGEMTestApplication.cc:2475:7: warning: unused variable ‘trig_clct0_r2_pid’ [-Wunused-variable]
   int trig_clct0_r2_pid = CLCT0_pid;
       ^
/home/cscdev/EMULIB_V15_Master_mod_by_Ange/emu/emuDCS/CSCGEMTestStand/src/common/CSCGEMTestApplication.cc:2476:7: warning: unused variable ‘trig_clct0_KeyQuartStrip’ [-Wunused-variable]
   int trig_clct0_KeyQuartStrip = CLCT0_xky / 2;
       ^
/home/cscdev/EMULIB_V15_Master_mod_by_Ange/emu/emuDCS/CSCGEMTestStand/src/common/CSCGEMTestApplication.cc:2477:7: warning: unused variable ‘trig_clct0_KeyHalfStrip’ [-Wunused-variable]
   int trig_clct0_KeyHalfStrip = CLCT0_key;
       ^
/home/cscdev/EMULIB_V15_Master_mod_by_Ange/emu/emuDCS/CSCGEMTestStand/src/common/CSCGEMTestApplication.cc:2478:7: warning: unused variable ‘trig_clct0_cc_code’ [-Wunused-variable]
   int trig_clct0_cc_code = CLCT0_CC;
       ^
/home/cscdev/EMULIB_V15_Master_mod_by_Ange/emu/emuDCS/CSCGEMTestStand/src/common/CSCGEMTestApplication.cc:2479:7: warning: unused variable ‘trig_clct0_KeyEighthStrip’ [-Wunused-variable]
   int trig_clct0_KeyEighthStrip = CLCT0_xky;
       ^
/home/cscdev/EMULIB_V15_Master_mod_by_Ange/emu/emuDCS/CSCGEMTestStand/src/common/CSCGEMTestApplication.cc:2480:7: warning: unused variable ‘trig_clct0_bend’ [-Wunused-variable]
   int trig_clct0_bend = CLCT0_lr;
       ^
/home/cscdev/EMULIB_V15_Master_mod_by_Ange/emu/emuDCS/CSCGEMTestStand/src/common/CSCGEMTestApplication.cc:2481:7: warning: unused variable ‘trig_clct0_slope’ [-Wunused-variable]
   int trig_clct0_slope = CLCT0_bnd;
       ^
/home/cscdev/EMULIB_V15_Master_mod_by_Ange/emu/emuDCS/CSCGEMTestStand/src/common/CSCGEMTestApplication.cc:2483:7: warning: unused variable ‘trig_lct0_quality’ [-Wunused-variable]
   int trig_lct0_quality = LCT0_quality;
       ^
/home/cscdev/EMULIB_V15_Master_mod_by_Ange/emu/emuDCS/CSCGEMTestStand/src/common/CSCGEMTestApplication.cc:2484:7: warning: unused variable ‘trig_lct0_bend’ [-Wunused-variable]
   int trig_lct0_bend = Cluster0_bend;
       ^
/home/cscdev/EMULIB_V15_Master_mod_by_Ange/emu/emuDCS/CSCGEMTestStand/src/common/CSCGEMTestApplication.cc:2485:7: warning: unused variable ‘trig_lct0_angle’ [-Wunused-variable]
   int trig_lct0_angle = Cluster0_angle;
       ^
/home/cscdev/EMULIB_V15_Master_mod_by_Ange/emu/emuDCS/CSCGEMTestStand/src/common/CSCGEMTestApplication.cc:2486:7: warning: unused variable ‘trig_lct0_cscxkyhs’ [-Wunused-variable]
   int trig_lct0_cscxkyhs = Cluster0_cscxky / 4.0;
       ^
/home/cscdev/EMULIB_V15_Master_mod_by_Ange/emu/emuDCS/CSCGEMTestStand/src/common/CSCGEMTestApplication.cc:2489:7: warning: unused variable ‘trig_clct1_nhit’ [-Wunused-variable]
   int trig_clct1_nhit = CLCT1_nhit;
       ^
/home/cscdev/EMULIB_V15_Master_mod_by_Ange/emu/emuDCS/CSCGEMTestStand/src/common/CSCGEMTestApplication.cc:2490:7: warning: unused variable ‘trig_clct1_r2_pid’ [-Wunused-variable]
   int trig_clct1_r2_pid = CLCT1_pid;
       ^
/home/cscdev/EMULIB_V15_Master_mod_by_Ange/emu/emuDCS/CSCGEMTestStand/src/common/CSCGEMTestApplication.cc:2491:7: warning: unused variable ‘trig_clct1_KeyQuartStrip’ [-Wunused-variable]
   int trig_clct1_KeyQuartStrip = CLCT1_xky / 2;
       ^
/home/cscdev/EMULIB_V15_Master_mod_by_Ange/emu/emuDCS/CSCGEMTestStand/src/common/CSCGEMTestApplication.cc:2492:7: warning: unused variable ‘trig_clct1_KeyHalfStrip’ [-Wunused-variable]
   int trig_clct1_KeyHalfStrip = CLCT1_key;
       ^
/home/cscdev/EMULIB_V15_Master_mod_by_Ange/emu/emuDCS/CSCGEMTestStand/src/common/CSCGEMTestApplication.cc:2493:7: warning: unused variable ‘trig_clct1_cc_code’ [-Wunused-variable]
   int trig_clct1_cc_code = CLCT1_CC;
       ^
/home/cscdev/EMULIB_V15_Master_mod_by_Ange/emu/emuDCS/CSCGEMTestStand/src/common/CSCGEMTestApplication.cc:2494:7: warning: unused variable ‘trig_clct1_KeyEighthStrip’ [-Wunused-variable]
   int trig_clct1_KeyEighthStrip = CLCT1_xky;
       ^
/home/cscdev/EMULIB_V15_Master_mod_by_Ange/emu/emuDCS/CSCGEMTestStand/src/common/CSCGEMTestApplication.cc:2495:7: warning: unused variable ‘trig_clct1_bend’ [-Wunused-variable]
   int trig_clct1_bend = CLCT1_lr;
       ^
/home/cscdev/EMULIB_V15_Master_mod_by_Ange/emu/emuDCS/CSCGEMTestStand/src/common/CSCGEMTestApplication.cc:2496:7: warning: unused variable ‘trig_clct1_slope’ [-Wunused-variable]
   int trig_clct1_slope = CLCT1_bnd;
       ^
/home/cscdev/EMULIB_V15_Master_mod_by_Ange/emu/emuDCS/CSCGEMTestStand/src/common/CSCGEMTestApplication.cc:2498:7: warning: unused variable ‘trig_lct1_quality’ [-Wunused-variable]
   int trig_lct1_quality = LCT1_quality;
       ^
/home/cscdev/EMULIB_V15_Master_mod_by_Ange/emu/emuDCS/CSCGEMTestStand/src/common/CSCGEMTestApplication.cc:2499:7: warning: unused variable ‘trig_lct1_bend’ [-Wunused-variable]
   int trig_lct1_bend = Cluster1_bend;
       ^
/home/cscdev/EMULIB_V15_Master_mod_by_Ange/emu/emuDCS/CSCGEMTestStand/src/common/CSCGEMTestApplication.cc:2500:7: warning: unused variable ‘trig_lct1_angle’ [-Wunused-variable]
   int trig_lct1_angle = Cluster1_angle;
       ^
/home/cscdev/EMULIB_V15_Master_mod_by_Ange/emu/emuDCS/CSCGEMTestStand/src/common/CSCGEMTestApplication.cc:2501:7: warning: unused variable ‘trig_lct1_cscxkyhs’ [-Wunused-variable]
   int trig_lct1_cscxkyhs = Cluster1_cscxky / 4.0;
       ^
/home/cscdev/EMULIB_V15_Master_mod_by_Ange/emu/emuDCS/CSCGEMTestStand/src/common/CSCGEMTestApplication.cc:2608:8: warning: unused variable ‘comparison_0’ [-Wunused-variable]
   bool comparison_0 = false;
        ^
/home/cscdev/EMULIB_V15_Master_mod_by_Ange/emu/emuDCS/CSCGEMTestStand/src/common/CSCGEMTestApplication.cc:2609:8: warning: unused variable ‘comparison0_slope’ [-Wunused-variable]
   bool comparison0_slope = false;
        ^
/home/cscdev/EMULIB_V15_Master_mod_by_Ange/emu/emuDCS/CSCGEMTestStand/src/common/CSCGEMTestApplication.cc:2610:8: warning: unused variable ‘comparison0_khs’ [-Wunused-variable]
   bool comparison0_khs = false;
        ^
/home/cscdev/EMULIB_V15_Master_mod_by_Ange/emu/emuDCS/CSCGEMTestStand/src/common/CSCGEMTestApplication.cc:2611:8: warning: unused variable ‘comparison_1’ [-Wunused-variable]
   bool comparison_1 = false;
        ^
/home/cscdev/EMULIB_V15_Master_mod_by_Ange/emu/emuDCS/CSCGEMTestStand/src/common/CSCGEMTestApplication.cc:2612:8: warning: unused variable ‘comparison1_slope’ [-Wunused-variable]
   bool comparison1_slope = false;
        ^
/home/cscdev/EMULIB_V15_Master_mod_by_Ange/emu/emuDCS/CSCGEMTestStand/src/common/CSCGEMTestApplication.cc:2613:8: warning: unused variable ‘comparison1_khs’ [-Wunused-variable]
   bool comparison1_khs = false;
        ^
/home/cscdev/EMULIB_V15_Master_mod_by_Ange/emu/emuDCS/CSCGEMTestStand/src/common/CSCGEMTestApplication.cc:2616:7: warning: unused variable ‘higher_bx1’ [-Wunused-variable]
   int higher_bx1 = 0;
       ^
/home/cscdev/EMULIB_V15_Master_mod_by_Ange/emu/emuDCS/CSCGEMTestStand/src/common/CSCGEMTestApplication.cc: In member function ‘void emu::pc::CSCGEMTestApplication::AutomaticCheckingFile(xgi::Input*, xgi::Output*)’:
/home/cscdev/EMULIB_V15_Master_mod_by_Ange/emu/emuDCS/CSCGEMTestStand/src/common/CSCGEMTestApplication.cc:3048:9: warning: unused variable ‘tmbtype’ [-Wunused-variable]
     int tmbtype = 0xa+GetOTMBType[0]-'a';
         ^
/home/cscdev/EMULIB_V15_Master_mod_by_Ange/emu/emuDCS/CSCGEMTestStand/src/common/CSCGEMTestApplication.cc:3089:9: warning: unused variable ‘reading_clct0_first_time’ [-Wunused-variable]
     int reading_clct0_first_time = 0;
         ^
/home/cscdev/EMULIB_V15_Master_mod_by_Ange/emu/emuDCS/CSCGEMTestStand/src/common/CSCGEMTestApplication.cc:3090:9: warning: unused variable ‘reading_clct1_first_time’ [-Wunused-variable]
     int reading_clct1_first_time = 0;
         ^
/home/cscdev/EMULIB_V15_Master_mod_by_Ange/emu/emuDCS/CSCGEMTestStand/src/common/CSCGEMTestApplication.cc:3594:30: warning: variable ‘mpc0_frame1_data_’ set but not used [-Wunused-but-set-variable]
       int mpc0_frame0_data_, mpc0_frame1_data_, mpc1_frame0_data_, mpc1_frame1_data_;
                              ^
/home/cscdev/EMULIB_V15_Master_mod_by_Ange/emu/emuDCS/CSCGEMTestStand/src/common/CSCGEMTestApplication.cc:3594:68: warning: variable ‘mpc1_frame1_data_’ set but not used [-Wunused-but-set-variable]
       int mpc0_frame0_data_, mpc0_frame1_data_, mpc1_frame0_data_, mpc1_frame1_data_;
                                                                    ^
/home/cscdev/EMULIB_V15_Master_mod_by_Ange/emu/emuDCS/CSCGEMTestStand/src/common/CSCGEMTestApplication.cc:3821:11: warning: unused variable ‘Cluster0_iclst’ [-Wunused-variable]
       int Cluster0_iclst = thisTMB->ExtractValueFromData(gem_csc_match_cluster00, gem_csc_match_cluster0_iclst_bitlo, gem_csc_match_cluster0_iclst_bithi);
           ^
/home/cscdev/EMULIB_V15_Master_mod_by_Ange/emu/emuDCS/CSCGEMTestStand/src/common/CSCGEMTestApplication.cc:3822:11: warning: unused variable ‘Cluster0_roll’ [-Wunused-variable]
       int Cluster0_roll = thisTMB->ExtractValueFromData(gem_csc_match_cluster00, gem_csc_match_cluster0_roll_bitlo, gem_csc_match_cluster0_roll_bithi);
           ^
/home/cscdev/EMULIB_V15_Master_mod_by_Ange/emu/emuDCS/CSCGEMTestStand/src/common/CSCGEMTestApplication.cc:3823:11: warning: unused variable ‘Cluster0_pad’ [-Wunused-variable]
       int Cluster0_pad = thisTMB->ExtractValueFromData(gem_csc_match_cluster01, gem_csc_match_cluster0_pad_bitlo, gem_csc_match_cluster0_pad_bithi);
           ^
/home/cscdev/EMULIB_V15_Master_mod_by_Ange/emu/emuDCS/CSCGEMTestStand/src/common/CSCGEMTestApplication.cc:3828:11: warning: unused variable ‘Cluster1_iclst’ [-Wunused-variable]
       int Cluster1_iclst = thisTMB->ExtractValueFromData(gem_csc_match_cluster10, gem_csc_match_cluster1_iclst_bitlo, gem_csc_match_cluster1_iclst_bithi);
           ^
/home/cscdev/EMULIB_V15_Master_mod_by_Ange/emu/emuDCS/CSCGEMTestStand/src/common/CSCGEMTestApplication.cc:3829:11: warning: unused variable ‘Cluster1_roll’ [-Wunused-variable]
       int Cluster1_roll = thisTMB->ExtractValueFromData(gem_csc_match_cluster10, gem_csc_match_cluster1_roll_bitlo, gem_csc_match_cluster1_roll_bithi);
           ^
/home/cscdev/EMULIB_V15_Master_mod_by_Ange/emu/emuDCS/CSCGEMTestStand/src/common/CSCGEMTestApplication.cc:3830:11: warning: unused variable ‘Cluster1_pad’ [-Wunused-variable]
       int Cluster1_pad = thisTMB->ExtractValueFromData(gem_csc_match_cluster11, gem_csc_match_cluster1_pad_bitlo, gem_csc_match_cluster1_pad_bithi);
           ^
/home/cscdev/EMULIB_V15_Master_mod_by_Ange/emu/emuDCS/CSCGEMTestStand/src/common/CSCGEMTestApplication.cc:2905:7: warning: unused variable ‘incorrect_event_number’ [-Wunused-variable]
   int incorrect_event_number = 0;
       ^
/home/cscdev/EMULIB_V15_Master_mod_by_Ange/emu/emuDCS/CSCGEMTestStand/src/common/CSCGEMTestApplication.cc: In member function ‘void emu::pc::CSCGEMTestApplication::F0(xgi::Input*, xgi::Output*)’:
/home/cscdev/EMULIB_V15_Master_mod_by_Ange/emu/emuDCS/CSCGEMTestStand/src/common/CSCGEMTestApplication.cc:4629:7: warning: unused variable ‘e1’ [-Wunused-variable]
   int e1 = write_command(0);
       ^
/home/cscdev/EMULIB_V15_Master_mod_by_Ange/emu/emuDCS/CSCGEMTestStand/src/common/CSCGEMTestApplication.cc: In member function ‘void emu::pc::CSCGEMTestApplication::SendFromEmuBoard(xgi::Input*, xgi::Output*)’:
/home/cscdev/EMULIB_V15_Master_mod_by_Ange/emu/emuDCS/CSCGEMTestStand/src/common/CSCGEMTestApplication.cc:4826:7: warning: variable ‘e’ set but not used [-Wunused-but-set-variable]
   int e;
       ^
mkdir -p /home/cscdev/EMULIB_V15_Master_mod_by_Ange/emu/emuDCS/CSCGEMTestStand/lib/linux/x86_64_cc7
g++ -shared -fPIC -lboost_regex -lboost_filesystem -o /home/cscdev/EMULIB_V15_Master_mod_by_Ange/emu/emuDCS/CSCGEMTestStand/lib/linux/x86_64_cc7/libEmuCSCGEMTestStand.so  /home/cscdev/EMULIB_V15_Master_mod_by_Ange/emu/emuDCS/CSCGEMTestStand/src/linux/x86_64_cc7/CSCGEMTestApplication.o  /home/cscdev/EMULIB_V15_Master_mod_by_Ange/emu/emuDCS/CSCGEMTestStand/src/linux/x86_64_cc7/CLCT.o  /home/cscdev/EMULIB_V15_Master_mod_by_Ange/emu/emuDCS/CSCGEMTestStand/src/linux/x86_64_cc7/commands.o  /home/cscdev/EMULIB_V15_Master_mod_by_Ange/emu/emuDCS/CSCGEMTestStand/src/linux/x86_64_cc7/eth_lib.o  /home/cscdev/EMULIB_V15_Master_mod_by_Ange/emu/emuDCS/CSCGEMTestStand/src/linux/x86_64_cc7/utils.o  /home/cscdev/EMULIB_V15_Master_mod_by_Ange/emu/emuDCS/CSCGEMTestStand/src/linux/x86_64_cc7/CSCConstants.o  /home/cscdev/EMULIB_V15_Master_mod_by_Ange/emu/emuDCS/CSCGEMTestStand/src/linux/x86_64_cc7/Set.o  -L/home/cscdev/EMULIB_V15_Master_mod_by_Ange/emu/emuDCS/CSCGEMTestStand/lib/linux/x86_64_cc7  -L/home/cscdev/EMULIB_V15_Master_mod_by_Ange/x86_64_cc7/lib -L/opt/xdaq/lib 
Build done.
install -d /home/cscdev/EMULIB_V15_Master_mod_by_Ange/x86_64_cc7/lib /home/cscdev/EMULIB_V15_Master_mod_by_Ange/x86_64_cc7/bin /home/cscdev/EMULIB_V15_Master_mod_by_Ange/x86_64_cc7/include /home/cscdev/EMULIB_V15_Master_mod_by_Ange/x86_64_cc7/htdocs
cd include; find ./ \( -name "*.[hi]" -o -name "*.hpp" -o -name "*.hh" -o -name "*.hxx" \) -type f -exec install -p -D {} /home/cscdev/EMULIB_V15_Master_mod_by_Ange/x86_64_cc7/include/{} \;
echo Installing dynamic library.
cp -pd -p /home/cscdev/EMULIB_V15_Master_mod_by_Ange/emu/emuDCS/CSCGEMTestStand/lib/linux/x86_64_cc7/libEmuCSCGEMTestStand.so* /home/cscdev/EMULIB_V15_Master_mod_by_Ange/x86_64_cc7/lib/
Installing dynamic library.
make[1]: Leaving directory `/home/cscdev/EMULIB_V15_Master_mod_by_Ange/emu/emuDCS/CSCGEMTestStand'
