01 Apr 2022 12:57:21.696 [140413377415360] INFO  10.119.64.4.p:20016 <> - xdaq version: 05.05.01, compiled on Sep  1 2020 at 11:43:19, 64bit
01 Apr 2022 12:57:21.698 [140413377415360] INFO  10.119.64.4.p:20016 <> - Loaded profile: /home/cscdev/EMULIB_V15_Master/xml/default.profile_cc7_noXMAS
01 Apr 2022 12:57:21.699 [140413377415360] INFO  10.119.64.4.p:20016 <> - core::i2outils version: 04.00.00, compiled on Apr  1 2020 at 10:26:48
01 Apr 2022 12:57:21.700 [140413377415360] INFO  10.119.64.4.p:20016 <> - core::b2innub version: 02.05.02, compiled on Sep  1 2020 at 11:45:05
01 Apr 2022 12:57:21.702 [140413377415360] INFO  10.119.64.4.p:20016 <> - core::executive version: 04.01.01, compiled on Sep  1 2020 at 11:44:41
01 Apr 2022 12:57:21.707 [140413377415360] INFO  10.119.64.4.p:20016 <> - core::pthttp version: 04.06.00, compiled on Apr  1 2020 at 10:26:53
01 Apr 2022 12:57:21.708 [140413377415360] INFO  10.119.64.4.p:20016 <> - core::ptfifo version: 04.03.01, compiled on Apr  1 2020 at 10:27:22
01 Apr 2022 12:57:21.709 [140413377415360] INFO  10.119.64.4.p:20016 <> - core::xrelay version: 04.01.00, compiled on Apr  1 2020 at 10:27:55
01 Apr 2022 12:57:21.711 [140413377415360] INFO  10.119.64.4.p:20016 <> - core::hyperdaq version: 05.03.00, compiled on Apr  1 2020 at 10:27:53
01 Apr 2022 12:57:21.712 [140413377415360] INFO  10.119.64.4.p:20016 <> - worksuite::sentinelutils version: 02.04.00, compiled on Oct 27 2020 at 11:45:31
01 Apr 2022 12:57:21.731 [140413377415360] WARN  10.119.64.4.p:20016 <> - Could not perform version checking on module file://opt/xdaq/lib/libxalan-c.so, version declaration missing.
01 Apr 2022 12:57:21.731 [140413377415360] WARN  10.119.64.4.p:20016 <> - Could not perform version checking on module file://opt/xdaq/lib/libxalanMsg.so, version declaration missing.
01 Apr 2022 12:57:21.732 [140413377415360] INFO  10.119.64.4.p:20016 <> - emu::emusoap version: 15.02.00, compiled on Mar 17 2022 at 15:17:44
01 Apr 2022 12:57:21.732 [140413377415360] DEBUG 10.119.64.4.p:20016 <> - Create application descriptor for class: executive::Application id: 0
01 Apr 2022 12:57:21.739 [140413377415360] INFO  10.119.64.4.p:20016.executive::Application.lid(0) <> - Log URL not set (was already console)
01 Apr 2022 12:57:21.739 [140413377415360] INFO  10.119.64.4.p:20016.executive::Application.lid(0) <> - Changed Log level to INFO
01 Apr 2022 12:57:21.742 [140413377415360] INFO  10.119.64.4.p:20016.pt::http::PeerTransportHTTP.lid(1) <> - Adding header Access-Control-Allow-Origin:*
01 Apr 2022 12:57:21.742 [140413377415360] INFO  10.119.64.4.p:20016.pt::http::PeerTransportHTTP.lid(1) <> - Adding header Access-Control-Allow-Methods:POST, GET, OPTIONS
01 Apr 2022 12:57:21.742 [140413377415360] INFO  10.119.64.4.p:20016.pt::http::PeerTransportHTTP.lid(1) <> - Adding header Access-Control-Allow-Headers:x-requested-with
01 Apr 2022 12:57:21.742 [140413377415360] INFO  10.119.64.4.p:20016.pt::http::PeerTransportHTTP.lid(1) <> - Adding expire rule image/png:PT4300H
01 Apr 2022 12:57:21.742 [140413377415360] INFO  10.119.64.4.p:20016.pt::http::PeerTransportHTTP.lid(1) <> - Adding expire rule image/jpg:PT4300H
01 Apr 2022 12:57:21.742 [140413377415360] INFO  10.119.64.4.p:20016.pt::http::PeerTransportHTTP.lid(1) <> - Adding expire rule image/gif:PT4300H
01 Apr 2022 12:57:21.742 [140413377415360] INFO  10.119.64.4.p:20016.pt::http::PeerTransportHTTP.lid(1) <> - Adding expire rule application/x-shockwave-flash:PT120H
01 Apr 2022 12:57:21.742 [140413377415360] INFO  10.119.64.4.p:20016.pt::http::PeerTransportHTTP.lid(1) <> - Adding expire rule application/font-woff:PT8600H
01 Apr 2022 12:57:21.742 [140413377415360] INFO  10.119.64.4.p:20016.pt::http::PeerTransportHTTP.lid(1) <> - Adding expire rule text/css:PT4300H
01 Apr 2022 12:57:21.742 [140413377415360] INFO  10.119.64.4.p:20016.pt::http::PeerTransportHTTP.lid(1) <> - No security policies on this server
01 Apr 2022 12:57:21.744 [140413377415360] INFO  10.119.64.4.p:20016 <> - worksuite::xdaq2rc version: 01.11.00, compiled on Apr  1 2020 at 11:21:41
01 Apr 2022 12:57:21.744 [140413377415360] INFO  10.119.64.4.p:20016 <> - worksuite::tstoreclient version: 01.17.01, compiled on Apr  1 2020 at 11:40:16
01 Apr 2022 12:57:21.744 [140413377415360] WARN  10.119.64.4.p:20016 <> - Could not perform version checking on module file://opt/xdaq/lib/libxalanMsg.so, version declaration missing.
01 Apr 2022 12:57:21.757 [140413377415360] WARN  10.119.64.4.p:20016 <> - Could not perform version checking on module file://opt/xdaq/lib/libxalan-c.so, version declaration missing.
01 Apr 2022 12:57:21.758 [140413377415360] INFO  10.119.64.4.p:20016 <> - emu::emubase version: 15.02.00, compiled on Mar 17 2022 at 15:17:44
01 Apr 2022 12:57:21.759 [140413377415360] INFO  10.119.64.4.p:20016 <> - emu::emusoap version: 15.02.00, compiled on Mar 17 2022 at 15:17:44
01 Apr 2022 12:57:21.761 [140413377415360] INFO  10.119.64.4.p:20016 <> - emu::EmuPeripheralCore version: 15.02.01, compiled on Mar 15 2022 at 20:18:25
01 Apr 2022 12:57:21.763 [140413377415360] INFO  10.119.64.4.p:20016 <> - emu::EmuOnlineDB version: 15.02.01, compiled on Mar 15 2022 at 20:18:24
01 Apr 2022 12:57:21.768 [140413377415360] INFO  10.119.64.4.p:20016 <> - emu::EmuPeripheralApps version: 15.02.01, compiled on Mar 15 2022 at 20:18:25
01 Apr 2022 12:57:21.770 [140413377415360] WARN  10.119.64.4.p:20016 <> - Could not perform version checking on module file://home/cscdev/EMULIB_V15_Master/emu/emuDCS/CSCGEMTestStand/lib/linux/x86_64_cc7/libEmuCSCGEMTestStand.so, version declaration missing.
01 Apr 2022 12:57:21.771 [140413377415360] INFO  10.119.64.4.p:20016.emu::pc::EmuPeripheralCrateConfig.instance(0) <> - Supervised
01 Apr 2022 12:57:21.772 [140413377415360] INFO  10.119.64.4.p:20016.emu::pc::CSCGEMTestApplication.instance(0) <> - Supervised
01 Apr 2022 12:57:21.774 [140413377415360] INFO  10.119.64.4.p:20016 <> - Ready.
Name of Logger is 10.119.64.4.p:20016.emu::pc::EmuPeripheralCrateConfig.instance(0)
01 Apr 2022 12:57:32.417 [140412781487872] INFO  10.119.64.4.p:20016.emu::pc::EmuPeripheralCrateConfig.instance(0) <> - EmuPeripheralCrate ready
01 Apr 2022 12:57:32.417 [140412781487872] INFO  10.119.64.4.p:20016.emu::pc::EmuPeripheralCrateConfig.instance(0) <> - EmuPeripheralCrate reloading...
XML_or_DB: xml
01 Apr 2022 12:57:32.417 [140412781487872] INFO  10.119.64.4.p:20016.emu::pc::EmuPeripheralCrateConfig.instance(0) <> - Parsing Configuration XML
Use XML file: /home/cscdev/EMULIB_V15_Master/xml/tamu_crate_config_1tmb2021_TMBtest.xml
EmuEndcapParser
Found PeripheralCrate
Crate ID=1 Label=TAMU
Found VCC
Instantiate VMECC
VMECC in slot 1
Creating CSC Type= Label= ME+1/1/1
TMB: crate=1 slot=8
Chamber is ME11->
........................ ALCT type = 288
............ Number of Wire Groups = 288
........ Number of Wires per layer = 48
.. Number of groups of delay chips =  3
Number of collision pattern groups = 6
.................. Number of AFEBs = 18
...hardware AFEB indices count from 0 to 17
..while the user indices count from 0 to 17
DMB: crate=1 slot=9
CCB: in crate=1 slot=13
MPC: in crate=1 slot=12
PeripheralCrateParser: finished looping over boards for crateID 1
PeripheralCrateConfig started in Standalone mode.
Parser Done
Main Page: 1/1 Crates at 2022-04-01 07:57:32
2022-04-01 07:57:49 Button: CrateConfiguration: TAMU
2022-04-01 07:57:51 Button: TMBStatus: ME+1/1/1, TMB slot=8
VMEController : Init()
Opening /dev/schar2
Error in call ioctl(socket, SIOCGIFHWADDR)
VMEController opened socket = 12
VMEController is using eth2
TMB temperature IC (FPGA)             = 35 deg C 
TMB temperature (PCB)                 = 23 deg C 
RAT temperature (Heat Sink)           = 0 deg C 
RAT temperature (PCB)                 = 0 deg C 
TMBTester: Checking ADC and status
compareValues:  5.0V status bit -> PASS = 1
compareValues:  3.3V status bit -> PASS = 1
compareValues:  1.8V status bit -> PASS = 1
compareValues:  1.5V status bit -> PASS = 1
compareValues:  FPGA and board temperatures status bit -> PASS = 1
compareValues tolerance:  +5.0V TMB       -> PASS!
+5.0V TMB       value = 5 within 0.125 of 5
compareValues tolerance:  +3.3V TMB       -> PASS!
+3.3V TMB       value = 3.216 within 0.08055 of 3.222
compareValues tolerance:  +1.5V core      -> PASS!
+1.5V core      value = 1.516 within 0.0151565 of 1.51565
compareValues tolerance:  +1.5V TT        -> PASS!
+1.5V TT        value = 1.493 within 0.037325 of 1.493
compareValues tolerance:  +1.0V TT        -> PASS!
+1.0V TT        value = 1.004 within 0.0201 of 1.005
compareValues tolerance:  +1.8V RAT core  -> FAIL!
+1.8V RAT core  expected = 1.805, returned = 0.002 outside of tolerance 0.045125
compareValues tolerance:  +vref/2         -> PASS!
+vref/2         value = 2.047 within 0.02048 of 2.048
compareValues tolerance:  +vzero          -> PASS!
+vzero          value = 0 within 0 of 0
compareValues tolerance:  +vref           -> PASS!
+vref           value = 4.095 within 0.04095 of 4.095
+5.0V TMB Current      = 0.245 A
+3.3V TMB Current      = 0.85 A
+1.5V TMB core Current = 0.935 A
+1.5V TMB TT Current   = 0 A
+1.8V RAT core Current = 0.035 A
Total power = 5.37613 Watts
TMB temperature (PCB)                 = 23 deg C 
TMB temperature IC (FPGA)             = 35 deg C 
RAT temperature (PCB)                 = 0 deg C 
RAT temperature (Heat Sink)           = 0 deg C 
TMB Critical Temperature IC (PCB)     = 127 deg C 
TMB Critical Temperature (FPGA)       = 127 deg C 
RAT Critical Temperature (PCB)        = 0 deg C 
RAT Critical Temperature (Heat Sink)  = 0 deg C 
ADC voltages and temperatures -> FAIL <-
CLCT0 data = 0x0
CLCT1 data = 0x0
2022-04-01 07:57:54 Button: TMBUtils: ME+1/1/1, TMB slot=8
Try to clear ETH buffer!
2022-04-01 07:58:17 Button: TMBUtils: ME+1/1/1, TMB slot=8
Load firmware for TMB[0]
CCB mode set to VMEFPGA
Loading TMB firmware to slot 8 with /home/cscdev/firmware/tmb/20220331/typeA/tmb in 5 seconds...
EMUjtag: Communicating with TMB Mezzanine Proms...
EMUjtag:  Read XSVF file /home/cscdev/firmware/tmb/20220331/typeA/tmb.xsvf from disk
Slot 8:  Programmed 0.1% of 6155396 bytes with 0 verify errors
Slot 8:  Programmed 0.3% of 6155396 bytes with 0 verify errors
Slot 8:  Programmed 0.5% of 6155396 bytes with 0 verify errors
Slot 8:  Programmed 0.7% of 6155396 bytes with 0 verify errors
Slot 8:  Programmed 0.9% of 6155396 bytes with 0 verify errors
Slot 8:  Programmed 1.1% of 6155396 bytes with 0 verify errors
Slot 8:  Programmed 1.3% of 6155396 bytes with 0 verify errors
Slot 8:  Programmed 1.4% of 6155396 bytes with 0 verify errors
Slot 8:  Programmed 1.6% of 6155396 bytes with 0 verify errors
Slot 8:  Programmed 1.8% of 6155396 bytes with 0 verify errors
Slot 8:  Programmed 2.0% of 6155396 bytes with 0 verify errors
Slot 8:  Programmed 2.2% of 6155396 bytes with 0 verify errors
Slot 8:  Programmed 2.4% of 6155396 bytes with 0 verify errors
Slot 8:  Programmed 2.6% of 6155396 bytes with 0 verify errors
Slot 8:  Programmed 2.7% of 6155396 bytes with 0 verify errors
Slot 8:  Programmed 2.9% of 6155396 bytes with 0 verify errors
Slot 8:  Programmed 3.1% of 6155396 bytes with 0 verify errors
Slot 8:  Programmed 3.3% of 6155396 bytes with 0 verify errors
Slot 8:  Programmed 3.5% of 6155396 bytes with 0 verify errors
Slot 8:  Programmed 3.7% of 6155396 bytes with 0 verify errors
Slot 8:  Programmed 3.9% of 6155396 bytes with 0 verify errors
Slot 8:  Programmed 4.1% of 6155396 bytes with 0 verify errors
Slot 8:  Programmed 4.2% of 6155396 bytes with 0 verify errors
Slot 8:  Programmed 4.4% of 6155396 bytes with 0 verify errors
Slot 8:  Programmed 4.6% of 6155396 bytes with 0 verify errors
Slot 8:  Programmed 4.8% of 6155396 bytes with 0 verify errors
Slot 8:  Programmed 5.0% of 6155396 bytes with 0 verify errors
Slot 8:  Programmed 5.2% of 6155396 bytes with 0 verify errors
Slot 8:  Programmed 5.4% of 6155396 bytes with 0 verify errors
Slot 8:  Programmed 5.5% of 6155396 bytes with 0 verify errors
Slot 8:  Programmed 5.7% of 6155396 bytes with 0 verify errors
Slot 8:  Programmed 5.9% of 6155396 bytes with 0 verify errors
Slot 8:  Programmed 6.1% of 6155396 bytes with 0 verify errors
Slot 8:  Programmed 6.3% of 6155396 bytes with 0 verify errors
Slot 8:  Programmed 6.5% of 6155396 bytes with 0 verify errors
Slot 8:  Programmed 6.7% of 6155396 bytes with 0 verify errors
Slot 8:  Programmed 6.8% of 6155396 bytes with 0 verify errors
Slot 8:  Programmed 7.0% of 6155396 bytes with 0 verify errors
Slot 8:  Programmed 7.2% of 6155396 bytes with 0 verify errors
Slot 8:  Programmed 7.4% of 6155396 bytes with 0 verify errors
Slot 8:  Programmed 7.6% of 6155396 bytes with 0 verify errors
Slot 8:  Programmed 7.8% of 6155396 bytes with 0 verify errors
Slot 8:  Programmed 8.0% of 6155396 bytes with 0 verify errors
Slot 8:  Programmed 8.2% of 6155396 bytes with 0 verify errors
Slot 8:  Programmed 8.3% of 6155396 bytes with 0 verify errors
Slot 8:  Programmed 8.5% of 6155396 bytes with 0 verify errors
Slot 8:  Programmed 8.7% of 6155396 bytes with 0 verify errors
Slot 8:  Programmed 8.9% of 6155396 bytes with 0 verify errors
Slot 8:  Programmed 9.1% of 6155396 bytes with 0 verify errors
Slot 8:  Programmed 9.3% of 6155396 bytes with 0 verify errors
Slot 8:  Programmed 9.5% of 6155396 bytes with 0 verify errors
Slot 8:  Programmed 9.6% of 6155396 bytes with 0 verify errors
Slot 8:  Programmed 9.8% of 6155396 bytes with 0 verify errors
Slot 8:  Programmed 10.0% of 6155396 bytes with 0 verify errors
Slot 8:  Programmed 10.2% of 6155396 bytes with 0 verify errors
Slot 8:  Programmed 10.4% of 6155396 bytes with 0 verify errors
Slot 8:  Programmed 10.6% of 6155396 bytes with 0 verify errors
Slot 8:  Programmed 10.8% of 6155396 bytes with 0 verify errors
Slot 8:  Programmed 10.9% of 6155396 bytes with 0 verify errors
Slot 8:  Programmed 11.1% of 6155396 bytes with 0 verify errors
Slot 8:  Programmed 11.3% of 6155396 bytes with 0 verify errors
Slot 8:  Programmed 11.5% of 6155396 bytes with 0 verify errors
Slot 8:  Programmed 11.7% of 6155396 bytes with 0 verify errors
Slot 8:  Programmed 11.9% of 6155396 bytes with 0 verify errors
Slot 8:  Programmed 12.1% of 6155396 bytes with 0 verify errors
Slot 8:  Programmed 12.3% of 6155396 bytes with 0 verify errors
Slot 8:  Programmed 12.4% of 6155396 bytes with 0 verify errors
Slot 8:  Programmed 12.6% of 6155396 bytes with 0 verify errors
Slot 8:  Programmed 12.8% of 6155396 bytes with 0 verify errors
Slot 8:  Programmed 13.0% of 6155396 bytes with 0 verify errors
Slot 8:  Programmed 13.2% of 6155396 bytes with 0 verify errors
Slot 8:  Programmed 13.4% of 6155396 bytes with 0 verify errors
Slot 8:  Programmed 13.6% of 6155396 bytes with 0 verify errors
Slot 8:  Programmed 13.7% of 6155396 bytes with 0 verify errors
Slot 8:  Programmed 14.0% of 6155396 bytes with 0 verify errors
Slot 8:  Programmed 14.1% of 6155396 bytes with 0 verify errors
Slot 8:  Programmed 14.3% of 6155396 bytes with 0 verify errors
Slot 8:  Programmed 14.5% of 6155396 bytes with 0 verify errors
Slot 8:  Programmed 14.7% of 6155396 bytes with 0 verify errors
Slot 8:  Programmed 14.9% of 6155396 bytes with 0 verify errors
Slot 8:  Programmed 15.1% of 6155396 bytes with 0 verify errors
Slot 8:  Programmed 15.3% of 6155396 bytes with 0 verify errors
Slot 8:  Programmed 15.4% of 6155396 bytes with 0 verify errors
Slot 8:  Programmed 15.6% of 6155396 bytes with 0 verify errors
Slot 8:  Programmed 15.8% of 6155396 bytes with 0 verify errors
Slot 8:  Programmed 16.0% of 6155396 bytes with 0 verify errors
Slot 8:  Programmed 16.2% of 6155396 bytes with 0 verify errors
Slot 8:  Programmed 16.4% of 6155396 bytes with 0 verify errors
Slot 8:  Programmed 16.6% of 6155396 bytes with 0 verify errors
Slot 8:  Programmed 16.7% of 6155396 bytes with 0 verify errors
Slot 8:  Programmed 16.9% of 6155396 bytes with 0 verify errors
Slot 8:  Programmed 17.1% of 6155396 bytes with 0 verify errors
Slot 8:  Programmed 17.3% of 6155396 bytes with 0 verify errors
Slot 8:  Programmed 17.5% of 6155396 bytes with 0 verify errors
Slot 8:  Programmed 17.7% of 6155396 bytes with 0 verify errors
Slot 8:  Programmed 17.9% of 6155396 bytes with 0 verify errors
Slot 8:  Programmed 18.1% of 6155396 bytes with 0 verify errors
Slot 8:  Programmed 18.2% of 6155396 bytes with 0 verify errors
Slot 8:  Programmed 18.4% of 6155396 bytes with 0 verify errors
Slot 8:  Programmed 18.6% of 6155396 bytes with 0 verify errors
Slot 8:  Programmed 18.8% of 6155396 bytes with 0 verify errors
Slot 8:  Programmed 19.0% of 6155396 bytes with 0 verify errors
Slot 8:  Programmed 19.2% of 6155396 bytes with 0 verify errors
Slot 8:  Programmed 19.4% of 6155396 bytes with 0 verify errors
Slot 8:  Programmed 19.5% of 6155396 bytes with 0 verify errors
Slot 8:  Programmed 19.7% of 6155396 bytes with 0 verify errors
Slot 8:  Programmed 19.9% of 6155396 bytes with 0 verify errors
Slot 8:  Programmed 20.1% of 6155396 bytes with 0 verify errors
Slot 8:  Programmed 20.3% of 6155396 bytes with 0 verify errors
Slot 8:  Programmed 20.5% of 6155396 bytes with 0 verify errors
Slot 8:  Programmed 20.7% of 6155396 bytes with 0 verify errors
Slot 8:  Programmed 20.8% of 6155396 bytes with 0 verify errors
Slot 8:  Programmed 21.0% of 6155396 bytes with 0 verify errors
Slot 8:  Programmed 21.2% of 6155396 bytes with 0 verify errors
Slot 8:  Programmed 21.4% of 6155396 bytes with 0 verify errors
Slot 8:  Programmed 21.6% of 6155396 bytes with 0 verify errors
Slot 8:  Programmed 21.8% of 6155396 bytes with 0 verify errors
Slot 8:  Programmed 22.0% of 6155396 bytes with 0 verify errors
Slot 8:  Programmed 22.2% of 6155396 bytes with 0 verify errors
Slot 8:  Programmed 22.3% of 6155396 bytes with 0 verify errors
Slot 8:  Programmed 22.5% of 6155396 bytes with 0 verify errors
Slot 8:  Programmed 22.7% of 6155396 bytes with 0 verify errors
Slot 8:  Programmed 22.9% of 6155396 bytes with 0 verify errors
Slot 8:  Programmed 23.1% of 6155396 bytes with 0 verify errors
Slot 8:  Programmed 23.3% of 6155396 bytes with 0 verify errors
Slot 8:  Programmed 23.5% of 6155396 bytes with 0 verify errors
Slot 8:  Programmed 23.6% of 6155396 bytes with 0 verify errors
Slot 8:  Programmed 23.8% of 6155396 bytes with 0 verify errors
Slot 8:  Programmed 24.0% of 6155396 bytes with 0 verify errors
Slot 8:  Programmed 24.2% of 6155396 bytes with 0 verify errors
Slot 8:  Programmed 24.4% of 6155396 bytes with 0 verify errors
Slot 8:  Programmed 24.6% of 6155396 bytes with 0 verify errors
Slot 8:  Programmed 24.8% of 6155396 bytes with 0 verify errors
Slot 8:  Programmed 25.0% of 6155396 bytes with 0 verify errors
Slot 8:  Programmed 25.1% of 6155396 bytes with 0 verify errors
Slot 8:  Programmed 25.3% of 6155396 bytes with 0 verify errors
Slot 8:  Programmed 25.5% of 6155396 bytes with 0 verify errors
Slot 8:  Programmed 25.7% of 6155396 bytes with 0 verify errors
Slot 8:  Programmed 25.9% of 6155396 bytes with 0 verify errors
Slot 8:  Programmed 26.1% of 6155396 bytes with 0 verify errors
Slot 8:  Programmed 26.3% of 6155396 bytes with 0 verify errors
Slot 8:  Programmed 26.4% of 6155396 bytes with 0 verify errors
Slot 8:  Programmed 26.6% of 6155396 bytes with 0 verify errors
Slot 8:  Programmed 26.8% of 6155396 bytes with 0 verify errors
Slot 8:  Programmed 26.9% of 6155396 bytes with 0 verify errors
Slot 8:  Programmed 27.0% of 6155396 bytes with 0 verify errors
Slot 8:  Programmed 27.2% of 6155396 bytes with 0 verify errors
Slot 8:  Programmed 27.4% of 6155396 bytes with 0 verify errors
Slot 8:  Programmed 27.6% of 6155396 bytes with 0 verify errors
Slot 8:  Programmed 27.8% of 6155396 bytes with 0 verify errors
Slot 8:  Programmed 28.0% of 6155396 bytes with 0 verify errors
Slot 8:  Programmed 28.2% of 6155396 bytes with 0 verify errors
Slot 8:  Programmed 28.4% of 6155396 bytes with 0 verify errors
Slot 8:  Programmed 28.5% of 6155396 bytes with 0 verify errors
Slot 8:  Programmed 28.7% of 6155396 bytes with 0 verify errors
Slot 8:  Programmed 28.9% of 6155396 bytes with 0 verify errors
Slot 8:  Programmed 29.1% of 6155396 bytes with 0 verify errors
Slot 8:  Programmed 29.3% of 6155396 bytes with 0 verify errors
Slot 8:  Programmed 29.5% of 6155396 bytes with 0 verify errors
Slot 8:  Programmed 29.7% of 6155396 bytes with 0 verify errors
Slot 8:  Programmed 29.8% of 6155396 bytes with 0 verify errors
Slot 8:  Programmed 30.1% of 6155396 bytes with 0 verify errors
Slot 8:  Programmed 30.2% of 6155396 bytes with 0 verify errors
Slot 8:  Programmed 30.4% of 6155396 bytes with 0 verify errors
Slot 8:  Programmed 30.6% of 6155396 bytes with 0 verify errors
Slot 8:  Programmed 30.8% of 6155396 bytes with 0 verify errors
Slot 8:  Programmed 31.0% of 6155396 bytes with 0 verify errors
Slot 8:  Programmed 31.1% of 6155396 bytes with 0 verify errors
Slot 8:  Programmed 31.4% of 6155396 bytes with 0 verify errors
Slot 8:  Programmed 31.5% of 6155396 bytes with 0 verify errors
Slot 8:  Programmed 31.7% of 6155396 bytes with 0 verify errors
Slot 8:  Programmed 31.9% of 6155396 bytes with 0 verify errors
Slot 8:  Programmed 32.1% of 6155396 bytes with 0 verify errors
Slot 8:  Programmed 32.3% of 6155396 bytes with 0 verify errors
Slot 8:  Programmed 32.5% of 6155396 bytes with 0 verify errors
Slot 8:  Programmed 32.7% of 6155396 bytes with 0 verify errors
Slot 8:  Programmed 32.8% of 6155396 bytes with 0 verify errors
Slot 8:  Programmed 33.0% of 6155396 bytes with 0 verify errors
Slot 8:  Programmed 33.2% of 6155396 bytes with 0 verify errors
Slot 8:  Programmed 33.4% of 6155396 bytes with 0 verify errors
Slot 8:  Programmed 33.6% of 6155396 bytes with 0 verify errors
Slot 8:  Programmed 33.8% of 6155396 bytes with 0 verify errors
Slot 8:  Programmed 34.0% of 6155396 bytes with 0 verify errors
Slot 8:  Programmed 34.2% of 6155396 bytes with 0 verify errors
Slot 8:  Programmed 34.3% of 6155396 bytes with 0 verify errors
Slot 8:  Programmed 34.5% of 6155396 bytes with 0 verify errors
Slot 8:  Programmed 34.7% of 6155396 bytes with 0 verify errors
Slot 8:  Programmed 34.9% of 6155396 bytes with 0 verify errors
Slot 8:  Programmed 35.1% of 6155396 bytes with 0 verify errors
Slot 8:  Programmed 35.3% of 6155396 bytes with 0 verify errors
Slot 8:  Programmed 35.5% of 6155396 bytes with 0 verify errors
Slot 8:  Programmed 35.6% of 6155396 bytes with 0 verify errors
Slot 8:  Programmed 35.8% of 6155396 bytes with 0 verify errors
Slot 8:  Programmed 36.0% of 6155396 bytes with 0 verify errors
Slot 8:  Programmed 36.2% of 6155396 bytes with 0 verify errors
Slot 8:  Programmed 36.4% of 6155396 bytes with 0 verify errors
Slot 8:  Programmed 36.6% of 6155396 bytes with 0 verify errors
Slot 8:  Programmed 36.8% of 6155396 bytes with 0 verify errors
Slot 8:  Programmed 36.9% of 6155396 bytes with 0 verify errors
Slot 8:  Programmed 37.1% of 6155396 bytes with 0 verify errors
Slot 8:  Programmed 37.3% of 6155396 bytes with 0 verify errors
Slot 8:  Programmed 37.5% of 6155396 bytes with 0 verify errors
Slot 8:  Programmed 37.7% of 6155396 bytes with 0 verify errors
Slot 8:  Programmed 37.9% of 6155396 bytes with 0 verify errors
Slot 8:  Programmed 38.1% of 6155396 bytes with 0 verify errors
Slot 8:  Programmed 38.3% of 6155396 bytes with 0 verify errors
Slot 8:  Programmed 38.4% of 6155396 bytes with 0 verify errors
Slot 8:  Programmed 38.6% of 6155396 bytes with 0 verify errors
Slot 8:  Programmed 38.8% of 6155396 bytes with 0 verify errors
Slot 8:  Programmed 39.0% of 6155396 bytes with 0 verify errors
Slot 8:  Programmed 39.2% of 6155396 bytes with 0 verify errors
Slot 8:  Programmed 39.4% of 6155396 bytes with 0 verify errors
Slot 8:  Programmed 39.6% of 6155396 bytes with 0 verify errors
Slot 8:  Programmed 39.7% of 6155396 bytes with 0 verify errors
Slot 8:  Programmed 39.9% of 6155396 bytes with 0 verify errors
Slot 8:  Programmed 40.1% of 6155396 bytes with 0 verify errors
Slot 8:  Programmed 40.3% of 6155396 bytes with 0 verify errors
Slot 8:  Programmed 40.5% of 6155396 bytes with 0 verify errors
Slot 8:  Programmed 40.7% of 6155396 bytes with 0 verify errors
Slot 8:  Programmed 40.9% of 6155396 bytes with 0 verify errors
Slot 8:  Programmed 41.0% of 6155396 bytes with 0 verify errors
Slot 8:  Programmed 41.2% of 6155396 bytes with 0 verify errors
Slot 8:  Programmed 41.4% of 6155396 bytes with 0 verify errors
Slot 8:  Programmed 41.6% of 6155396 bytes with 0 verify errors
Slot 8:  Programmed 41.8% of 6155396 bytes with 0 verify errors
Slot 8:  Programmed 42.0% of 6155396 bytes with 0 verify errors
Slot 8:  Programmed 42.2% of 6155396 bytes with 0 verify errors
Slot 8:  Programmed 42.4% of 6155396 bytes with 0 verify errors
Slot 8:  Programmed 42.5% of 6155396 bytes with 0 verify errors
Slot 8:  Programmed 42.7% of 6155396 bytes with 0 verify errors
Slot 8:  Programmed 42.9% of 6155396 bytes with 0 verify errors
Slot 8:  Programmed 43.1% of 6155396 bytes with 0 verify errors
Slot 8:  Programmed 43.3% of 6155396 bytes with 0 verify errors
Slot 8:  Programmed 43.5% of 6155396 bytes with 0 verify errors
Slot 8:  Programmed 43.7% of 6155396 bytes with 0 verify errors
Slot 8:  Programmed 43.8% of 6155396 bytes with 0 verify errors
Slot 8:  Programmed 44.0% of 6155396 bytes with 0 verify errors
Slot 8:  Programmed 44.2% of 6155396 bytes with 0 verify errors
Slot 8:  Programmed 44.4% of 6155396 bytes with 0 verify errors
Slot 8:  Programmed 44.6% of 6155396 bytes with 0 verify errors
Slot 8:  Programmed 44.8% of 6155396 bytes with 0 verify errors
Slot 8:  Programmed 45.0% of 6155396 bytes with 0 verify errors
Slot 8:  Programmed 45.2% of 6155396 bytes with 0 verify errors
Slot 8:  Programmed 45.3% of 6155396 bytes with 0 verify errors
Slot 8:  Programmed 45.5% of 6155396 bytes with 0 verify errors
Slot 8:  Programmed 45.7% of 6155396 bytes with 0 verify errors
Slot 8:  Programmed 45.9% of 6155396 bytes with 0 verify errors
Slot 8:  Programmed 46.1% of 6155396 bytes with 0 verify errors
Slot 8:  Programmed 46.3% of 6155396 bytes with 0 verify errors
Slot 8:  Programmed 46.5% of 6155396 bytes with 0 verify errors
Slot 8:  Programmed 46.6% of 6155396 bytes with 0 verify errors
Slot 8:  Programmed 46.8% of 6155396 bytes with 0 verify errors
Slot 8:  Programmed 47.0% of 6155396 bytes with 0 verify errors
Slot 8:  Programmed 47.2% of 6155396 bytes with 0 verify errors
Slot 8:  Programmed 47.4% of 6155396 bytes with 0 verify errors
Slot 8:  Programmed 47.6% of 6155396 bytes with 0 verify errors
Slot 8:  Programmed 47.8% of 6155396 bytes with 0 verify errors
Slot 8:  Programmed 47.9% of 6155396 bytes with 0 verify errors
Slot 8:  Programmed 48.1% of 6155396 bytes with 0 verify errors
Slot 8:  Programmed 48.3% of 6155396 bytes with 0 verify errors
Slot 8:  Programmed 48.5% of 6155396 bytes with 0 verify errors
Slot 8:  Programmed 48.7% of 6155396 bytes with 0 verify errors
Slot 8:  Programmed 48.9% of 6155396 bytes with 0 verify errors
Slot 8:  Programmed 49.1% of 6155396 bytes with 0 verify errors
Slot 8:  Programmed 49.3% of 6155396 bytes with 0 verify errors
Slot 8:  Programmed 49.4% of 6155396 bytes with 0 verify errors
Slot 8:  Programmed 49.6% of 6155396 bytes with 0 verify errors
Slot 8:  Programmed 49.8% of 6155396 bytes with 0 verify errors
Slot 8:  Programmed 50.0% of 6155396 bytes with 0 verify errors
Slot 8:  Programmed 50.2% of 6155396 bytes with 0 verify errors
Slot 8:  Programmed 50.4% of 6155396 bytes with 0 verify errors
Slot 8:  Programmed 50.6% of 6155396 bytes with 0 verify errors
Slot 8:  Programmed 50.7% of 6155396 bytes with 0 verify errors
Slot 8:  Programmed 50.9% of 6155396 bytes with 0 verify errors
Slot 8:  Programmed 51.1% of 6155396 bytes with 0 verify errors
Slot 8:  Programmed 51.3% of 6155396 bytes with 0 verify errors
Slot 8:  Programmed 51.5% of 6155396 bytes with 0 verify errors
Slot 8:  Programmed 51.7% of 6155396 bytes with 0 verify errors
Slot 8:  Programmed 51.9% of 6155396 bytes with 0 verify errors
Slot 8:  Programmed 52.0% of 6155396 bytes with 0 verify errors
Slot 8:  Programmed 52.3% of 6155396 bytes with 0 verify errors
Slot 8:  Programmed 52.4% of 6155396 bytes with 0 verify errors
Slot 8:  Programmed 52.6% of 6155396 bytes with 0 verify errors
Slot 8:  Programmed 52.8% of 6155396 bytes with 0 verify errors
Slot 8:  Programmed 53.0% of 6155396 bytes with 0 verify errors
Slot 8:  Programmed 53.2% of 6155396 bytes with 0 verify errors
Slot 8:  Programmed 53.4% of 6155396 bytes with 0 verify errors
Slot 8:  Programmed 53.5% of 6155396 bytes with 0 verify errors
Slot 8:  Programmed 53.6% of 6155396 bytes with 0 verify errors
Slot 8:  Programmed 53.8% of 6155396 bytes with 0 verify errors
Slot 8:  Programmed 54.0% of 6155396 bytes with 0 verify errors
Slot 8:  Programmed 54.2% of 6155396 bytes with 0 verify errors
Slot 8:  Programmed 54.4% of 6155396 bytes with 0 verify errors
Slot 8:  Programmed 54.5% of 6155396 bytes with 0 verify errors
Slot 8:  Programmed 54.7% of 6155396 bytes with 0 verify errors
Slot 8:  Programmed 54.9% of 6155396 bytes with 0 verify errors
Slot 8:  Programmed 55.1% of 6155396 bytes with 0 verify errors
Slot 8:  Programmed 55.3% of 6155396 bytes with 0 verify errors
Slot 8:  Programmed 55.5% of 6155396 bytes with 0 verify errors
Slot 8:  Programmed 55.7% of 6155396 bytes with 0 verify errors
Slot 8:  Programmed 55.8% of 6155396 bytes with 0 verify errors
Slot 8:  Programmed 56.0% of 6155396 bytes with 0 verify errors
Slot 8:  Programmed 56.2% of 6155396 bytes with 0 verify errors
Slot 8:  Programmed 56.4% of 6155396 bytes with 0 verify errors
Slot 8:  Programmed 56.6% of 6155396 bytes with 0 verify errors
Slot 8:  Programmed 56.8% of 6155396 bytes with 0 verify errors
Slot 8:  Programmed 57.0% of 6155396 bytes with 0 verify errors
Slot 8:  Programmed 57.1% of 6155396 bytes with 0 verify errors
Slot 8:  Programmed 57.3% of 6155396 bytes with 0 verify errors
Slot 8:  Programmed 57.5% of 6155396 bytes with 0 verify errors
Slot 8:  Programmed 57.7% of 6155396 bytes with 0 verify errors
Slot 8:  Programmed 57.9% of 6155396 bytes with 0 verify errors
Slot 8:  Programmed 58.1% of 6155396 bytes with 0 verify errors
Slot 8:  Programmed 58.3% of 6155396 bytes with 0 verify errors
Slot 8:  Programmed 58.5% of 6155396 bytes with 0 verify errors
Slot 8:  Programmed 58.6% of 6155396 bytes with 0 verify errors
Slot 8:  Programmed 58.8% of 6155396 bytes with 0 verify errors
Slot 8:  Programmed 59.0% of 6155396 bytes with 0 verify errors
Slot 8:  Programmed 59.2% of 6155396 bytes with 0 verify errors
Slot 8:  Programmed 59.4% of 6155396 bytes with 0 verify errors
Slot 8:  Programmed 59.6% of 6155396 bytes with 0 verify errors
Slot 8:  Programmed 59.8% of 6155396 bytes with 0 verify errors
Slot 8:  Programmed 59.9% of 6155396 bytes with 0 verify errors
Slot 8:  Programmed 60.1% of 6155396 bytes with 0 verify errors
Slot 8:  Programmed 60.3% of 6155396 bytes with 0 verify errors
Slot 8:  Programmed 60.5% of 6155396 bytes with 0 verify errors
Slot 8:  Programmed 60.7% of 6155396 bytes with 0 verify errors
Slot 8:  Programmed 60.9% of 6155396 bytes with 0 verify errors
Slot 8:  Programmed 61.1% of 6155396 bytes with 0 verify errors
Slot 8:  Programmed 61.2% of 6155396 bytes with 0 verify errors
Slot 8:  Programmed 61.4% of 6155396 bytes with 0 verify errors
Slot 8:  Programmed 61.6% of 6155396 bytes with 0 verify errors
Slot 8:  Programmed 61.8% of 6155396 bytes with 0 verify errors
Slot 8:  Programmed 62.0% of 6155396 bytes with 0 verify errors
Slot 8:  Programmed 62.2% of 6155396 bytes with 0 verify errors
Slot 8:  Programmed 62.4% of 6155396 bytes with 0 verify errors
Slot 8:  Programmed 62.6% of 6155396 bytes with 0 verify errors
Slot 8:  Programmed 62.7% of 6155396 bytes with 0 verify errors
Slot 8:  Programmed 62.9% of 6155396 bytes with 0 verify errors
Slot 8:  Programmed 63.1% of 6155396 bytes with 0 verify errors
Slot 8:  Programmed 63.3% of 6155396 bytes with 0 verify errors
Slot 8:  Programmed 63.5% of 6155396 bytes with 0 verify errors
Slot 8:  Programmed 63.7% of 6155396 bytes with 0 verify errors
Slot 8:  Programmed 63.9% of 6155396 bytes with 0 verify errors
Slot 8:  Programmed 64.0% of 6155396 bytes with 0 verify errors
Slot 8:  Programmed 64.2% of 6155396 bytes with 0 verify errors
Slot 8:  Programmed 64.4% of 6155396 bytes with 0 verify errors
Slot 8:  Programmed 64.6% of 6155396 bytes with 0 verify errors
Slot 8:  Programmed 64.8% of 6155396 bytes with 0 verify errors
Slot 8:  Programmed 65.0% of 6155396 bytes with 0 verify errors
Slot 8:  Programmed 65.2% of 6155396 bytes with 0 verify errors
Slot 8:  Programmed 65.4% of 6155396 bytes with 0 verify errors
Slot 8:  Programmed 65.5% of 6155396 bytes with 0 verify errors
Slot 8:  Programmed 65.7% of 6155396 bytes with 0 verify errors
Slot 8:  Programmed 65.9% of 6155396 bytes with 0 verify errors
Slot 8:  Programmed 66.1% of 6155396 bytes with 0 verify errors
Slot 8:  Programmed 66.3% of 6155396 bytes with 0 verify errors
Slot 8:  Programmed 66.5% of 6155396 bytes with 0 verify errors
Slot 8:  Programmed 66.7% of 6155396 bytes with 0 verify errors
Slot 8:  Programmed 66.8% of 6155396 bytes with 0 verify errors
Slot 8:  Programmed 67.0% of 6155396 bytes with 0 verify errors
Slot 8:  Programmed 67.2% of 6155396 bytes with 0 verify errors
Slot 8:  Programmed 67.4% of 6155396 bytes with 0 verify errors
Slot 8:  Programmed 67.6% of 6155396 bytes with 0 verify errors
Slot 8:  Programmed 67.8% of 6155396 bytes with 0 verify errors
Slot 8:  Programmed 68.0% of 6155396 bytes with 0 verify errors
Slot 8:  Programmed 68.1% of 6155396 bytes with 0 verify errors
Slot 8:  Programmed 68.4% of 6155396 bytes with 0 verify errors
Slot 8:  Programmed 68.5% of 6155396 bytes with 0 verify errors
Slot 8:  Programmed 68.7% of 6155396 bytes with 0 verify errors
Slot 8:  Programmed 68.9% of 6155396 bytes with 0 verify errors
Slot 8:  Programmed 69.1% of 6155396 bytes with 0 verify errors
Slot 8:  Programmed 69.3% of 6155396 bytes with 0 verify errors
Slot 8:  Programmed 69.5% of 6155396 bytes with 0 verify errors
Slot 8:  Programmed 69.7% of 6155396 bytes with 0 verify errors
Slot 8:  Programmed 69.8% of 6155396 bytes with 0 verify errors
Slot 8:  Programmed 70.0% of 6155396 bytes with 0 verify errors
Slot 8:  Programmed 70.2% of 6155396 bytes with 0 verify errors
Slot 8:  Programmed 70.4% of 6155396 bytes with 0 verify errors
Slot 8:  Programmed 70.6% of 6155396 bytes with 0 verify errors
Slot 8:  Programmed 70.8% of 6155396 bytes with 0 verify errors
Slot 8:  Programmed 71.0% of 6155396 bytes with 0 verify errors
Slot 8:  Programmed 71.1% of 6155396 bytes with 0 verify errors
Slot 8:  Programmed 71.3% of 6155396 bytes with 0 verify errors
Slot 8:  Programmed 71.5% of 6155396 bytes with 0 verify errors
Slot 8:  Programmed 71.7% of 6155396 bytes with 0 verify errors
Slot 8:  Programmed 71.9% of 6155396 bytes with 0 verify errors
Slot 8:  Programmed 72.1% of 6155396 bytes with 0 verify errors
Slot 8:  Programmed 72.3% of 6155396 bytes with 0 verify errors
Slot 8:  Programmed 72.5% of 6155396 bytes with 0 verify errors
Slot 8:  Programmed 72.6% of 6155396 bytes with 0 verify errors
Slot 8:  Programmed 72.8% of 6155396 bytes with 0 verify errors
Slot 8:  Programmed 73.0% of 6155396 bytes with 0 verify errors
Slot 8:  Programmed 73.2% of 6155396 bytes with 0 verify errors
Slot 8:  Programmed 73.4% of 6155396 bytes with 0 verify errors
Slot 8:  Programmed 73.6% of 6155396 bytes with 0 verify errors
Slot 8:  Programmed 73.8% of 6155396 bytes with 0 verify errors
Slot 8:  Programmed 73.9% of 6155396 bytes with 0 verify errors
Slot 8:  Programmed 74.1% of 6155396 bytes with 0 verify errors
Slot 8:  Programmed 74.3% of 6155396 bytes with 0 verify errors
Slot 8:  Programmed 74.5% of 6155396 bytes with 0 verify errors
Slot 8:  Programmed 74.7% of 6155396 bytes with 0 verify errors
Slot 8:  Programmed 74.9% of 6155396 bytes with 0 verify errors
Slot 8:  Programmed 75.1% of 6155396 bytes with 0 verify errors
Slot 8:  Programmed 75.3% of 6155396 bytes with 0 verify errors
Slot 8:  Programmed 75.4% of 6155396 bytes with 0 verify errors
Slot 8:  Programmed 75.6% of 6155396 bytes with 0 verify errors
Slot 8:  Programmed 75.8% of 6155396 bytes with 0 verify errors
Slot 8:  Programmed 76.0% of 6155396 bytes with 0 verify errors
Slot 8:  Programmed 76.2% of 6155396 bytes with 0 verify errors
Slot 8:  Programmed 76.4% of 6155396 bytes with 0 verify errors
Slot 8:  Programmed 76.6% of 6155396 bytes with 0 verify errors
Slot 8:  Programmed 76.7% of 6155396 bytes with 0 verify errors
Slot 8:  Programmed 76.9% of 6155396 bytes with 0 verify errors
Slot 8:  Programmed 77.1% of 6155396 bytes with 0 verify errors
Slot 8:  Programmed 77.3% of 6155396 bytes with 0 verify errors
Slot 8:  Programmed 77.5% of 6155396 bytes with 0 verify errors
Slot 8:  Programmed 77.7% of 6155396 bytes with 0 verify errors
Slot 8:  Programmed 77.9% of 6155396 bytes with 0 verify errors
Slot 8:  Programmed 78.0% of 6155396 bytes with 0 verify errors
Slot 8:  Programmed 78.2% of 6155396 bytes with 0 verify errors
Slot 8:  Programmed 78.4% of 6155396 bytes with 0 verify errors
Slot 8:  Programmed 78.6% of 6155396 bytes with 0 verify errors
Slot 8:  Programmed 78.8% of 6155396 bytes with 0 verify errors
Slot 8:  Programmed 79.0% of 6155396 bytes with 0 verify errors
Slot 8:  Programmed 79.2% of 6155396 bytes with 0 verify errors
Slot 8:  Programmed 79.4% of 6155396 bytes with 0 verify errors
Slot 8:  Programmed 79.5% of 6155396 bytes with 0 verify errors
Slot 8:  Programmed 79.7% of 6155396 bytes with 0 verify errors
Slot 8:  Programmed 79.9% of 6155396 bytes with 0 verify errors
Slot 8:  Programmed 80.1% of 6155396 bytes with 0 verify errors
Slot 8:  Programmed 80.3% of 6155396 bytes with 0 verify errors
Slot 8:  Programmed 80.3% of 6155396 bytes with 0 verify errors
Slot 8:  Programmed 80.5% of 6155396 bytes with 0 verify errors
Slot 8:  Programmed 80.7% of 6155396 bytes with 0 verify errors
Slot 8:  Programmed 80.9% of 6155396 bytes with 0 verify errors
Slot 8:  Programmed 81.1% of 6155396 bytes with 0 verify errors
Slot 8:  Programmed 81.3% of 6155396 bytes with 0 verify errors
Slot 8:  Programmed 81.4% of 6155396 bytes with 0 verify errors
Slot 8:  Programmed 81.6% of 6155396 bytes with 0 verify errors
Slot 8:  Programmed 81.8% of 6155396 bytes with 0 verify errors
Slot 8:  Programmed 82.0% of 6155396 bytes with 0 verify errors
Slot 8:  Programmed 82.2% of 6155396 bytes with 0 verify errors
Slot 8:  Programmed 82.4% of 6155396 bytes with 0 verify errors
Slot 8:  Programmed 82.6% of 6155396 bytes with 0 verify errors
Slot 8:  Programmed 82.8% of 6155396 bytes with 0 verify errors
Slot 8:  Programmed 82.9% of 6155396 bytes with 0 verify errors
Slot 8:  Programmed 83.1% of 6155396 bytes with 0 verify errors
Slot 8:  Programmed 83.3% of 6155396 bytes with 0 verify errors
Slot 8:  Programmed 83.5% of 6155396 bytes with 0 verify errors
Slot 8:  Programmed 83.7% of 6155396 bytes with 0 verify errors
Slot 8:  Programmed 83.9% of 6155396 bytes with 0 verify errors
Slot 8:  Programmed 84.1% of 6155396 bytes with 0 verify errors
Slot 8:  Programmed 84.2% of 6155396 bytes with 0 verify errors
Slot 8:  Programmed 84.5% of 6155396 bytes with 0 verify errors
Slot 8:  Programmed 84.6% of 6155396 bytes with 0 verify errors
Slot 8:  Programmed 84.8% of 6155396 bytes with 0 verify errors
Slot 8:  Programmed 85.0% of 6155396 bytes with 0 verify errors
Slot 8:  Programmed 85.2% of 6155396 bytes with 0 verify errors
Slot 8:  Programmed 85.4% of 6155396 bytes with 0 verify errors
Slot 8:  Programmed 85.6% of 6155396 bytes with 0 verify errors
Slot 8:  Programmed 85.8% of 6155396 bytes with 0 verify errors
Slot 8:  Programmed 85.9% of 6155396 bytes with 0 verify errors
Slot 8:  Programmed 86.1% of 6155396 bytes with 0 verify errors
Slot 8:  Programmed 86.3% of 6155396 bytes with 0 verify errors
Slot 8:  Programmed 86.5% of 6155396 bytes with 0 verify errors
Slot 8:  Programmed 86.7% of 6155396 bytes with 0 verify errors
Slot 8:  Programmed 86.9% of 6155396 bytes with 0 verify errors
Slot 8:  Programmed 87.1% of 6155396 bytes with 0 verify errors
Slot 8:  Programmed 87.2% of 6155396 bytes with 0 verify errors
Slot 8:  Programmed 87.4% of 6155396 bytes with 0 verify errors
Slot 8:  Programmed 87.6% of 6155396 bytes with 0 verify errors
Slot 8:  Programmed 87.8% of 6155396 bytes with 0 verify errors
Slot 8:  Programmed 88.0% of 6155396 bytes with 0 verify errors
Slot 8:  Programmed 88.2% of 6155396 bytes with 0 verify errors
Slot 8:  Programmed 88.4% of 6155396 bytes with 0 verify errors
Slot 8:  Programmed 88.6% of 6155396 bytes with 0 verify errors
Slot 8:  Programmed 88.7% of 6155396 bytes with 0 verify errors
Slot 8:  Programmed 88.9% of 6155396 bytes with 0 verify errors
Slot 8:  Programmed 89.1% of 6155396 bytes with 0 verify errors
Slot 8:  Programmed 89.3% of 6155396 bytes with 0 verify errors
Slot 8:  Programmed 89.5% of 6155396 bytes with 0 verify errors
Slot 8:  Programmed 89.7% of 6155396 bytes with 0 verify errors
Slot 8:  Programmed 89.9% of 6155396 bytes with 0 verify errors
Slot 8:  Programmed 90.0% of 6155396 bytes with 0 verify errors
Slot 8:  Programmed 90.2% of 6155396 bytes with 0 verify errors
Slot 8:  Programmed 90.4% of 6155396 bytes with 0 verify errors
Slot 8:  Programmed 90.6% of 6155396 bytes with 0 verify errors
Slot 8:  Programmed 90.8% of 6155396 bytes with 0 verify errors
Slot 8:  Programmed 91.0% of 6155396 bytes with 0 verify errors
Slot 8:  Programmed 91.2% of 6155396 bytes with 0 verify errors
Slot 8:  Programmed 91.3% of 6155396 bytes with 0 verify errors
Slot 8:  Programmed 91.5% of 6155396 bytes with 0 verify errors
Slot 8:  Programmed 91.7% of 6155396 bytes with 0 verify errors
Slot 8:  Programmed 91.9% of 6155396 bytes with 0 verify errors
Slot 8:  Programmed 92.1% of 6155396 bytes with 0 verify errors
Slot 8:  Programmed 92.3% of 6155396 bytes with 0 verify errors
Slot 8:  Programmed 92.5% of 6155396 bytes with 0 verify errors
Slot 8:  Programmed 92.7% of 6155396 bytes with 0 verify errors
Slot 8:  Programmed 92.8% of 6155396 bytes with 0 verify errors
Slot 8:  Programmed 93.0% of 6155396 bytes with 0 verify errors
Slot 8:  Programmed 93.2% of 6155396 bytes with 0 verify errors
Slot 8:  Programmed 93.4% of 6155396 bytes with 0 verify errors
Slot 8:  Programmed 93.6% of 6155396 bytes with 0 verify errors
Slot 8:  Programmed 93.8% of 6155396 bytes with 0 verify errors
Slot 8:  Programmed 94.0% of 6155396 bytes with 0 verify errors
Slot 8:  Programmed 94.1% of 6155396 bytes with 0 verify errors
Slot 8:  Programmed 94.3% of 6155396 bytes with 0 verify errors
Slot 8:  Programmed 94.5% of 6155396 bytes with 0 verify errors
Slot 8:  Programmed 94.7% of 6155396 bytes with 0 verify errors
Slot 8:  Programmed 94.9% of 6155396 bytes with 0 verify errors
Slot 8:  Programmed 95.1% of 6155396 bytes with 0 verify errors
Slot 8:  Programmed 95.3% of 6155396 bytes with 0 verify errors
Slot 8:  Programmed 95.5% of 6155396 bytes with 0 verify errors
Slot 8:  Programmed 95.6% of 6155396 bytes with 0 verify errors
Slot 8:  Programmed 95.8% of 6155396 bytes with 0 verify errors
Slot 8:  Programmed 96.0% of 6155396 bytes with 0 verify errors
Slot 8:  Programmed 96.2% of 6155396 bytes with 0 verify errors
Slot 8:  Programmed 96.4% of 6155396 bytes with 0 verify errors
Slot 8:  Programmed 96.6% of 6155396 bytes with 0 verify errors
Slot 8:  Programmed 96.8% of 6155396 bytes with 0 verify errors
Slot 8:  Programmed 96.9% of 6155396 bytes with 0 verify errors
Slot 8:  Programmed 97.1% of 6155396 bytes with 0 verify errors
Slot 8:  Programmed 97.3% of 6155396 bytes with 0 verify errors
Slot 8:  Programmed 97.5% of 6155396 bytes with 0 verify errors
Slot 8:  Programmed 97.7% of 6155396 bytes with 0 verify errors
Slot 8:  Programmed 97.9% of 6155396 bytes with 0 verify errors
Slot 8:  Programmed 98.1% of 6155396 bytes with 0 verify errors
Slot 8:  Programmed 98.2% of 6155396 bytes with 0 verify errors
Slot 8:  Programmed 98.4% of 6155396 bytes with 0 verify errors
Slot 8:  Programmed 98.6% of 6155396 bytes with 0 verify errors
Slot 8:  Programmed 98.8% of 6155396 bytes with 0 verify errors
Slot 8:  Programmed 99.0% of 6155396 bytes with 0 verify errors
Slot 8:  Programmed 99.2% of 6155396 bytes with 0 verify errors
Slot 8:  Programmed 99.4% of 6155396 bytes with 0 verify errors
Slot 8:  Programmed 99.6% of 6155396 bytes with 0 verify errors
Slot 8:  Programmed 99.7% of 6155396 bytes with 0 verify errors
Slot 8:  Programmed 99.9% of 6155396 bytes with 0 verify errors
Number of verify errors = 0
EMUjtag: JTAG communication complete in 146 seconds
=== Programming TMB firmware finished for slot 8
=== 0 Verify Errors occured
Please perform a TTC/CCB hard reset to Load FPGA
CCB mode set to DLOG
2022-04-01 08:00:50 Button: TMBUtils: ME+1/1/1, TMB slot=8
CCB mode set to VMEFPGA
CCB: NOTE -- switching from DLOG to FPGA mode for BackPlane HardReset
CCB: hard reset
CCB mode set to DLOG
CCB: NOTE -- switching back to DLOG
2022-04-01 08:00:57 Button: TMBUtils: ME+1/1/1, TMB slot=8
TMB 0
2022-04-01 08:00:59 Button: TMBUtils: ME+1/1/1, TMB slot=8
Name of Logger is 10.119.64.4.p:20016.emu::pc::EmuPeripheralCrateConfig.instance(0)
01 Apr 2022 13:01:18.545 [140412781487872] INFO  10.119.64.4.p:20016.emu::pc::EmuPeripheralCrateConfig.instance(0) <> - EmuPeripheralCrate ready
Main Page: 1/1 Crates at 2022-04-01 08:01:18
2022-04-01 08:01:19 Button: CrateConfiguration: TAMU
2022-04-01 08:01:21 Button: TMBStatus: ME+1/1/1, TMB slot=8
TMB temperature IC (FPGA)             = 38 deg C 
TMB temperature (PCB)                 = 23 deg C 
RAT temperature (Heat Sink)           = 0 deg C 
RAT temperature (PCB)                 = 0 deg C 
TMBTester: Checking ADC and status
compareValues:  5.0V status bit -> PASS = 1
compareValues:  3.3V status bit -> PASS = 1
compareValues:  1.8V status bit -> PASS = 1
compareValues:  1.5V status bit -> PASS = 1
compareValues:  FPGA and board temperatures status bit -> PASS = 1
compareValues tolerance:  +5.0V TMB       -> PASS!
+5.0V TMB       value = 5.0 within 0.1 of 5.0
compareValues tolerance:  +3.3V TMB       -> PASS!
+3.3V TMB       value = 3.2 within 0.1 of 3.2
compareValues tolerance:  +1.5V core      -> PASS!
+1.5V core      value = 1.5 within 0.0 of 1.5
compareValues tolerance:  +1.5V TT        -> PASS!
+1.5V TT        value = 1.5 within 0.0 of 1.5
compareValues tolerance:  +1.0V TT        -> PASS!
+1.0V TT        value = 1.0 within 0.0 of 1.0
compareValues tolerance:  +1.8V RAT core  -> FAIL!
+1.8V RAT core  expected = 1.8, returned = 0.0 outside of tolerance 0.0
compareValues tolerance:  +vref/2         -> PASS!
+vref/2         value = 2.0 within 0.0 of 2.0
compareValues tolerance:  +vzero          -> PASS!
+vzero          value = 0.0 within 0.0 of 0.0
compareValues tolerance:  +vref           -> PASS!
+vref           value = 4.1 within 0.0 of 4.1
+5.0V TMB Current      = 0.2 A
+3.3V TMB Current      = 0.9 A
+1.5V TMB core Current = 1.4 A
+1.5V TMB TT Current   = 0.0 A
+1.8V RAT core Current = 0.0 A
Total power = 6.1 Watts
TMB temperature (PCB)                 = 23 deg C 
TMB temperature IC (FPGA)             = 38 deg C 
RAT temperature (PCB)                 = 0 deg C 
RAT temperature (Heat Sink)           = 0 deg C 
TMB Critical Temperature IC (PCB)     = 127 deg C 
TMB Critical Temperature (FPGA)       = 127 deg C 
RAT Critical Temperature (PCB)        = 0 deg C 
RAT Critical Temperature (Heat Sink)  = 0 deg C 
ADC voltages and temperatures -> FAIL <-
CLCT0 data = 0x0
CLCT1 data = 0x0
Name of Logger is 10.119.64.4.p:20016.emu::pc::EmuPeripheralCrateConfig.instance(0)
01 Apr 2022 13:01:25.192 [140412781487872] INFO  10.119.64.4.p:20016.emu::pc::EmuPeripheralCrateConfig.instance(0) <> - EmuPeripheralCrate ready
Main Page: 1/1 Crates at 2022-04-01 08:01:25
Button: FastConfigOne (Power-Up-Init) at 2022-04-01 08:01:26
TAMU Crate Configuring, Mode: 2
INFO INFO BEGIN
CCB : configure()
INFO INFO END
CCB: firmware day-month-year: 15-8-2020
CCB mode set to VMEFPGA
CCB: Disable L1A.
Register 0:  ff
Register 1:  ff
Register 2:  ff
Register 3:  ff
CCB mode set to VMEFPGA
hardResetTTCrx. 1 c 
ReadTTCrx ID = 268
ERROR: TTCrx Coarse Delay register readback ff
ERROR: TTCrx Control register readback ff
CCB mode set to VMEFPGA
MPC: initialize
INFO INFO BEGIN
MPC : configure()
INFO INFO END
MPC: set default serializer TX mode ...
MPC: serializer in CONTINUOUS mode
MPC: set default MPC operation Mode ...
MPC: switching to Sorter Mode
write MPC mask : 0
MPC: firmware version (day-month-year): (22-9-2014)
 Chamber LowV Off.
DMB slot 9 turn ON chamber...
CCB: hard reset
EWI packet FF, 2921-6F34 type: 2, source: 2, code: 289, op 2, crate 1D, address 00470000, 0048-8010
EWI packet FF, 2921-6F34 type: 2, source: 2, code: 289, op 2, crate 1D, address 00470000, 0048-8010
EWI packet FF, 2921-6F34 type: 2, source: 2, code: 289, op 2, crate 1D, address 00470000, 0048-2018
Name of Logger is 10.119.64.4.p:20016.emu::pc::EmuPeripheralCrateConfig.instance(0)
01 Apr 2022 13:01:33.499 [140412781487872] INFO  10.119.64.4.p:20016.emu::pc::EmuPeripheralCrateConfig.instance(0) <> - EmuPeripheralCrate ready
Main Page: 1/1 Crates at 2022-04-01 08:01:33
2022-04-01 08:01:41 Button: CrateConfiguration: TAMU
2022-04-01 08:01:43 Button: TMBStatus: ME+1/1/1, TMB slot=8
TMB temperature IC (FPGA)             = 39 deg C 
TMB temperature (PCB)                 = 23 deg C 
RAT temperature (Heat Sink)           = 0 deg C 
RAT temperature (PCB)                 = 0 deg C 
TMBTester: Checking ADC and status
compareValues:  5.0V status bit -> PASS = 1
compareValues:  3.3V status bit -> PASS = 1
compareValues:  1.8V status bit -> PASS = 1
compareValues:  1.5V status bit -> PASS = 1
compareValues:  FPGA and board temperatures status bit -> PASS = 1
compareValues tolerance:  +5.0V TMB       -> PASS!
+5.0V TMB       value = 5.0 within 0.1 of 5.0
compareValues tolerance:  +3.3V TMB       -> PASS!
+3.3V TMB       value = 3.2 within 0.1 of 3.2
compareValues tolerance:  +1.5V core      -> PASS!
+1.5V core      value = 1.5 within 0.0 of 1.5
compareValues tolerance:  +1.5V TT        -> PASS!
+1.5V TT        value = 1.5 within 0.0 of 1.5
compareValues tolerance:  +1.0V TT        -> PASS!
+1.0V TT        value = 1.0 within 0.0 of 1.0
compareValues tolerance:  +1.8V RAT core  -> FAIL!
+1.8V RAT core  expected = 1.8, returned = 0.0 outside of tolerance 0.0
compareValues tolerance:  +vref/2         -> PASS!
+vref/2         value = 2.0 within 0.0 of 2.0
compareValues tolerance:  +vzero          -> PASS!
+vzero          value = 0.0 within 0.0 of 0.0
compareValues tolerance:  +vref           -> PASS!
+vref           value = 4.1 within 0.0 of 4.1
+5.0V TMB Current      = 0.2 A
+3.3V TMB Current      = 0.9 A
+1.5V TMB core Current = 1.4 A
+1.5V TMB TT Current   = 0.0 A
+1.8V RAT core Current = 0.0 A
Total power = 6.4 Watts
TMB temperature (PCB)                 = 23 deg C 
TMB temperature IC (FPGA)             = 39 deg C 
RAT temperature (PCB)                 = 0 deg C 
RAT temperature (Heat Sink)           = 0 deg C 
TMB Critical Temperature IC (PCB)     = 127 deg C 
TMB Critical Temperature (FPGA)       = 127 deg C 
RAT Critical Temperature (PCB)        = 0 deg C 
RAT Critical Temperature (Heat Sink)  = 0 deg C 
ADC voltages and temperatures -> FAIL <-
CLCT0 data = 0x0
CLCT1 data = 0x0
2022-04-01 08:01:46 Button: TMBUtils: ME+1/1/1, TMB slot=8
TMB 0
2022-04-01 08:01:48 Button: TMBUtils: ME+1/1/1, TMB slot=8
TMB 0
2022-04-01 08:01:50 Button: TMBUtils: ME+1/1/1, TMB slot=8
Name of Logger is 10.119.64.4.p:20016.emu::pc::EmuPeripheralCrateConfig.instance(0)
01 Apr 2022 13:01:57.647 [140412781487872] INFO  10.119.64.4.p:20016.emu::pc::EmuPeripheralCrateConfig.instance(0) <> - EmuPeripheralCrate ready
Main Page: 1/1 Crates at 2022-04-01 08:01:57
Terminating...
