iMPACT Version: 14.7

iMPACT log file Started on Tue Jul  3 11:56:11 2018

Welcome to iMPACT
iMPACT Version: 14.7
// *** BATCH CMD : setMode -bs
// *** BATCH CMD : setMode -ss
// *** BATCH CMD : setMode -sm
// *** BATCH CMD : setMode -hw140
// *** BATCH CMD : setMode -spi
// *** BATCH CMD : setMode -acecf
// *** BATCH CMD : setMode -acempm
// *** BATCH CMD : setMode -pff
// *** BATCH CMD : loadProjectFile -file"/home/cscdev/XilinxProj/otmb_mcs_download.ipf"
Enumerating cables. Please wait.
Connecting to cable (Usb Port - USB21).
Checking cable driver.
 Using libusb.
 Kernel release = 2.6.32-642.el6.x86_64.
=======================================================
Found cable - > ESN = 000018110F0F01.
=======================================================
Connecting to cable (Usb Port - USB22).
Checking cable driver.
 Using libusb.
 Kernel release = 2.6.32-642.el6.x86_64.
Connecting to cable (Usb Port - USB21).
Checking cable driver.
File version of/home/cscdev/Xilinx/Xilinx_Installed/14.7/ISE_DS/ISE/bin/lin64/xusbdfwu.hex =1030.
File version of /etc/hotplug/usb/xusbdfwu.fw/xusbdfwu.hex = 1030.
 Using libusb.
 Kernel release = 2.6.32-642.el6.x86_64.
 Max current requested during enumeration is 300 mA.
Type = 0x0005.
 Cable Type = 3, Revision = 0.
 Setting cable speed to 6 MHz.
Cable connection established.
Firmware version = 2401.
File version of/home/cscdev/Xilinx/Xilinx_Installed/14.7/ISE_DS/ISE/data/xusb_xp2.hex = 2401.
Firmware hex file version = 2401.
PLD file version = 200Dh.
 PLD version = 200Dh.
Type = 0x0005.
ESN option: 000018110F0F01.
INFO:iMPACT - Failed to open file: -- File ? --, replace with 'bypass'.
INFO:iMPACT:1777 - 
   Reading   /home/cscdev/Xilinx/Xilinx_Installed/14.7/ISE_DS/ISE/virtex6/data/xc6vlx240t.   bsd...
INFO:iMPACT:501 - '1': Added Device xc6vlx240t successfully.
----------------------------------------------------------------------
INFO:iMPACT - A CFI file is not detected. To ensure correct and safe   configuration,
    Please make sure a CFI file is present in the same directory as the PROM   file,
    or, regenerate the PROM file with the latest software.
Active mode is BS
// *** BATCH CMD : setMode -ss
// *** BATCH CMD : setMode -sm
// *** BATCH CMD : setMode -hw140
// *** BATCH CMD : setMode -spi
// *** BATCH CMD : setMode -acecf
// *** BATCH CMD : setMode -acempm
// *** BATCH CMD : setMode -pff
// *** BATCH CMD : setMode -bs
// *** BATCH CMD : attachflash -position 1 -bpi "XCF128X"
// *** BATCH CMD : setMode -bs
INFO:iMPACT - File /home/cscdev/XilinxProj/ProdTestMCS/NewTAMU-UCLA-240t.cfi   does not exist.
Selected part: XCF128X
// *** BATCH CMD : attachflash -position 1 -bpi "XCF128X"
// *** BATCH CMD : assignfiletoattachedflash -position 1 -file"/home/cscdev/XilinxProj/ProdTestMCS/NewTAMU-UCLA-240t.mcs"
INFO:iMPACT - A CFI file is not detected. To ensure correct and safe   configuration,
    Please make sure a CFI file is present in the same directory as the PROM   file,
    or, regenerate the PROM file with the latest software.
INFO:iMPACT - Current time: 7/3/18 12:00 PM
// *** BATCH CMD : ReadUsercode -p 1 
Maximum TCK operating frequency for this device chain: 66000000.
Validating chain...
Boundary-scan chain validated successfully.
1: Device Temperature: Current Reading:   40.53 C, Min. Reading:   25.77 C, Max.Reading:   40.53 C
1: VCCINT Supply: Current Reading:   1.008 V, Min. Reading:   1.008 V, Max.Reading:   1.017 V
1: VCCAUX Supply: Current Reading:   2.613 V, Min. Reading:   2.613 V, Max.Reading:   2.619 V
'1': Usercode is 'f005be30'
INFO:iMPACT - Current time: 7/3/18 12:01 PM
// *** BATCH CMD : ReadUsercode -p 1 
Maximum TCK operating frequency for this device chain: 66000000.
Validating chain...
Boundary-scan chain validated successfully.
1: Device Temperature: Current Reading:   41.52 C, Min. Reading:   25.77 C, Max.Reading:   41.52 C
1: VCCINT Supply: Current Reading:   1.008 V, Min. Reading:   1.008 V, Max.Reading:   1.017 V
1: VCCAUX Supply: Current Reading:   2.616 V, Min. Reading:   2.613 V, Max.Reading:   2.619 V
'1': Usercode is 'f005be30'
INFO:iMPACT - Current time: 7/3/18 12:03 PM
// *** BATCH CMD : Program -p 1 -dataWidth 16 -rs1 NONE -rs0 NONE -bpionly -e-loadfpga 
PROGRESS_START - Starting Operation.
Maximum TCK operating frequency for this device chain: 66000000.
Validating chain...
Boundary-scan chain validated successfully.
1: Device Temperature: Current Reading:   42.01 C, Min. Reading:   25.77 C, Max.Reading:   42.50 C
1: VCCINT Supply: Current Reading:   1.008 V, Min. Reading:   1.008 V, Max.Reading:   1.017 V
1: VCCAUX Supply: Current Reading:   2.616 V, Min. Reading:   2.613 V, Max.Reading:   2.619 V
'1': BPI access core not detected. BPI access core will be downloaded to thedevice to enable operations.
INFO:iMPACT - Downloading core file   /home/cscdev/Xilinx/Xilinx_Installed/14.7/ISE_DS/ISE/virtex6/data/xc6vlx240t_   jbpi.cor.
'1': Downloading core...
 Match_cycle = NoWait.
Match cycle: NoWait
 LCK_cycle = NoWait.
LCK cycle: NoWait
done.
INFO:iMPACT:2219 - Status register values:
INFO:iMPACT - 0011 1111 0111 1110 0000 1000 0100 1000 
INFO:iMPACT:2492 - '1': Completed downloading core to device.
Current cable speed is set to 6.000 Mhz.
Cable speed is default to 3Mhz or lower for BPI operations.
Current cable speed is set to 3.000 Mhz.
Setting Flash Control Pins ...
Setting Configuration Register ...
Populating BPI common flash interface ...
Common Flash Interface Information Query completed successfully.
INFO:iMPACT - Common Flash Interface Information from Device:
INFO:iMPACT - Verification string:	 51 52 59
INFO:iMPACT - Manufacturer ID:    	 49 
INFO:iMPACT - Vendor ID:          	 01 
INFO:iMPACT - Device Code:        	 18 
Setting Flash Control Pins ...
Using x16 mode ...
Setting Flash Control Pins ...
Setting Configuration Register ...
'1': Erasing device...
'1': Start address = 0x00000000, End address = 0x008CE03B.
done.
'1': Erasure completed successfully.
Setting Flash Control Pins ...
Using x16 mode ...
Setting Flash Control Pins ...
Setting Configuration Register ...
INFO:iMPACT - Using Word Programming.
'1': Programming Flash.
done.
Setting Flash Control Pins ...
'1': Flash Programming completed successfully.
Current cable speed is resumed to 6.000 Mhz.
INFO:iMPACT:188 - '1': Programming completed successfully.
 Match_cycle = NoWait.
Match cycle: NoWait
 LCK_cycle = NoWait.
LCK cycle: NoWait
INFO:iMPACT - '1': Checking done pin....done.
'1': Programmed successfully.
PROGRESS_END - End Operation.
Elapsed time =    675 sec.
INFO:iMPACT - Current time: 7/3/18 12:15 PM
// *** BATCH CMD : ReadUsercode -p 1 
Maximum TCK operating frequency for this device chain: 66000000.
Validating chain...
Boundary-scan chain validated successfully.
1: Device Temperature: Current Reading:   36.59 C, Min. Reading:   33.64 C, Max.Reading:   37.09 C
1: VCCINT Supply: Current Reading:   1.008 V, Min. Reading:   1.008 V, Max.Reading:   1.014 V
1: VCCAUX Supply: Current Reading:   2.613 V, Min. Reading:   2.610 V, Max.Reading:   2.616 V
'1': Usercode is '09042013'
INFO:iMPACT - User_EnvOsname: 'ScientificCERNSLC'
INFO:iMPACT - User_EnvOsrelease: 'Scientific Linux CERN SLC release 6.8   (Carbon)'
// *** BATCH CMD : setMode -bs
INFO:iMPACT - Launching WebTalk, please refer to the webtalk log at   /home/cscdev/XilinxProj/webtalk.log for details.
INFO:iMPACT - Running wbtc successfully.
// *** BATCH CMD : setMode -bs
// *** BATCH CMD : deleteDevice -position 1
// *** BATCH CMD : setMode -bs
// *** BATCH CMD : setMode -ss
// *** BATCH CMD : setMode -sm
// *** BATCH CMD : setMode -hw140
// *** BATCH CMD : setMode -spi
// *** BATCH CMD : setMode -acecf
// *** BATCH CMD : setMode -acempm
// *** BATCH CMD : setMode -pff
