07 Apr 2023 21:17:47.447 [140338146252992] INFO  10.119.64.4.p:20016 <> - xdaq version: 05.05.01, compiled on Sep  1 2020 at 11:43:19, 64bit
07 Apr 2023 21:17:47.449 [140338146252992] INFO  10.119.64.4.p:20016 <> - Loaded profile: /home/cscdev/EMULIB_V15_Master_mod_by_Kyla/xml/default.profile_cc7_noXMAS
07 Apr 2023 21:17:47.450 [140338146252992] INFO  10.119.64.4.p:20016 <> - core::i2outils version: 04.00.00, compiled on Apr  1 2020 at 10:26:48
07 Apr 2023 21:17:47.451 [140338146252992] INFO  10.119.64.4.p:20016 <> - core::b2innub version: 02.05.02, compiled on Sep  1 2020 at 11:45:05
07 Apr 2023 21:17:47.453 [140338146252992] INFO  10.119.64.4.p:20016 <> - core::executive version: 04.01.01, compiled on Sep  1 2020 at 11:44:41
07 Apr 2023 21:17:47.457 [140338146252992] INFO  10.119.64.4.p:20016 <> - core::pthttp version: 04.06.00, compiled on Apr  1 2020 at 10:26:53
07 Apr 2023 21:17:47.459 [140338146252992] INFO  10.119.64.4.p:20016 <> - core::ptfifo version: 04.03.01, compiled on Apr  1 2020 at 10:27:22
07 Apr 2023 21:17:47.460 [140338146252992] INFO  10.119.64.4.p:20016 <> - core::xrelay version: 04.01.00, compiled on Apr  1 2020 at 10:27:55
07 Apr 2023 21:17:47.463 [140338146252992] INFO  10.119.64.4.p:20016 <> - core::hyperdaq version: 05.03.00, compiled on Apr  1 2020 at 10:27:53
07 Apr 2023 21:17:47.464 [140338146252992] INFO  10.119.64.4.p:20016 <> - worksuite::sentinelutils version: 02.04.00, compiled on Oct 27 2020 at 11:45:31
07 Apr 2023 21:17:47.484 [140338146252992] WARN  10.119.64.4.p:20016 <> - Could not perform version checking on module file://opt/xdaq/lib/libxalan-c.so, version declaration missing.
07 Apr 2023 21:17:47.484 [140338146252992] WARN  10.119.64.4.p:20016 <> - Could not perform version checking on module file://opt/xdaq/lib/libxalanMsg.so, version declaration missing.
07 Apr 2023 21:17:47.485 [140338146252992] INFO  10.119.64.4.p:20016 <> - emu::emusoap version: 15.04.00, compiled on Nov  4 2022 at 12:53:28
07 Apr 2023 21:17:47.485 [140338146252992] DEBUG 10.119.64.4.p:20016 <> - Create application descriptor for class: executive::Application id: 0
07 Apr 2023 21:17:47.489 [140338146252992] INFO  10.119.64.4.p:20016.executive::Application.lid(0) <> - Log URL not set (was already console)
07 Apr 2023 21:17:47.489 [140338146252992] INFO  10.119.64.4.p:20016.executive::Application.lid(0) <> - Changed Log level to INFO
07 Apr 2023 21:17:47.491 [140338146252992] INFO  10.119.64.4.p:20016.pt::http::PeerTransportHTTP.lid(1) <> - Adding header Access-Control-Allow-Origin:*
07 Apr 2023 21:17:47.491 [140338146252992] INFO  10.119.64.4.p:20016.pt::http::PeerTransportHTTP.lid(1) <> - Adding header Access-Control-Allow-Methods:POST, GET, OPTIONS
07 Apr 2023 21:17:47.492 [140338146252992] INFO  10.119.64.4.p:20016.pt::http::PeerTransportHTTP.lid(1) <> - Adding header Access-Control-Allow-Headers:x-requested-with
07 Apr 2023 21:17:47.492 [140338146252992] INFO  10.119.64.4.p:20016.pt::http::PeerTransportHTTP.lid(1) <> - Adding expire rule image/png:PT4300H
07 Apr 2023 21:17:47.492 [140338146252992] INFO  10.119.64.4.p:20016.pt::http::PeerTransportHTTP.lid(1) <> - Adding expire rule image/jpg:PT4300H
07 Apr 2023 21:17:47.492 [140338146252992] INFO  10.119.64.4.p:20016.pt::http::PeerTransportHTTP.lid(1) <> - Adding expire rule image/gif:PT4300H
07 Apr 2023 21:17:47.492 [140338146252992] INFO  10.119.64.4.p:20016.pt::http::PeerTransportHTTP.lid(1) <> - Adding expire rule application/x-shockwave-flash:PT120H
07 Apr 2023 21:17:47.492 [140338146252992] INFO  10.119.64.4.p:20016.pt::http::PeerTransportHTTP.lid(1) <> - Adding expire rule application/font-woff:PT8600H
07 Apr 2023 21:17:47.492 [140338146252992] INFO  10.119.64.4.p:20016.pt::http::PeerTransportHTTP.lid(1) <> - Adding expire rule text/css:PT4300H
07 Apr 2023 21:17:47.492 [140338146252992] INFO  10.119.64.4.p:20016.pt::http::PeerTransportHTTP.lid(1) <> - No security policies on this server
07 Apr 2023 21:17:47.494 [140338146252992] INFO  10.119.64.4.p:20016 <> - worksuite::xdaq2rc version: 01.11.00, compiled on Apr  1 2020 at 11:21:41
07 Apr 2023 21:17:47.494 [140338146252992] INFO  10.119.64.4.p:20016 <> - worksuite::tstoreclient version: 01.17.01, compiled on Apr  1 2020 at 11:40:16
07 Apr 2023 21:17:47.494 [140338146252992] WARN  10.119.64.4.p:20016 <> - Could not perform version checking on module file://opt/xdaq/lib/libxalanMsg.so, version declaration missing.
07 Apr 2023 21:17:47.506 [140338146252992] WARN  10.119.64.4.p:20016 <> - Could not perform version checking on module file://opt/xdaq/lib/libxalan-c.so, version declaration missing.
07 Apr 2023 21:17:47.508 [140338146252992] INFO  10.119.64.4.p:20016 <> - emu::emubase version: 15.04.00, compiled on Nov  4 2022 at 12:53:40
07 Apr 2023 21:17:47.508 [140338146252992] INFO  10.119.64.4.p:20016 <> - emu::emusoap version: 15.04.00, compiled on Nov  4 2022 at 12:53:28
07 Apr 2023 21:17:47.510 [140338146252992] INFO  10.119.64.4.p:20016 <> - emu::EmuPeripheralCore version: 15.05.00, compiled on Nov  7 2022 at 17:16:16
07 Apr 2023 21:17:47.512 [140338146252992] INFO  10.119.64.4.p:20016 <> - emu::EmuOnlineDB version: 15.05.00, compiled on Nov  7 2022 at 17:16:16
07 Apr 2023 21:17:47.517 [140338146252992] INFO  10.119.64.4.p:20016 <> - emu::EmuPeripheralApps version: 15.05.00, compiled on Nov  7 2022 at 17:16:17
07 Apr 2023 21:17:47.522 [140338146252992] WARN  10.119.64.4.p:20016 <> - Could not perform version checking on module file://home/cscdev/EMULIB_V15_Master_mod_by_Kyla/emu/emuDCS/CSCGEMTestStand/lib/linux/x86_64_cc7/libEmuCSCGEMTestStand.so, version declaration missing.
07 Apr 2023 21:17:47.522 [140338146252992] INFO  10.119.64.4.p:20016.emu::pc::EmuPeripheralCrateConfig.instance(0) <> - Supervised
07 Apr 2023 21:17:47.523 [140338146252992] INFO  10.119.64.4.p:20016.emu::pc::CSCGEMTestApplication.instance(0) <> - Supervised
Number of sec since January 1,1970 is:: 1680902267
Year:2023
Month: 4
Day: 7
Time: 21:47:47
Doesn't Exists
....Successfully Created !
Save Dir = 107 Apr 2023 21:17:47.525 [140338146252992] INFO  10.119.64.4.p:20016 <> - Ready.
Terminating...
