In Makefile.fallbacks: guessing/checking values
XDAQ_ROOT="/opt/xdaq"
XDAQ_OS already set to "linux"
XDAQ_PLATFORM already set to "x86_64_cc7"
Guessed undefined XDAQ_PLATFORM to "x86_64_cc7"
Calling make all in directory /home/cscdev/EMULIB_V15_Master/emu/emuDCS/PeripheralCore/.loop using install
Calling make all in directory /home/cscdev/EMULIB_V15_Master/emu/emuDCS/PeripheralApps/.loop using install
Calling make all in directory /home/cscdev/EMULIB_V15_Master/emu/emuDCS/PeripheralXtop/.loop using install
Calling make all in directory /home/cscdev/EMULIB_V15_Master/emu/emuDCS/OnlineDB/.loop using install
In Makefile.fallbacks: guessing/checking values
In Makefile.fallbacks: guessing/checking values
Calling make all in directory /home/cscdev/EMULIB_V15_Master/emu/emuDCS/FEDCore/.loop using install
In Makefile.fallbacks: guessing/checking values
XDAQ_ROOT="/opt/xdaq"
In Makefile.fallbacks: guessing/checking values
Calling make all in directory /home/cscdev/EMULIB_V15_Master/emu/emuDCS/FEDUtils/.loop using install
XDAQ_ROOT="/opt/xdaq"
Calling make all in directory /home/cscdev/EMULIB_V15_Master/emu/emuDCS/FEDApps/.loop using install
XDAQ_ROOT="/opt/xdaq"
In Makefile.fallbacks: guessing/checking values
XDAQ_OS already set to "linux"
XDAQ_ROOT="/opt/xdaq"
XDAQ_OS already set to "linux"
XDAQ_OS already set to "linux"
XDAQ_PLATFORM already set to "x86_64_cc7"
In Makefile.fallbacks: guessing/checking values
XDAQ_PLATFORM already set to "x86_64_cc7"
In Makefile.fallbacks: guessing/checking values
XDAQ_OS already set to "linux"
XDAQ_PLATFORM already set to "x86_64_cc7"
Guessed undefined XDAQ_PLATFORM to "x86_64_cc7"
XDAQ_ROOT="/opt/xdaq"
XDAQ_ROOT="/opt/xdaq"
Guessed undefined XDAQ_PLATFORM to "x86_64_cc7"
XDAQ_PLATFORM already set to "x86_64_cc7"
XDAQ_ROOT="/opt/xdaq"
XDAQ_OS already set to "linux"
Guessed undefined XDAQ_PLATFORM to "x86_64_cc7"
XDAQ_OS already set to "linux"
XDAQ_OS already set to "linux"
Guessed undefined XDAQ_PLATFORM to "x86_64_cc7"
XDAQ_PLATFORM already set to "x86_64_cc7"
XDAQ_PLATFORM already set to "x86_64_cc7"
XDAQ_PLATFORM already set to "x86_64_cc7"
Guessed undefined XDAQ_PLATFORM to "x86_64_cc7"
Guessed undefined XDAQ_PLATFORM to "x86_64_cc7"
Guessed undefined XDAQ_PLATFORM to "x86_64_cc7"
awk: cmd. line:1: fatal: cannot open file `/home/cscdev/EMULIB_V15_Master/emu/emuDCS/PeripheralXtop/include/emu/emuDCS/PeripheralXtop/version.h' for reading (No such file or directory)
awk: cmd. line:1: fatal: cannot open file `/home/cscdev/EMULIB_V15_Master/emu/emuDCS/PeripheralCore/include/emu/emuDCS/PeripheralCore/version.h' for reading (No such file or directory)
awk: cmd. line:1: fatal: cannot open file `/home/cscdev/EMULIB_V15_Master/emu/emuDCS/FEDUtils/include/emu/emuDCS/FEDUtils/version.h' for reading (No such file or directory)
awk: cmd. line:1: fatal: cannot open file `/home/cscdev/EMULIB_V15_Master/emu/emuDCS/FEDCore/include/emu/emuDCS/FEDCore/version.h' for reading (No such file or directory)
awk: cmd. line:1: fatal: cannot open file `/home/cscdev/EMULIB_V15_Master/emu/emuDCS/FEDApps/include/emu/emuDCS/FEDApps/version.h' for reading (No such file or directory)
awk: cmd. line:1: fatal: cannot open file `/home/cscdev/EMULIB_V15_Master/emu/emuDCS/OnlineDB/include/emu/emuDCS/OnlineDB/version.h' for reading (No such file or directory)
awk: cmd. line:1: fatal: cannot open file `/home/cscdev/EMULIB_V15_Master/emu/emuDCS/PeripheralApps/include/emu/emuDCS/PeripheralApps/version.h' for reading (No such file or directory)
awk: cmd. line:1: fatal: cannot open file `/home/cscdev/EMULIB_V15_Master/emu/emuDCS/PeripheralXtop/include/emu/emuDCS/PeripheralXtop/version.h' for reading (No such file or directory)
awk: cmd. line:1: fatal: cannot open file `/home/cscdev/EMULIB_V15_Master/emu/emuDCS/PeripheralCore/include/emu/emuDCS/PeripheralCore/version.h' for reading (No such file or directory)
awk: cmd. line:1: fatal: cannot open file `/home/cscdev/EMULIB_V15_Master/emu/emuDCS/FEDUtils/include/emu/emuDCS/FEDUtils/version.h' for reading (No such file or directory)
make[1]: Entering directory `/home/cscdev/EMULIB_V15_Master/emu/emuDCS/PeripheralCore'
awk: cmd. line:1: fatal: cannot open file `/home/cscdev/EMULIB_V15_Master/emu/emuDCS/FEDCore/include/emu/emuDCS/FEDCore/version.h' for reading (No such file or directory)
awk: cmd. line:1: fatal: cannot open file `/home/cscdev/EMULIB_V15_Master/emu/emuDCS/FEDApps/include/emu/emuDCS/FEDApps/version.h' for reading (No such file or directory)
Build done.
install -d /home/cscdev/EMULIB_V15_Master/x86_64_cc7/lib /home/cscdev/EMULIB_V15_Master/x86_64_cc7/bin /home/cscdev/EMULIB_V15_Master/x86_64_cc7/include /home/cscdev/EMULIB_V15_Master/x86_64_cc7/htdocs
cd include; find ./ \( -name "*.[hi]" -o -name "*.hpp" -o -name "*.hh" -o -name "*.hxx" \) -type f -exec install -p -D {} /home/cscdev/EMULIB_V15_Master/x86_64_cc7/include/{} \;
echo Installing dynamic library.
cp -pd -p /home/cscdev/EMULIB_V15_Master/emu/emuDCS/PeripheralCore/lib/linux/x86_64_cc7/libEmuPeripheralCore.so* /home/cscdev/EMULIB_V15_Master/x86_64_cc7/lib/
make[1]: Entering directory `/home/cscdev/EMULIB_V15_Master/emu/emuDCS/FEDUtils'
make[1]: Entering directory `/home/cscdev/EMULIB_V15_Master/emu/emuDCS/FEDCore'
Build done.
install -d /home/cscdev/EMULIB_V15_Master/x86_64_cc7/lib /home/cscdev/EMULIB_V15_Master/x86_64_cc7/bin /home/cscdev/EMULIB_V15_Master/x86_64_cc7/include /home/cscdev/EMULIB_V15_Master/x86_64_cc7/htdocs
cd include; find ./ \( -name "*.[hi]" -o -name "*.hpp" -o -name "*.hh" -o -name "*.hxx" \) -type f -exec install -p -D {} /home/cscdev/EMULIB_V15_Master/x86_64_cc7/include/{} \;
echo  Installing xml files.
mkdir -p /home/cscdev/EMULIB_V15_Master/x86_64_cc7/htdocs/emu/emuDCS/FEDUtils/xml
cd /home/cscdev/EMULIB_V15_Master/emu/emuDCS/FEDUtils/xml; find ./ -name "*" -type f -exec install -D -m 655 {} /home/cscdev/EMULIB_V15_Master/x86_64_cc7/htdocs/emu/emuDCS/FEDUtils/xml/{} \;
echo Installing dynamic library.
cp -pd -p /home/cscdev/EMULIB_V15_Master/emu/emuDCS/FEDUtils/lib/linux/x86_64_cc7/libEmuFEDUtils.so* /home/cscdev/EMULIB_V15_Master/x86_64_cc7/lib/
Build done.
awk: cmd. line:1: fatal: cannot open file `/home/cscdev/EMULIB_V15_Master/emu/emuDCS/OnlineDB/include/emu/emuDCS/OnlineDB/version.h' for reading (No such file or directory)
install -d /home/cscdev/EMULIB_V15_Master/x86_64_cc7/lib /home/cscdev/EMULIB_V15_Master/x86_64_cc7/bin /home/cscdev/EMULIB_V15_Master/x86_64_cc7/include /home/cscdev/EMULIB_V15_Master/x86_64_cc7/htdocs
cd include; find ./ \( -name "*.[hi]" -o -name "*.hpp" -o -name "*.hh" -o -name "*.hxx" \) -type f -exec install -p -D {} /home/cscdev/EMULIB_V15_Master/x86_64_cc7/include/{} \;
echo Installing dynamic library.
cp -pd -p /home/cscdev/EMULIB_V15_Master/emu/emuDCS/FEDCore/lib/linux/x86_64_cc7/libEmuFEDCore.so* /home/cscdev/EMULIB_V15_Master/x86_64_cc7/lib/
make[1]: Entering directory `/home/cscdev/EMULIB_V15_Master/emu/emuDCS/FEDApps'
Build done.
install -d /home/cscdev/EMULIB_V15_Master/x86_64_cc7/lib /home/cscdev/EMULIB_V15_Master/x86_64_cc7/bin /home/cscdev/EMULIB_V15_Master/x86_64_cc7/include /home/cscdev/EMULIB_V15_Master/x86_64_cc7/htdocs
cd include; find ./ \( -name "*.[hi]" -o -name "*.hpp" -o -name "*.hh" -o -name "*.hxx" \) -type f -exec install -p -D {} /home/cscdev/EMULIB_V15_Master/x86_64_cc7/include/{} \;
echo Installing image files.
mkdir -p /home/cscdev/EMULIB_V15_Master/x86_64_cc7/htdocs/emu/emuDCS/FEDApps/images
cd /home/cscdev/EMULIB_V15_Master/emu/emuDCS/FEDApps/images; find ./ -name "*" -type f -exec install -D -m 655 {} /home/cscdev/EMULIB_V15_Master/x86_64_cc7/htdocs/emu/emuDCS/FEDApps/images/{} \;
echo Installing html files.
mkdir -p /home/cscdev/EMULIB_V15_Master/x86_64_cc7/htdocs/emu/emuDCS/FEDApps/html
cd /home/cscdev/EMULIB_V15_Master/emu/emuDCS/FEDApps/html; find ./ -name "*" -type f -exec install -D -m 655 {} /home/cscdev/EMULIB_V15_Master/x86_64_cc7/htdocs/emu/emuDCS/FEDApps/html/{} \;
echo Installing dynamic library.
cp -pd -p /home/cscdev/EMULIB_V15_Master/emu/emuDCS/FEDApps/lib/linux/x86_64_cc7/libEmuFEDApps.so* /home/cscdev/EMULIB_V15_Master/x86_64_cc7/lib/
awk: cmd. line:1: fatal: cannot open file `/home/cscdev/EMULIB_V15_Master/emu/emuDCS/PeripheralApps/include/emu/emuDCS/PeripheralApps/version.h' for reading (No such file or directory)
Installing dynamic library.
make[1]: Leaving directory `/home/cscdev/EMULIB_V15_Master/emu/emuDCS/FEDCore'
make[1]: Entering directory `/home/cscdev/EMULIB_V15_Master/emu/emuDCS/PeripheralXtop'
Build done.
install -d /home/cscdev/EMULIB_V15_Master/x86_64_cc7/lib /home/cscdev/EMULIB_V15_Master/x86_64_cc7/bin /home/cscdev/EMULIB_V15_Master/x86_64_cc7/include /home/cscdev/EMULIB_V15_Master/x86_64_cc7/htdocs
cd include; find ./ \( -name "*.[hi]" -o -name "*.hpp" -o -name "*.hh" -o -name "*.hxx" \) -type f -exec install -p -D {} /home/cscdev/EMULIB_V15_Master/x86_64_cc7/include/{} \;
echo Installing dynamic library.
cp -pd -p /home/cscdev/EMULIB_V15_Master/emu/emuDCS/PeripheralXtop/lib/linux/x86_64_cc7/libEmuPeripheralXtop.so* /home/cscdev/EMULIB_V15_Master/x86_64_cc7/lib/
make[1]: Entering directory `/home/cscdev/EMULIB_V15_Master/emu/emuDCS/OnlineDB'
Build done.
install -d /home/cscdev/EMULIB_V15_Master/x86_64_cc7/lib /home/cscdev/EMULIB_V15_Master/x86_64_cc7/bin /home/cscdev/EMULIB_V15_Master/x86_64_cc7/include /home/cscdev/EMULIB_V15_Master/x86_64_cc7/htdocs
cd include; find ./ \( -name "*.[hi]" -o -name "*.hpp" -o -name "*.hh" -o -name "*.hxx" \) -type f -exec install -p -D {} /home/cscdev/EMULIB_V15_Master/x86_64_cc7/include/{} \;
echo Installing html files.
mkdir -p /home/cscdev/EMULIB_V15_Master/x86_64_cc7/htdocs/emu/emuDCS/OnlineDB/html
cd /home/cscdev/EMULIB_V15_Master/emu/emuDCS/OnlineDB/html; find ./ -name "*" -type f -exec install -D -m 655 {} /home/cscdev/EMULIB_V15_Master/x86_64_cc7/htdocs/emu/emuDCS/OnlineDB/html/{} \;
echo Installing scripts files.
mkdir -p /home/cscdev/EMULIB_V15_Master/x86_64_cc7/scripts/emu/emuDCS/OnlineDB/scripts
cd /home/cscdev/EMULIB_V15_Master/emu/emuDCS/OnlineDB/scripts; find ./ -name "*" -type f -exec install -D -m 655 {} /home/cscdev/EMULIB_V15_Master/x86_64_cc7/scripts/emu/emuDCS/OnlineDB/scripts/{} \;
echo  Installing xml files.
mkdir -p /home/cscdev/EMULIB_V15_Master/x86_64_cc7/htdocs/emu/emuDCS/OnlineDB/xml
cd /home/cscdev/EMULIB_V15_Master/emu/emuDCS/OnlineDB/xml; find ./ -name "*" -type f -exec install -D -m 655 {} /home/cscdev/EMULIB_V15_Master/x86_64_cc7/htdocs/emu/emuDCS/OnlineDB/xml/{} \;
echo Installing dynamic library.
cp -pd -p /home/cscdev/EMULIB_V15_Master/emu/emuDCS/OnlineDB/lib/linux/x86_64_cc7/libEmuOnlineDB.so* /home/cscdev/EMULIB_V15_Master/x86_64_cc7/lib/
Installing image files.
Installing dynamic library.
Installing xml files.
make[1]: Leaving directory `/home/cscdev/EMULIB_V15_Master/emu/emuDCS/PeripheralXtop'
make[1]: Entering directory `/home/cscdev/EMULIB_V15_Master/emu/emuDCS/PeripheralApps'
Installing dynamic library.
Installing dynamic library.
Build done.
install -d /home/cscdev/EMULIB_V15_Master/x86_64_cc7/lib /home/cscdev/EMULIB_V15_Master/x86_64_cc7/bin /home/cscdev/EMULIB_V15_Master/x86_64_cc7/include /home/cscdev/EMULIB_V15_Master/x86_64_cc7/htdocs
cd include; find ./ \( -name "*.[hi]" -o -name "*.hpp" -o -name "*.hh" -o -name "*.hxx" \) -type f -exec install -p -D {} /home/cscdev/EMULIB_V15_Master/x86_64_cc7/include/{} \;
echo  Installing xml files.
mkdir -p /home/cscdev/EMULIB_V15_Master/x86_64_cc7/htdocs/emu/emuDCS/PeripheralApps/xml
cd /home/cscdev/EMULIB_V15_Master/emu/emuDCS/PeripheralApps/xml; find ./ -name "*" -type f -exec install -D -m 655 {} /home/cscdev/EMULIB_V15_Master/x86_64_cc7/htdocs/emu/emuDCS/PeripheralApps/xml/{} \;
echo Installing dynamic library.
cp -pd -p /home/cscdev/EMULIB_V15_Master/emu/emuDCS/PeripheralApps/lib/linux/x86_64_cc7/libEmuPeripheralApps.so* /home/cscdev/EMULIB_V15_Master/x86_64_cc7/lib/
make[1]: Leaving directory `/home/cscdev/EMULIB_V15_Master/emu/emuDCS/FEDUtils'
make[1]: Leaving directory `/home/cscdev/EMULIB_V15_Master/emu/emuDCS/PeripheralCore'
Installing html files.
Installing scripts files.
Installing xml files.
Installing xml files.
Installing html files.
Installing dynamic library.
make[1]: Leaving directory `/home/cscdev/EMULIB_V15_Master/emu/emuDCS/OnlineDB'
Installing dynamic library.
make[1]: Leaving directory `/home/cscdev/EMULIB_V15_Master/emu/emuDCS/FEDApps'
Installing dynamic library.
make[1]: Leaving directory `/home/cscdev/EMULIB_V15_Master/emu/emuDCS/PeripheralApps'
